BL51 BANKED LINKER/LOCATER V6.22                                                        09/20/2021  18:29:20  PAGE 1


BL51 BANKED LINKER/LOCATER V6.22, INVOKED BY:
C:\KEIL\C51\BIN\BL51.EXE  STARTUP.obj, LEDMATRIX.obj TO I2C


INPUT MODULES INCLUDED:
  STARTUP.obj (?C_STARTUP)
  LEDMATRIX.obj (LEDMATRIX)


LINK MAP OF MODULE:  I2C (?C_STARTUP)


            TYPE    BASE      LENGTH    RELOCATION   SEGMENT NAME
            -----------------------------------------------------

            * * * * * * *   D A T A   M E M O R Y   * * * * * * *
            REG     0000H     0008H     ABSOLUTE     "REG BANK 0"
            IDATA   0008H     0001H     UNIT         ?STACK

            * * * * * * *   C O D E   M E M O R Y   * * * * * * *
            CODE    0000H     0003H     ABSOLUTE     
* OVERLAP * CODE    0000H     0530H     ABSOLUTE     
            CODE    0530H     000CH     UNIT         ?C_C51STARTUP



UNRESOLVED EXTERNAL SYMBOLS:
   ?C_START



SYMBOL TABLE OF MODULE:  I2C (?C_STARTUP)

  VALUE           TYPE          NAME
  ----------------------------------

  -------         MODULE        ?C_STARTUP
  C:0530H         SEGMENT       ?C_C51STARTUP
  I:0008H         SEGMENT       ?STACK
  C:0000H         PUBLIC        ?C_STARTUP
  D:00E0H         SYMBOL        ACC
  D:00F0H         SYMBOL        B
  D:0083H         SYMBOL        DPH
  D:0082H         SYMBOL        DPL
  N:0000H         SYMBOL        IBPSTACK
  N:0100H         SYMBOL        IBPSTACKTOP
  N:0080H         SYMBOL        IDATALEN
  C:0533H         SYMBOL        IDATALOOP
  N:0000H         SYMBOL        PBPSTACK
  N:0100H         SYMBOL        PBPSTACKTOP
  N:0000H         SYMBOL        PDATALEN
  N:0000H         SYMBOL        PDATASTART
  N:0000H         SYMBOL        PPAGE
  N:0000H         SYMBOL        PPAGEENABLE
  D:00A0H         SYMBOL        PPAGE_SFR
  D:0081H         SYMBOL        SP
  C:0530H         SYMBOL        STARTUP1
  N:0000H         SYMBOL        XBPSTACK
BL51 BANKED LINKER/LOCATER V6.22                                                      09/20/2021  18:29:20  PAGE 2


  N:0000H         SYMBOL        XBPSTACKTOP
  N:0000H         SYMBOL        XDATALEN
  N:0000H         SYMBOL        XDATASTART
  C:0000H         LINE#         126
  C:0530H         LINE#         133
  C:0532H         LINE#         134
  C:0533H         LINE#         135
  C:0534H         LINE#         136
  C:0536H         LINE#         185
  C:0539H         LINE#         196
  -------         ENDMOD        ?C_STARTUP

  -------         MODULE        LEDMATRIX
  C:0005H         SYMBOL        CT
  C:0026H         SYMBOL        DELAY
  C:002BH         SYMBOL        DELAY1
  D:0082H         SYMBOL        DPL
  C:000AH         SYMBOL        MAIN
  C:0500H         SYMBOL        MALED
  D:0090H         SYMBOL        P1
  D:00A0H         SYMBOL        P2
  C:000FH         SYMBOL        QUETCOT
  B:0088H.5       SYMBOL        TF0
  D:008CH         SYMBOL        TH0
  D:008AH         SYMBOL        TL0
  D:0089H         SYMBOL        TMOD
  B:0088H.4       SYMBOL        TR0
  C:0000H         LINE#         2
  C:0003H         LINE#         3
  C:0005H         LINE#         5
  C:0008H         LINE#         6
  C:000AH         LINE#         8
  C:000CH         LINE#         9
  C:000FH         LINE#         11
  C:0010H         LINE#         12
  C:0011H         LINE#         13
  C:0013H         LINE#         14
  C:0014H         LINE#         15
  C:0016H         LINE#         16
  C:0018H         LINE#         17
  C:0019H         LINE#         18
  C:001BH         LINE#         19
  C:001EH         LINE#         21
  C:001FH         LINE#         22
  C:0021H         LINE#         23
  C:0024H         LINE#         24
  C:0026H         LINE#         26
  C:0028H         LINE#         27
  C:002AH         LINE#         28
  C:002BH         LINE#         30
  C:002EH         LINE#         31
  C:0031H         LINE#         32
  C:0033H         LINE#         33
  C:0036H         LINE#         34
  C:0038H         LINE#         35
  C:003AH         LINE#         36
  -------         ENDMOD        LEDMATRIX
BL51 BANKED LINKER/LOCATER V6.22                                                      09/20/2021  18:29:20  PAGE 3



*** WARNING L5: CODE SPACE MEMORY OVERLAP
    FROM:    0000H
    TO:      0002H

*** WARNING L1: UNRESOLVED EXTERNAL SYMBOL
    SYMBOL:  ?C_START
    MODULE:  STARTUP.obj (?C_STARTUP)

*** WARNING L2: REFERENCE MADE TO UNRESOLVED EXTERNAL
    SYMBOL:  ?C_START
    MODULE:  STARTUP.obj (?C_STARTUP)
    ADDRESS: 053AH

Program Size: data=9.0 xdata=0 code=1343
LINK/LOCATE RUN COMPLETE.  3 WARNING(S),  0 ERROR(S)
