BL51 BANKED LINKER/LOCATER V6.22                                                        02/14/2022  12:13:30  PAGE 1


BL51 BANKED LINKER/LOCATER V6.22, INVOKED BY:
C:\KEIL\C51\BIN\BL51.EXE  STARTUP.obj, SINE.obj TO SINE


INPUT MODULES INCLUDED:
  STARTUP.obj (?C_STARTUP)
  SINE.obj (SINE)


LINK MAP OF MODULE:  SINE (?C_STARTUP)


            TYPE    BASE      LENGTH    RELOCATION   SEGMENT NAME
            -----------------------------------------------------

            * * * * * * *   D A T A   M E M O R Y   * * * * * * *
            REG     0000H     0008H     ABSOLUTE     "REG BANK 0"
            IDATA   0008H     0001H     UNIT         ?STACK

            * * * * * * *   C O D E   M E M O R Y   * * * * * * *
            CODE    0000H     0003H     ABSOLUTE     
* OVERLAP * CODE    0000H     013FH     ABSOLUTE     
            CODE    013FH     000CH     UNIT         ?C_C51STARTUP



UNRESOLVED EXTERNAL SYMBOLS:
   ?C_START



SYMBOL TABLE OF MODULE:  SINE (?C_STARTUP)

  VALUE           TYPE          NAME
  ----------------------------------

  -------         MODULE        ?C_STARTUP
  C:013FH         SEGMENT       ?C_C51STARTUP
  I:0008H         SEGMENT       ?STACK
  C:0000H         PUBLIC        ?C_STARTUP
  D:00E0H         SYMBOL        ACC
  D:00F0H         SYMBOL        B
  D:0083H         SYMBOL        DPH
  D:0082H         SYMBOL        DPL
  N:0000H         SYMBOL        IBPSTACK
  N:0100H         SYMBOL        IBPSTACKTOP
  N:0080H         SYMBOL        IDATALEN
  C:0142H         SYMBOL        IDATALOOP
  N:0000H         SYMBOL        PBPSTACK
  N:0100H         SYMBOL        PBPSTACKTOP
  N:0000H         SYMBOL        PDATALEN
  N:0000H         SYMBOL        PDATASTART
  N:0000H         SYMBOL        PPAGE
  N:0000H         SYMBOL        PPAGEENABLE
  D:00A0H         SYMBOL        PPAGE_SFR
  D:0081H         SYMBOL        SP
  C:013FH         SYMBOL        STARTUP1
  N:0000H         SYMBOL        XBPSTACK
BL51 BANKED LINKER/LOCATER V6.22                                                      02/14/2022  12:13:30  PAGE 2


  N:0000H         SYMBOL        XBPSTACKTOP
  N:0000H         SYMBOL        XDATALEN
  N:0000H         SYMBOL        XDATASTART
  C:0000H         LINE#         126
  C:013FH         LINE#         133
  C:0141H         LINE#         134
  C:0142H         LINE#         135
  C:0143H         LINE#         136
  C:0145H         LINE#         185
  C:0148H         LINE#         196
  -------         ENDMOD        ?C_STARTUP

  -------         MODULE        SINE
  N:0023H         SYMBOL        COUNT_SAW
  N:0021H         SYMBOL        COUNT_SIN
  B:00A8H.7       SYMBOL        EA
  B:00A8H.1       SYMBOL        ET0
  B:00A8H.3       SYMBOL        ET1
  N:0027H         SYMBOL        FREQ
  C:0100H         SYMBOL        F_10
  C:00EAH         SYMBOL        F_20
  C:00D4H         SYMBOL        F_30
  C:00BEH         SYMBOL        F_40
  C:00A8H         SYMBOL        F_50
  C:0092H         SYMBOL        F_60
  C:008AH         SYMBOL        HOLD_TIME
  C:0085H         SYMBOL        MAIN
  D:0090H         SYMBOL        P1
  D:00B0H         SYMBOL        P3
  C:0035H         SYMBOL        QUIT_T0
  C:0053H         SYMBOL        QUIT_T1
  C:0111H         SYMBOL        RELEASE_B
  N:0022H         SYMBOL        SAWTOOTH
  N:0020H         SYMBOL        SINE
  C:0116H         SYMBOL        SINE_WAVE
  C:0055H         SYMBOL        START
  N:0017H         SYMBOL        STEP_10
  N:000BH         SYMBOL        STEP_20
  N:0008H         SYMBOL        STEP_30
  N:0006H         SYMBOL        STEP_40
  N:0005H         SYMBOL        STEP_50
  N:001CH         SYMBOL        STEP_60
  N:0024H         SYMBOL        STEP_SAW
  C:001DH         SYMBOL        T0_INT
  C:003EH         SYMBOL        T1_INT
  D:008CH         SYMBOL        TH0
  D:008DH         SYMBOL        TH1
  D:008AH         SYMBOL        TL0
  D:0089H         SYMBOL        TMOD
  B:0088H.4       SYMBOL        TR0
  B:0088H.6       SYMBOL        TR1
  N:F700H         SYMBOL        T_10
  N:FB80H         SYMBOL        T_20
  N:FD00H         SYMBOL        T_30
  N:FDC0H         SYMBOL        T_40
  N:FE33H         SYMBOL        T_50
  N:FE80H         SYMBOL        T_60
BL51 BANKED LINKER/LOCATER V6.22                                                      02/14/2022  12:13:30  PAGE 3


  N:00B3H         SYMBOL        T_SAW
  N:0026H         SYMBOL        T_SIN_H
  N:0025H         SYMBOL        T_SIN_L
  C:0085H         SYMBOL        WAIT_PRESS
  C:0000H         LINE#         52
  C:000BH         LINE#         57
  C:001BH         LINE#         62
  C:001DH         LINE#         74
  C:001FH         LINE#         75
  C:0022H         LINE#         76
  C:0024H         LINE#         77
  C:0025H         LINE#         78
  C:0027H         LINE#         80
  C:0029H         LINE#         81
  C:002BH         LINE#         84
  C:002DH         LINE#         85
  C:002FH         LINE#         87
  C:0032H         LINE#         88
  C:0035H         LINE#         91
  C:0038H         LINE#         92
  C:003BH         LINE#         93
  C:003DH         LINE#         94
  C:003EH         LINE#         102
  C:0040H         LINE#         103
  C:0042H         LINE#         104
  C:0044H         LINE#         107
  C:0046H         LINE#         108
  C:0048H         LINE#         109
  C:004AH         LINE#         111
  C:004DH         LINE#         112
  C:0050H         LINE#         113
  C:0053H         LINE#         115
  C:0054H         LINE#         116
  C:0055H         LINE#         121
  C:0058H         LINE#         122
  C:005BH         LINE#         123
  C:005EH         LINE#         124
  C:0061H         LINE#         125
  C:0064H         LINE#         126
  C:0066H         LINE#         129
  C:0069H         LINE#         130
  C:006CH         LINE#         133
  C:006FH         LINE#         134
  C:0072H         LINE#         135
  C:0075H         LINE#         136
  C:0078H         LINE#         137
  C:007AH         LINE#         138
  C:007CH         LINE#         139
  C:007EH         LINE#         140
  C:0080H         LINE#         141
  C:0082H         LINE#         143
  C:0085H         LINE#         153
  C:0088H         LINE#         154
  C:008AH         LINE#         156
  C:008DH         LINE#         157
  C:0090H         LINE#         161
  C:0092H         LINE#         163
BL51 BANKED LINKER/LOCATER V6.22                                                      02/14/2022  12:13:30  PAGE 4


  C:0095H         LINE#         164
  C:0098H         LINE#         165
  C:009BH         LINE#         166
  C:009EH         LINE#         167
  C:00A1H         LINE#         168
  C:00A4H         LINE#         169
  C:00A6H         LINE#         170
  C:00A8H         LINE#         174
  C:00ABH         LINE#         175
  C:00AEH         LINE#         176
  C:00B1H         LINE#         177
  C:00B4H         LINE#         178
  C:00B7H         LINE#         179
  C:00BAH         LINE#         180
  C:00BCH         LINE#         181
  C:00BEH         LINE#         183
  C:00C1H         LINE#         184
  C:00C4H         LINE#         185
  C:00C7H         LINE#         186
  C:00CAH         LINE#         187
  C:00CDH         LINE#         188
  C:00D0H         LINE#         189
  C:00D2H         LINE#         190
  C:00D4H         LINE#         192
  C:00D7H         LINE#         193
  C:00DAH         LINE#         194
  C:00DDH         LINE#         195
  C:00E0H         LINE#         196
  C:00E3H         LINE#         197
  C:00E6H         LINE#         198
  C:00E8H         LINE#         199
  C:00EAH         LINE#         201
  C:00EDH         LINE#         202
  C:00F0H         LINE#         203
  C:00F3H         LINE#         204
  C:00F6H         LINE#         205
  C:00F9H         LINE#         206
  C:00FCH         LINE#         207
  C:00FEH         LINE#         208
  C:0100H         LINE#         212
  C:0103H         LINE#         213
  C:0106H         LINE#         214
  C:0109H         LINE#         215
  C:010CH         LINE#         216
  C:010FH         LINE#         217
  C:0111H         LINE#         221
  C:0114H         LINE#         223
  -------         ENDMOD        SINE

*** WARNING L5: CODE SPACE MEMORY OVERLAP
    FROM:    0000H
    TO:      0002H

*** WARNING L1: UNRESOLVED EXTERNAL SYMBOL
    SYMBOL:  ?C_START
    MODULE:  STARTUP.obj (?C_STARTUP)

BL51 BANKED LINKER/LOCATER V6.22                                                      02/14/2022  12:13:30  PAGE 5


*** WARNING L2: REFERENCE MADE TO UNRESOLVED EXTERNAL
    SYMBOL:  ?C_START
    MODULE:  STARTUP.obj (?C_STARTUP)
    ADDRESS: 0149H

Program Size: data=9.0 xdata=0 code=334
LINK/LOCATE RUN COMPLETE.  3 WARNING(S),  0 ERROR(S)
