BL51 BANKED LINKER/LOCATER V6.22                                                        12/15/2021  10:11:05  PAGE 1


BL51 BANKED LINKER/LOCATER V6.22, INVOKED BY:
C:\KEIL\C51\BIN\BL51.EXE  STARTUP.obj, tinhtoan.obj TO tinhtoan RAMSIZE (256)


INPUT MODULES INCLUDED:
  STARTUP.obj (?C_STARTUP)
  tinhtoan.obj (TINHTOAN)


LINK MAP OF MODULE:  tinhtoan (?C_STARTUP)


            TYPE    BASE      LENGTH    RELOCATION   SEGMENT NAME
            -----------------------------------------------------

            * * * * * * *   D A T A   M E M O R Y   * * * * * * *
            REG     0000H     0008H     ABSOLUTE     "REG BANK 0"
            IDATA   0008H     0001H     UNIT         ?STACK

            * * * * * * *   C O D E   M E M O R Y   * * * * * * *
            CODE    0000H     0003H     ABSOLUTE     
* OVERLAP * CODE    0000H     0068H     ABSOLUTE     
            CODE    0068H     000CH     UNIT         ?C_C51STARTUP



UNRESOLVED EXTERNAL SYMBOLS:
   ?C_START



SYMBOL TABLE OF MODULE:  tinhtoan (?C_STARTUP)

  VALUE           TYPE          NAME
  ----------------------------------

  -------         MODULE        ?C_STARTUP
  C:0068H         SEGMENT       ?C_C51STARTUP
  I:0008H         SEGMENT       ?STACK
  C:0000H         PUBLIC        ?C_STARTUP
  D:00E0H         SYMBOL        ACC
  D:00F0H         SYMBOL        B
  D:0083H         SYMBOL        DPH
  D:0082H         SYMBOL        DPL
  N:0000H         SYMBOL        IBPSTACK
  N:0100H         SYMBOL        IBPSTACKTOP
  N:0080H         SYMBOL        IDATALEN
  C:006BH         SYMBOL        IDATALOOP
  N:0000H         SYMBOL        PBPSTACK
  N:0100H         SYMBOL        PBPSTACKTOP
  N:0000H         SYMBOL        PDATALEN
  N:0000H         SYMBOL        PDATASTART
  N:0000H         SYMBOL        PPAGE
  N:0000H         SYMBOL        PPAGEENABLE
  D:00A0H         SYMBOL        PPAGE_SFR
  D:0081H         SYMBOL        SP
  C:0068H         SYMBOL        STARTUP1
  N:0000H         SYMBOL        XBPSTACK
BL51 BANKED LINKER/LOCATER V6.22                                                      12/15/2021  10:11:05  PAGE 2


  N:0000H         SYMBOL        XBPSTACKTOP
  N:0000H         SYMBOL        XDATALEN
  N:0000H         SYMBOL        XDATASTART
  C:0000H         LINE#         126
  C:0068H         LINE#         133
  C:006AH         LINE#         134
  C:006BH         LINE#         135
  C:006CH         LINE#         136
  C:006EH         LINE#         185
  C:0071H         LINE#         196
  -------         ENDMOD        ?C_STARTUP

  -------         MODULE        TINHTOAN
  D:00F0H         SYMBOL        B
  C:005BH         SYMBOL        DELAY
  C:001AH         SYMBOL        DIVIDE
  C:0051H         SYMBOL        MALED
  C:002BH         SYMBOL        NEXT
  D:0080H         SYMBOL        P0
  D:00A0H         SYMBOL        P2
  D:00B0H         SYMBOL        P3
  C:0027H         SYMBOL        SUBTRACT
  C:0061H         SYMBOL        W1
  C:005FH         SYMBOL        W2
  C:005DH         SYMBOL        W3
  C:0000H         SYMBOL        X
  C:0000H         LINE#         2
  C:0002H         LINE#         3
  C:0004H         LINE#         4
  C:0006H         LINE#         5
  C:0008H         LINE#         6
  C:000AH         LINE#         7
  C:000CH         LINE#         8
  C:000FH         LINE#         9
  C:0010H         LINE#         10
  C:0011H         LINE#         11
  C:0013H         LINE#         12
  C:0015H         LINE#         13
  C:0018H         LINE#         14
  C:0019H         LINE#         15
  C:001AH         LINE#         16
  C:001BH         LINE#         17
  C:001CH         LINE#         18
  C:001DH         LINE#         19
  C:001EH         LINE#         20
  C:001FH         LINE#         21
  C:0020H         LINE#         22
  C:0022H         LINE#         23
  C:0023H         LINE#         24
  C:0024H         LINE#         25
  C:0026H         LINE#         26
  C:0027H         LINE#         27
  C:0028H         LINE#         28
  C:0029H         LINE#         29
  C:002AH         LINE#         30
  C:002BH         LINE#         31
  C:002EH         LINE#         32
BL51 BANKED LINKER/LOCATER V6.22                                                      12/15/2021  10:11:05  PAGE 3


  C:002FH         LINE#         33
  C:0030H         LINE#         34
  C:0033H         LINE#         35
  C:0034H         LINE#         36
  C:0036H         LINE#         37
  C:0039H         LINE#         38
  C:003AH         LINE#         39
  C:003DH         LINE#         40
  C:003EH         LINE#         41
  C:0040H         LINE#         42
  C:0042H         LINE#         43
  C:0045H         LINE#         44
  C:0046H         LINE#         45
  C:0048H         LINE#         46
  C:0049H         LINE#         47
  C:004CH         LINE#         48
  C:004DH         LINE#         49
  C:004FH         LINE#         50
  C:005BH         LINE#         53
  C:005DH         LINE#         54
  C:005FH         LINE#         55
  C:0061H         LINE#         56
  C:0063H         LINE#         57
  C:0065H         LINE#         58
  C:0067H         LINE#         59
  -------         ENDMOD        TINHTOAN

*** WARNING L5: CODE SPACE MEMORY OVERLAP
    FROM:    0000H
    TO:      0002H

*** WARNING L1: UNRESOLVED EXTERNAL SYMBOL
    SYMBOL:  ?C_START
    MODULE:  STARTUP.obj (?C_STARTUP)

*** WARNING L2: REFERENCE MADE TO UNRESOLVED EXTERNAL
    SYMBOL:  ?C_START
    MODULE:  STARTUP.obj (?C_STARTUP)
    ADDRESS: 0072H

Program Size: data=9.0 xdata=0 code=119
LINK/LOCATE RUN COMPLETE.  3 WARNING(S),  0 ERROR(S)
