<!doctype html public "-//w3c//dtd html 4.0 transitional//en">
<html><head>
<title>Static Call Graph - [..\Obj\CH579_Demo.axf]</title></head>
<body><HR>
<H1>Static Call Graph for image ..\Obj\CH579_Demo.axf</H1><HR>
<BR><P>#&#060CALLGRAPH&#062# ARM Linker, 5060750: Last Updated: Thu Aug 31 17:31:56 2023
<BR><P>
<H3>Maximum Stack Usage =        624 bytes + Unknown(Cycles, Untraceable Function Pointers)</H3><H3>
Call chain for Maximum Stack Depth:</H3>
tcpip_tcp_timer &rArr; tcp_tmr &rArr; tcp_fasttmr &rArr; tcp_process_refused_data &rArr; tcp_recv_null &rArr; tcp_close &rArr; tcp_close_shutdown &rArr; tcp_pcb_remove &rArr; tcp_output &rArr; tcp_send_empty_ack &rArr; tcp_output_control_segment &rArr; ip4_output_if &rArr; ip4_output_if_src &rArr; ip4_frag &rArr; pbuf_alloc &rArr; pbuf_free &rArr; mem_free &rArr; plug_holes &rArr; __2printf
<P>
<H3>
Mutually Recursive functions
</H3> <LI><a href="#[5]">SVC_Handler</a>&nbsp;&nbsp;&nbsp;&rArr;&nbsp;&nbsp;&nbsp;<a href="#[5]">SVC_Handler</a><BR>
 <LI><a href="#[6]">PendSV_Handler</a>&nbsp;&nbsp;&nbsp;&rArr;&nbsp;&nbsp;&nbsp;<a href="#[6]">PendSV_Handler</a><BR>
 <LI><a href="#[7]">SysTick_Handler</a>&nbsp;&nbsp;&nbsp;&rArr;&nbsp;&nbsp;&nbsp;<a href="#[7]">SysTick_Handler</a><BR>
 <LI><a href="#[15]">ADC_IRQHandler</a>&nbsp;&nbsp;&nbsp;&rArr;&nbsp;&nbsp;&nbsp;<a href="#[15]">ADC_IRQHandler</a><BR>
</UL>
<P>
<H3>
Function Pointers
</H3><UL>
 <LI><a href="#[15]">ADC_IRQHandler</a> from startup_armcm0.o(.text) referenced from startup_armcm0.o(RESET)
 <LI><a href="#[c]">BB_IRQHandler</a> from startup_armcm0.o(.text) referenced from startup_armcm0.o(RESET)
 <LI><a href="#[f]">ETH_IRQHandler</a> from mych579mac.o(.text) referenced from startup_armcm0.o(RESET)
 <LI><a href="#[9]">GPIO_IRQHandler</a> from startup_armcm0.o(.text) referenced from startup_armcm0.o(RESET)
 <LI><a href="#[4]">HardFault_Handler</a> from startup_armcm0.o(.text) referenced from startup_armcm0.o(RESET)
 <LI><a href="#[17]">LED_IRQHandler</a> from startup_armcm0.o(.text) referenced from startup_armcm0.o(RESET)
 <LI><a href="#[d]">LLE_IRQHandler</a> from startup_armcm0.o(.text) referenced from startup_armcm0.o(RESET)
 <LI><a href="#[3]">NMI_Handler</a> from ch57x_int.o(.text) referenced from startup_armcm0.o(RESET)
 <LI><a href="#[6]">PendSV_Handler</a> from startup_armcm0.o(.text) referenced from startup_armcm0.o(RESET)
 <LI><a href="#[14]">RTC_IRQHandler</a> from startup_armcm0.o(.text) referenced from startup_armcm0.o(RESET)
 <LI><a href="#[2]">Reset_Handler</a> from startup_armcm0.o(.text) referenced from startup_armcm0.o(RESET)
 <LI><a href="#[a]">SLAVE_IRQHandler</a> from startup_armcm0.o(.text) referenced from startup_armcm0.o(RESET)
 <LI><a href="#[b]">SPI0_IRQHandler</a> from startup_armcm0.o(.text) referenced from startup_armcm0.o(RESET)
 <LI><a href="#[16]">SPI1_IRQHandler</a> from startup_armcm0.o(.text) referenced from startup_armcm0.o(RESET)
 <LI><a href="#[5]">SVC_Handler</a> from startup_armcm0.o(.text) referenced from startup_armcm0.o(RESET)
 <LI><a href="#[7]">SysTick_Handler</a> from startup_armcm0.o(.text) referenced from startup_armcm0.o(RESET)
 <LI><a href="#[1d]">SystemInit</a> from ch57x_clk.o(.text) referenced from startup_armcm0.o(.text)
 <LI><a href="#[8]">TMR0_IRQHandler</a> from parameter_setting.o(.text) referenced from startup_armcm0.o(RESET)
 <LI><a href="#[10]">TMR1_IRQHandler</a> from startup_armcm0.o(.text) referenced from startup_armcm0.o(RESET)
 <LI><a href="#[11]">TMR2_IRQHandler</a> from startup_armcm0.o(.text) referenced from startup_armcm0.o(RESET)
 <LI><a href="#[18]">TMR3_IRQHandler</a> from startup_armcm0.o(.text) referenced from startup_armcm0.o(RESET)
 <LI><a href="#[12]">UART0_IRQHandler</a> from startup_armcm0.o(.text) referenced from startup_armcm0.o(RESET)
 <LI><a href="#[13]">UART1_IRQHandler</a> from startup_armcm0.o(.text) referenced from startup_armcm0.o(RESET)
 <LI><a href="#[19]">UART2_IRQHandler</a> from startup_armcm0.o(.text) referenced from startup_armcm0.o(RESET)
 <LI><a href="#[1a]">UART3_IRQHandler</a> from startup_armcm0.o(.text) referenced from startup_armcm0.o(RESET)
 <LI><a href="#[e]">USB_IRQHandler</a> from startup_armcm0.o(.text) referenced from startup_armcm0.o(RESET)
 <LI><a href="#[1b]">WDT_IRQHandler</a> from startup_armcm0.o(.text) referenced from startup_armcm0.o(RESET)
 <LI><a href="#[1e]">__main</a> from entry.o(.ARM.Collect$$$$00000000) referenced from startup_armcm0.o(.text)
 <LI><a href="#[2a]">etharp_tmr</a> from etharp.o(.text) referenced from timeouts.o(.constdata)
 <LI><a href="#[27]">fputc</a> from ch57x_sys.o(.text) referenced from printf4.o(i.__0printf$4)
 <LI><a href="#[29]">ip_reass_tmr</a> from ip4_frag.o(.text) referenced from timeouts.o(.constdata)
 <LI><a href="#[1f]">ipfrag_free_pbuf_custom</a> from ip4_frag.o(.text) referenced from ip4_frag.o(.text)
 <LI><a href="#[24]">lwip_cyclic_timer</a> from timeouts.o(.text) referenced from timeouts.o(.text)
 <LI><a href="#[1c]">main</a> from main.o(.text) referenced from entry9a.o(.ARM.Collect$$$$0000000B)
 <LI><a href="#[20]">netif_null_output_ip4</a> from netif.o(.text) referenced from netif.o(.text)
 <LI><a href="#[21]">tcp_accept_null</a> from tcp.o(.text) referenced from tcp.o(.text)
 <LI><a href="#[22]">tcp_recv_null</a> from tcp.o(.text) referenced from tcp.o(.text)
 <LI><a href="#[26]">tcp_server_accept</a> from mytcpserver.o(.text) referenced from mytcpserver.o(.text)
 <LI><a href="#[25]">tcp_server_recv</a> from mytcpserver.o(.text) referenced from mytcpserver.o(.text)
 <LI><a href="#[28]">tcp_tmr</a> from tcp.o(.text) referenced from timeouts.o(.constdata)
 <LI><a href="#[23]">tcpip_tcp_timer</a> from timeouts.o(.text) referenced from timeouts.o(.text)
</UL>
<P>
<H3>
Global Symbols
</H3>
<P><STRONG><a name="[1e]"></a>__main</STRONG> (Thumb, 0 bytes, Stack size unknown bytes, entry.o(.ARM.Collect$$$$00000000))
<BR>[Address Reference Count : 1]<UL><LI> startup_armcm0.o(.text)
</UL>
<P><STRONG><a name="[156]"></a>_main_stk</STRONG> (Thumb, 0 bytes, Stack size unknown bytes, entry2.o(.ARM.Collect$$$$00000001))

<P><STRONG><a name="[2b]"></a>_main_scatterload</STRONG> (Thumb, 0 bytes, Stack size unknown bytes, entry5.o(.ARM.Collect$$$$00000004))
<BR><BR>[Calls]<UL><LI><a href="#[2c]">&gt;&gt;</a>&nbsp;&nbsp;&nbsp;__scatterload
</UL>

<P><STRONG><a name="[152]"></a>__main_after_scatterload</STRONG> (Thumb, 0 bytes, Stack size unknown bytes, entry5.o(.ARM.Collect$$$$00000004))
<BR><BR>[Called By]<UL><LI><a href="#[2c]">&gt;&gt;</a>&nbsp;&nbsp;&nbsp;__scatterload
</UL>

<P><STRONG><a name="[157]"></a>_main_clock</STRONG> (Thumb, 0 bytes, Stack size unknown bytes, entry7b.o(.ARM.Collect$$$$00000008))

<P><STRONG><a name="[158]"></a>_main_cpp_init</STRONG> (Thumb, 0 bytes, Stack size unknown bytes, entry8b.o(.ARM.Collect$$$$0000000A))

<P><STRONG><a name="[159]"></a>_main_init</STRONG> (Thumb, 0 bytes, Stack size unknown bytes, entry9a.o(.ARM.Collect$$$$0000000B))

<P><STRONG><a name="[15a]"></a>__rt_final_cpp</STRONG> (Thumb, 0 bytes, Stack size unknown bytes, entry10a.o(.ARM.Collect$$$$0000000D))

<P><STRONG><a name="[15b]"></a>__rt_final_exit</STRONG> (Thumb, 0 bytes, Stack size unknown bytes, entry11a.o(.ARM.Collect$$$$0000000F))

<P><STRONG><a name="[2d]"></a>tcp_Postback_test</STRONG> (Thumb, 48 bytes, Stack size 8 bytes, main.o(.text), UNUSED)
<BR><BR>[Calls]<UL><LI><a href="#[2e]">&gt;&gt;</a>&nbsp;&nbsp;&nbsp;get_valid_e_from_que_head
<LI><a href="#[30]">&gt;&gt;</a>&nbsp;&nbsp;&nbsp;e_buf_num_sub_one
<LI><a href="#[2f]">&gt;&gt;</a>&nbsp;&nbsp;&nbsp;MyTcpSendData
</UL>

<P><STRONG><a name="[1c]"></a>main</STRONG> (Thumb, 44 bytes, Stack size 0 bytes, main.o(.text))
<BR><BR>[Stack]<UL><LI>Max Depth = 68<LI>Call Chain = main &rArr; DebugInit &rArr; UART1_DefInit &rArr; UART1_BaudRateCfg &rArr; GetSysClock &rArr; __aeabi_idivmod &rArr; __aeabi_uidivmod
</UL>
<BR>[Calls]<UL><LI><a href="#[32]">&gt;&gt;</a>&nbsp;&nbsp;&nbsp;mDelaymS
<LI><a href="#[33]">&gt;&gt;</a>&nbsp;&nbsp;&nbsp;SetSysClock
<LI><a href="#[31]">&gt;&gt;</a>&nbsp;&nbsp;&nbsp;PWR_UnitModCfg
<LI><a href="#[38]">&gt;&gt;</a>&nbsp;&nbsp;&nbsp;NETLed_Init
<LI><a href="#[34]">&gt;&gt;</a>&nbsp;&nbsp;&nbsp;InitTimer0
<LI><a href="#[36]">&gt;&gt;</a>&nbsp;&nbsp;&nbsp;ETHParaInitX
<LI><a href="#[37]">&gt;&gt;</a>&nbsp;&nbsp;&nbsp;ETHInitX
<LI><a href="#[35]">&gt;&gt;</a>&nbsp;&nbsp;&nbsp;DebugInit
</UL>
<BR>[Address Reference Count : 1]<UL><LI> entry9a.o(.ARM.Collect$$$$0000000B)
</UL>
<P><STRONG><a name="[39]"></a>GPIOA_ModeCfg</STRONG> (Thumb, 146 bytes, Stack size 4 bytes, ch57x_gpio.o(.text))
<BR><BR>[Stack]<UL><LI>Max Depth = 12<LI>Call Chain = GPIOA_ModeCfg &rArr; __ARM_common_switch8
</UL>
<BR>[Calls]<UL><LI><a href="#[3a]">&gt;&gt;</a>&nbsp;&nbsp;&nbsp;__ARM_common_switch8
</UL>
<BR>[Called By]<UL><LI><a href="#[35]">&gt;&gt;</a>&nbsp;&nbsp;&nbsp;DebugInit
</UL>

<P><STRONG><a name="[3b]"></a>GPIOB_ModeCfg</STRONG> (Thumb, 166 bytes, Stack size 4 bytes, ch57x_gpio.o(.text))
<BR><BR>[Stack]<UL><LI>Max Depth = 12<LI>Call Chain = GPIOB_ModeCfg &rArr; __ARM_common_switch8
</UL>
<BR>[Calls]<UL><LI><a href="#[3a]">&gt;&gt;</a>&nbsp;&nbsp;&nbsp;__ARM_common_switch8
</UL>
<BR>[Called By]<UL><LI><a href="#[38]">&gt;&gt;</a>&nbsp;&nbsp;&nbsp;NETLed_Init
</UL>

<P><STRONG><a name="[15c]"></a>GPIOA_ITModeCfg</STRONG> (Thumb, 116 bytes, Stack size 0 bytes, ch57x_gpio.o(.text), UNUSED)

<P><STRONG><a name="[15d]"></a>GPIOB_ITModeCfg</STRONG> (Thumb, 140 bytes, Stack size 0 bytes, ch57x_gpio.o(.text), UNUSED)

<P><STRONG><a name="[15e]"></a>GPIOPinRemap</STRONG> (Thumb, 36 bytes, Stack size 0 bytes, ch57x_gpio.o(.text), UNUSED)

<P><STRONG><a name="[15f]"></a>GPIOAGPPCfg</STRONG> (Thumb, 36 bytes, Stack size 0 bytes, ch57x_gpio.o(.text), UNUSED)

<P><STRONG><a name="[3]"></a>NMI_Handler</STRONG> (Thumb, 146 bytes, Stack size 0 bytes, ch57x_int.o(.text))
<BR>[Address Reference Count : 1]<UL><LI> startup_armcm0.o(RESET)
</UL>
<P><STRONG><a name="[3c]"></a>LowPower_Halt_1</STRONG> (Thumb, 128 bytes, Stack size 16 bytes, ch57x_int.o(.text), UNUSED)
<BR><BR>[Calls]<UL><LI><a href="#[3d]">&gt;&gt;</a>&nbsp;&nbsp;&nbsp;PowerMonitor
</UL>

<P><STRONG><a name="[160]"></a>LowPower_Halt_2</STRONG> (Thumb, 174 bytes, Stack size 0 bytes, ch57x_int.o(.text), UNUSED)

<P><STRONG><a name="[161]"></a>LowPower_Sleep</STRONG> (Thumb, 190 bytes, Stack size 8 bytes, ch57x_int.o(.text), UNUSED)

<P><STRONG><a name="[162]"></a>LowPower_Shutdown</STRONG> (Thumb, 192 bytes, Stack size 8 bytes, ch57x_int.o(.text), UNUSED)

<P><STRONG><a name="[3e]"></a>PWR_DCDCCfg</STRONG> (Thumb, 110 bytes, Stack size 8 bytes, ch57x_pwr.o(.text), UNUSED)
<BR><BR>[Calls]<UL><LI><a href="#[3f]">&gt;&gt;</a>&nbsp;&nbsp;&nbsp;mDelayuS
</UL>

<P><STRONG><a name="[31]"></a>PWR_UnitModCfg</STRONG> (Thumb, 154 bytes, Stack size 0 bytes, ch57x_pwr.o(.text))
<BR><BR>[Called By]<UL><LI><a href="#[1c]">&gt;&gt;</a>&nbsp;&nbsp;&nbsp;main
</UL>

<P><STRONG><a name="[163]"></a>PWR_PeriphClkCfg</STRONG> (Thumb, 62 bytes, Stack size 0 bytes, ch57x_pwr.o(.text), UNUSED)

<P><STRONG><a name="[164]"></a>PWR_PeriphWakeUpCfg</STRONG> (Thumb, 62 bytes, Stack size 0 bytes, ch57x_pwr.o(.text), UNUSED)

<P><STRONG><a name="[3d]"></a>PowerMonitor</STRONG> (Thumb, 90 bytes, Stack size 8 bytes, ch57x_pwr.o(.text))
<BR><BR>[Stack]<UL><LI>Max Depth = 16<LI>Call Chain = PowerMonitor &rArr; mDelayuS
</UL>
<BR>[Calls]<UL><LI><a href="#[3f]">&gt;&gt;</a>&nbsp;&nbsp;&nbsp;mDelayuS
</UL>
<BR>[Called By]<UL><LI><a href="#[1d]">&gt;&gt;</a>&nbsp;&nbsp;&nbsp;SystemInit
<LI><a href="#[3c]">&gt;&gt;</a>&nbsp;&nbsp;&nbsp;LowPower_Halt_1
</UL>

<P><STRONG><a name="[165]"></a>LowPower_Idle</STRONG> (Thumb, 16 bytes, Stack size 0 bytes, ch57x_pwr.o(.text), UNUSED)

<P><STRONG><a name="[166]"></a>EnterCodeUpgrade</STRONG> (Thumb, 148 bytes, Stack size 0 bytes, ch57x_pwr.o(.text), UNUSED)

<P><STRONG><a name="[167]"></a>SYS_GetInfoSta</STRONG> (Thumb, 28 bytes, Stack size 0 bytes, ch57x_sys.o(.text), UNUSED)

<P><STRONG><a name="[168]"></a>SYS_ResetExecute</STRONG> (Thumb, 28 bytes, Stack size 0 bytes, ch57x_sys.o(.text), UNUSED)

<P><STRONG><a name="[169]"></a>SYS_DisableAllIrq</STRONG> (Thumb, 18 bytes, Stack size 0 bytes, ch57x_sys.o(.text), UNUSED)

<P><STRONG><a name="[16a]"></a>SYS_RecoverIrq</STRONG> (Thumb, 6 bytes, Stack size 0 bytes, ch57x_sys.o(.text), UNUSED)

<P><STRONG><a name="[16b]"></a>SYS_GetSysTickCnt</STRONG> (Thumb, 6 bytes, Stack size 0 bytes, ch57x_sys.o(.text), UNUSED)

<P><STRONG><a name="[16c]"></a>WWDG_ITCfg</STRONG> (Thumb, 48 bytes, Stack size 0 bytes, ch57x_sys.o(.text), UNUSED)

<P><STRONG><a name="[16d]"></a>WWDG_ResetCfg</STRONG> (Thumb, 48 bytes, Stack size 0 bytes, ch57x_sys.o(.text), UNUSED)

<P><STRONG><a name="[16e]"></a>WWDG_ClearFlag</STRONG> (Thumb, 28 bytes, Stack size 0 bytes, ch57x_sys.o(.text), UNUSED)

<P><STRONG><a name="[3f]"></a>mDelayuS</STRONG> (Thumb, 34 bytes, Stack size 8 bytes, ch57x_sys.o(.text))
<BR><BR>[Stack]<UL><LI>Max Depth = 8<LI>Call Chain = mDelayuS
</UL>
<BR>[Called By]<UL><LI><a href="#[3e]">&gt;&gt;</a>&nbsp;&nbsp;&nbsp;PWR_DCDCCfg
<LI><a href="#[3d]">&gt;&gt;</a>&nbsp;&nbsp;&nbsp;PowerMonitor
<LI><a href="#[32]">&gt;&gt;</a>&nbsp;&nbsp;&nbsp;mDelaymS
</UL>

<P><STRONG><a name="[32]"></a>mDelaymS</STRONG> (Thumb, 26 bytes, Stack size 12 bytes, ch57x_sys.o(.text))
<BR><BR>[Stack]<UL><LI>Max Depth = 20<LI>Call Chain = mDelaymS &rArr; mDelayuS
</UL>
<BR>[Calls]<UL><LI><a href="#[3f]">&gt;&gt;</a>&nbsp;&nbsp;&nbsp;mDelayuS
</UL>
<BR>[Called By]<UL><LI><a href="#[1d]">&gt;&gt;</a>&nbsp;&nbsp;&nbsp;SystemInit
<LI><a href="#[1c]">&gt;&gt;</a>&nbsp;&nbsp;&nbsp;main
<LI><a href="#[141]">&gt;&gt;</a>&nbsp;&nbsp;&nbsp;TCP_Handle
</UL>

<P><STRONG><a name="[27]"></a>fputc</STRONG> (Thumb, 16 bytes, Stack size 0 bytes, ch57x_sys.o(.text))
<BR>[Address Reference Count : 1]<UL><LI> printf4.o(i.__0printf$4)
</UL>
<P><STRONG><a name="[40]"></a>UART1_BaudRateCfg</STRONG> (Thumb, 40 bytes, Stack size 16 bytes, ch57x_uart1.o(.text))
<BR><BR>[Stack]<UL><LI>Max Depth = 52<LI>Call Chain = UART1_BaudRateCfg &rArr; GetSysClock &rArr; __aeabi_idivmod &rArr; __aeabi_uidivmod
</UL>
<BR>[Calls]<UL><LI><a href="#[41]">&gt;&gt;</a>&nbsp;&nbsp;&nbsp;GetSysClock
<LI><a href="#[42]">&gt;&gt;</a>&nbsp;&nbsp;&nbsp;__aeabi_uidivmod
</UL>
<BR>[Called By]<UL><LI><a href="#[43]">&gt;&gt;</a>&nbsp;&nbsp;&nbsp;UART1_DefInit
</UL>

<P><STRONG><a name="[43]"></a>UART1_DefInit</STRONG> (Thumb, 30 bytes, Stack size 8 bytes, ch57x_uart1.o(.text))
<BR><BR>[Stack]<UL><LI>Max Depth = 60<LI>Call Chain = UART1_DefInit &rArr; UART1_BaudRateCfg &rArr; GetSysClock &rArr; __aeabi_idivmod &rArr; __aeabi_uidivmod
</UL>
<BR>[Calls]<UL><LI><a href="#[40]">&gt;&gt;</a>&nbsp;&nbsp;&nbsp;UART1_BaudRateCfg
</UL>
<BR>[Called By]<UL><LI><a href="#[35]">&gt;&gt;</a>&nbsp;&nbsp;&nbsp;DebugInit
</UL>

<P><STRONG><a name="[16f]"></a>UART1_ByteTrigCfg</STRONG> (Thumb, 18 bytes, Stack size 0 bytes, ch57x_uart1.o(.text), UNUSED)

<P><STRONG><a name="[170]"></a>UART1_INTCfg</STRONG> (Thumb, 40 bytes, Stack size 0 bytes, ch57x_uart1.o(.text), UNUSED)

<P><STRONG><a name="[171]"></a>UART1_Reset</STRONG> (Thumb, 8 bytes, Stack size 0 bytes, ch57x_uart1.o(.text), UNUSED)

<P><STRONG><a name="[172]"></a>UART1_SendString</STRONG> (Thumb, 32 bytes, Stack size 8 bytes, ch57x_uart1.o(.text), UNUSED)

<P><STRONG><a name="[173]"></a>UART1_RecvString</STRONG> (Thumb, 28 bytes, Stack size 0 bytes, ch57x_uart1.o(.text), UNUSED)

<P><STRONG><a name="[1d]"></a>SystemInit</STRONG> (Thumb, 72 bytes, Stack size 8 bytes, ch57x_clk.o(.text))
<BR><BR>[Stack]<UL><LI>Max Depth = 28<LI>Call Chain = SystemInit &rArr; mDelaymS &rArr; mDelayuS
</UL>
<BR>[Calls]<UL><LI><a href="#[3d]">&gt;&gt;</a>&nbsp;&nbsp;&nbsp;PowerMonitor
<LI><a href="#[32]">&gt;&gt;</a>&nbsp;&nbsp;&nbsp;mDelaymS
</UL>
<BR>[Address Reference Count : 1]<UL><LI> startup_armcm0.o(.text)
</UL>
<P><STRONG><a name="[33]"></a>SetSysClock</STRONG> (Thumb, 342 bytes, Stack size 4 bytes, ch57x_clk.o(.text))
<BR><BR>[Stack]<UL><LI>Max Depth = 12<LI>Call Chain = SetSysClock &rArr; __ARM_common_switch8
</UL>
<BR>[Calls]<UL><LI><a href="#[3a]">&gt;&gt;</a>&nbsp;&nbsp;&nbsp;__ARM_common_switch8
</UL>
<BR>[Called By]<UL><LI><a href="#[1c]">&gt;&gt;</a>&nbsp;&nbsp;&nbsp;main
</UL>

<P><STRONG><a name="[41]"></a>GetSysClock</STRONG> (Thumb, 68 bytes, Stack size 8 bytes, ch57x_clk.o(.text))
<BR><BR>[Stack]<UL><LI>Max Depth = 36<LI>Call Chain = GetSysClock &rArr; __aeabi_idivmod &rArr; __aeabi_uidivmod
</UL>
<BR>[Calls]<UL><LI><a href="#[44]">&gt;&gt;</a>&nbsp;&nbsp;&nbsp;__aeabi_idivmod
</UL>
<BR>[Called By]<UL><LI><a href="#[40]">&gt;&gt;</a>&nbsp;&nbsp;&nbsp;UART1_BaudRateCfg
</UL>

<P><STRONG><a name="[174]"></a>HClk32M_Select</STRONG> (Thumb, 58 bytes, Stack size 0 bytes, ch57x_clk.o(.text), UNUSED)

<P><STRONG><a name="[175]"></a>LClk32K_Select</STRONG> (Thumb, 56 bytes, Stack size 0 bytes, ch57x_clk.o(.text), UNUSED)

<P><STRONG><a name="[176]"></a>HSECFG_Current</STRONG> (Thumb, 36 bytes, Stack size 0 bytes, ch57x_clk.o(.text), UNUSED)

<P><STRONG><a name="[177]"></a>HSECFG_Capacitance</STRONG> (Thumb, 34 bytes, Stack size 0 bytes, ch57x_clk.o(.text), UNUSED)

<P><STRONG><a name="[178]"></a>LSECFG_Current</STRONG> (Thumb, 40 bytes, Stack size 0 bytes, ch57x_clk.o(.text), UNUSED)

<P><STRONG><a name="[179]"></a>LSECFG_Capacitance</STRONG> (Thumb, 38 bytes, Stack size 0 bytes, ch57x_clk.o(.text), UNUSED)

<P><STRONG><a name="[45]"></a>Calibration_LSI</STRONG> (Thumb, 492 bytes, Stack size 56 bytes, ch57x_clk.o(.text), UNUSED)
<BR><BR>[Calls]<UL><LI><a href="#[44]">&gt;&gt;</a>&nbsp;&nbsp;&nbsp;__aeabi_idivmod
<LI><a href="#[42]">&gt;&gt;</a>&nbsp;&nbsp;&nbsp;__aeabi_uidivmod
</UL>

<P><STRONG><a name="[46]"></a>RTC_InitTime</STRONG> (Thumb, 350 bytes, Stack size 56 bytes, ch57x_clk.o(.text), UNUSED)
<BR><BR>[Calls]<UL><LI><a href="#[44]">&gt;&gt;</a>&nbsp;&nbsp;&nbsp;__aeabi_idivmod
</UL>

<P><STRONG><a name="[47]"></a>RTC_GetTime</STRONG> (Thumb, 468 bytes, Stack size 48 bytes, ch57x_clk.o(.text), UNUSED)
<BR><BR>[Calls]<UL><LI><a href="#[44]">&gt;&gt;</a>&nbsp;&nbsp;&nbsp;__aeabi_idivmod
<LI><a href="#[42]">&gt;&gt;</a>&nbsp;&nbsp;&nbsp;__aeabi_uidivmod
</UL>

<P><STRONG><a name="[17a]"></a>RTC_SetCycle32k</STRONG> (Thumb, 40 bytes, Stack size 0 bytes, ch57x_clk.o(.text), UNUSED)

<P><STRONG><a name="[49]"></a>RTC_GetCycle32k</STRONG> (Thumb, 16 bytes, Stack size 0 bytes, ch57x_clk.o(.text), UNUSED)
<BR><BR>[Called By]<UL><LI><a href="#[48]">&gt;&gt;</a>&nbsp;&nbsp;&nbsp;RTC_TRIGFunCfg
</UL>

<P><STRONG><a name="[17b]"></a>RTC_TMRFunCfg</STRONG> (Thumb, 60 bytes, Stack size 0 bytes, ch57x_clk.o(.text), UNUSED)

<P><STRONG><a name="[48]"></a>RTC_TRIGFunCfg</STRONG> (Thumb, 70 bytes, Stack size 4 bytes, ch57x_clk.o(.text), UNUSED)
<BR><BR>[Calls]<UL><LI><a href="#[49]">&gt;&gt;</a>&nbsp;&nbsp;&nbsp;RTC_GetCycle32k
</UL>

<P><STRONG><a name="[17c]"></a>RTC_ModeFunDisable</STRONG> (Thumb, 52 bytes, Stack size 0 bytes, ch57x_clk.o(.text), UNUSED)

<P><STRONG><a name="[17d]"></a>RTC_GetITFlag</STRONG> (Thumb, 26 bytes, Stack size 0 bytes, ch57x_clk.o(.text), UNUSED)

<P><STRONG><a name="[17e]"></a>RTC_ClearITFlag</STRONG> (Thumb, 32 bytes, Stack size 0 bytes, ch57x_clk.o(.text), UNUSED)

<P><STRONG><a name="[4c]"></a>TMR0_TimerInit</STRONG> (Thumb, 16 bytes, Stack size 0 bytes, ch57x_timer0.o(.text))
<BR><BR>[Called By]<UL><LI><a href="#[34]">&gt;&gt;</a>&nbsp;&nbsp;&nbsp;InitTimer0
</UL>

<P><STRONG><a name="[17f]"></a>TMR0_EXTSingleCounterInit</STRONG> (Thumb, 16 bytes, Stack size 0 bytes, ch57x_timer0.o(.text), UNUSED)

<P><STRONG><a name="[180]"></a>TMR0_CountInit</STRONG> (Thumb, 18 bytes, Stack size 0 bytes, ch57x_timer0.o(.text), UNUSED)

<P><STRONG><a name="[181]"></a>TMR0_PWMInit</STRONG> (Thumb, 16 bytes, Stack size 0 bytes, ch57x_timer0.o(.text), UNUSED)

<P><STRONG><a name="[182]"></a>TMR0_CapInit</STRONG> (Thumb, 18 bytes, Stack size 0 bytes, ch57x_timer0.o(.text), UNUSED)

<P><STRONG><a name="[4a]"></a>init_my_buf_que</STRONG> (Thumb, 14 bytes, Stack size 8 bytes, mybufque.o(.text), UNUSED)
<BR><BR>[Calls]<UL><LI><a href="#[4b]">&gt;&gt;</a>&nbsp;&nbsp;&nbsp;__aeabi_memclr4
</UL>
<BR>[Called By]<UL><LI><a href="#[4d]">&gt;&gt;</a>&nbsp;&nbsp;&nbsp;InitAppCommon
</UL>

<P><STRONG><a name="[2e]"></a>get_valid_e_from_que_head</STRONG> (Thumb, 34 bytes, Stack size 0 bytes, mybufque.o(.text), UNUSED)
<BR><BR>[Called By]<UL><LI><a href="#[2d]">&gt;&gt;</a>&nbsp;&nbsp;&nbsp;tcp_Postback_test
</UL>

<P><STRONG><a name="[146]"></a>get_idle_e_from_que_tail</STRONG> (Thumb, 76 bytes, Stack size 8 bytes, mybufque.o(.text))
<BR><BR>[Stack]<UL><LI>Max Depth = 8<LI>Call Chain = get_idle_e_from_que_tail
</UL>
<BR>[Called By]<UL><LI><a href="#[145]">&gt;&gt;</a>&nbsp;&nbsp;&nbsp;raw_mac_recv
<LI><a href="#[25]">&gt;&gt;</a>&nbsp;&nbsp;&nbsp;tcp_server_recv
</UL>

<P><STRONG><a name="[147]"></a>e_buf_num_add_one</STRONG> (Thumb, 20 bytes, Stack size 0 bytes, mybufque.o(.text))
<BR><BR>[Called By]<UL><LI><a href="#[145]">&gt;&gt;</a>&nbsp;&nbsp;&nbsp;raw_mac_recv
<LI><a href="#[25]">&gt;&gt;</a>&nbsp;&nbsp;&nbsp;tcp_server_recv
</UL>

<P><STRONG><a name="[30]"></a>e_buf_num_sub_one</STRONG> (Thumb, 60 bytes, Stack size 0 bytes, mybufque.o(.text), UNUSED)
<BR><BR>[Called By]<UL><LI><a href="#[2d]">&gt;&gt;</a>&nbsp;&nbsp;&nbsp;tcp_Postback_test
</UL>

<P><STRONG><a name="[35]"></a>DebugInit</STRONG> (Thumb, 40 bytes, Stack size 8 bytes, parameter_setting.o(.text))
<BR><BR>[Stack]<UL><LI>Max Depth = 68<LI>Call Chain = DebugInit &rArr; UART1_DefInit &rArr; UART1_BaudRateCfg &rArr; GetSysClock &rArr; __aeabi_idivmod &rArr; __aeabi_uidivmod
</UL>
<BR>[Calls]<UL><LI><a href="#[43]">&gt;&gt;</a>&nbsp;&nbsp;&nbsp;UART1_DefInit
<LI><a href="#[39]">&gt;&gt;</a>&nbsp;&nbsp;&nbsp;GPIOA_ModeCfg
</UL>
<BR>[Called By]<UL><LI><a href="#[1c]">&gt;&gt;</a>&nbsp;&nbsp;&nbsp;main
</UL>

<P><STRONG><a name="[38]"></a>NETLed_Init</STRONG> (Thumb, 58 bytes, Stack size 8 bytes, parameter_setting.o(.text))
<BR><BR>[Stack]<UL><LI>Max Depth = 20<LI>Call Chain = NETLed_Init &rArr; GPIOB_ModeCfg &rArr; __ARM_common_switch8
</UL>
<BR>[Calls]<UL><LI><a href="#[3b]">&gt;&gt;</a>&nbsp;&nbsp;&nbsp;GPIOB_ModeCfg
</UL>
<BR>[Called By]<UL><LI><a href="#[1c]">&gt;&gt;</a>&nbsp;&nbsp;&nbsp;main
</UL>

<P><STRONG><a name="[34]"></a>InitTimer0</STRONG> (Thumb, 34 bytes, Stack size 8 bytes, parameter_setting.o(.text))
<BR><BR>[Stack]<UL><LI>Max Depth = 8<LI>Call Chain = InitTimer0
</UL>
<BR>[Calls]<UL><LI><a href="#[4c]">&gt;&gt;</a>&nbsp;&nbsp;&nbsp;TMR0_TimerInit
</UL>
<BR>[Called By]<UL><LI><a href="#[1c]">&gt;&gt;</a>&nbsp;&nbsp;&nbsp;main
</UL>

<P><STRONG><a name="[183]"></a>SetDefaultEthUartCfg</STRONG> (Thumb, 24 bytes, Stack size 0 bytes, parameter_setting.o(.text), UNUSED)

<P><STRONG><a name="[4d]"></a>InitAppCommon</STRONG> (Thumb, 16 bytes, Stack size 8 bytes, parameter_setting.o(.text), UNUSED)
<BR><BR>[Calls]<UL><LI><a href="#[4a]">&gt;&gt;</a>&nbsp;&nbsp;&nbsp;init_my_buf_que
</UL>

<P><STRONG><a name="[8]"></a>TMR0_IRQHandler</STRONG> (Thumb, 46 bytes, Stack size 0 bytes, parameter_setting.o(.text))
<BR>[Address Reference Count : 1]<UL><LI> startup_armcm0.o(RESET)
</UL>
<P><STRONG><a name="[2]"></a>Reset_Handler</STRONG> (Thumb, 8 bytes, Stack size 0 bytes, startup_armcm0.o(.text))
<BR>[Address Reference Count : 1]<UL><LI> startup_armcm0.o(RESET)
</UL>
<P><STRONG><a name="[4]"></a>HardFault_Handler</STRONG> (Thumb, 0 bytes, Stack size 0 bytes, startup_armcm0.o(.text))
<BR>[Address Reference Count : 1]<UL><LI> startup_armcm0.o(RESET)
</UL>
<P><STRONG><a name="[5]"></a>SVC_Handler</STRONG> (Thumb, 2 bytes, Stack size 0 bytes, startup_armcm0.o(.text))
<BR><BR>[Calls]<UL><LI><a href="#[5]">&gt;&gt;</a>&nbsp;&nbsp;&nbsp;SVC_Handler
</UL>
<BR>[Called By]<UL><LI><a href="#[5]">&gt;&gt;</a>&nbsp;&nbsp;&nbsp;SVC_Handler
</UL>
<BR>[Address Reference Count : 1]<UL><LI> startup_armcm0.o(RESET)
</UL>
<P><STRONG><a name="[6]"></a>PendSV_Handler</STRONG> (Thumb, 2 bytes, Stack size 0 bytes, startup_armcm0.o(.text))
<BR><BR>[Calls]<UL><LI><a href="#[6]">&gt;&gt;</a>&nbsp;&nbsp;&nbsp;PendSV_Handler
</UL>
<BR>[Called By]<UL><LI><a href="#[6]">&gt;&gt;</a>&nbsp;&nbsp;&nbsp;PendSV_Handler
</UL>
<BR>[Address Reference Count : 1]<UL><LI> startup_armcm0.o(RESET)
</UL>
<P><STRONG><a name="[7]"></a>SysTick_Handler</STRONG> (Thumb, 2 bytes, Stack size 0 bytes, startup_armcm0.o(.text))
<BR><BR>[Calls]<UL><LI><a href="#[7]">&gt;&gt;</a>&nbsp;&nbsp;&nbsp;SysTick_Handler
</UL>
<BR>[Called By]<UL><LI><a href="#[7]">&gt;&gt;</a>&nbsp;&nbsp;&nbsp;SysTick_Handler
</UL>
<BR>[Address Reference Count : 1]<UL><LI> startup_armcm0.o(RESET)
</UL>
<P><STRONG><a name="[15]"></a>ADC_IRQHandler</STRONG> (Thumb, 0 bytes, Stack size 0 bytes, startup_armcm0.o(.text))
<BR><BR>[Calls]<UL><LI><a href="#[15]">&gt;&gt;</a>&nbsp;&nbsp;&nbsp;ADC_IRQHandler
</UL>
<BR>[Called By]<UL><LI><a href="#[15]">&gt;&gt;</a>&nbsp;&nbsp;&nbsp;ADC_IRQHandler
</UL>
<BR>[Address Reference Count : 1]<UL><LI> startup_armcm0.o(RESET)
</UL>
<P><STRONG><a name="[c]"></a>BB_IRQHandler</STRONG> (Thumb, 0 bytes, Stack size 0 bytes, startup_armcm0.o(.text))
<BR>[Address Reference Count : 1]<UL><LI> startup_armcm0.o(RESET)
</UL>
<P><STRONG><a name="[9]"></a>GPIO_IRQHandler</STRONG> (Thumb, 0 bytes, Stack size 0 bytes, startup_armcm0.o(.text))
<BR>[Address Reference Count : 1]<UL><LI> startup_armcm0.o(RESET)
</UL>
<P><STRONG><a name="[17]"></a>LED_IRQHandler</STRONG> (Thumb, 0 bytes, Stack size 0 bytes, startup_armcm0.o(.text))
<BR>[Address Reference Count : 1]<UL><LI> startup_armcm0.o(RESET)
</UL>
<P><STRONG><a name="[d]"></a>LLE_IRQHandler</STRONG> (Thumb, 0 bytes, Stack size 0 bytes, startup_armcm0.o(.text))
<BR>[Address Reference Count : 1]<UL><LI> startup_armcm0.o(RESET)
</UL>
<P><STRONG><a name="[14]"></a>RTC_IRQHandler</STRONG> (Thumb, 0 bytes, Stack size 0 bytes, startup_armcm0.o(.text))
<BR>[Address Reference Count : 1]<UL><LI> startup_armcm0.o(RESET)
</UL>
<P><STRONG><a name="[a]"></a>SLAVE_IRQHandler</STRONG> (Thumb, 0 bytes, Stack size 0 bytes, startup_armcm0.o(.text))
<BR>[Address Reference Count : 1]<UL><LI> startup_armcm0.o(RESET)
</UL>
<P><STRONG><a name="[b]"></a>SPI0_IRQHandler</STRONG> (Thumb, 0 bytes, Stack size 0 bytes, startup_armcm0.o(.text))
<BR>[Address Reference Count : 1]<UL><LI> startup_armcm0.o(RESET)
</UL>
<P><STRONG><a name="[16]"></a>SPI1_IRQHandler</STRONG> (Thumb, 0 bytes, Stack size 0 bytes, startup_armcm0.o(.text))
<BR>[Address Reference Count : 1]<UL><LI> startup_armcm0.o(RESET)
</UL>
<P><STRONG><a name="[10]"></a>TMR1_IRQHandler</STRONG> (Thumb, 0 bytes, Stack size 0 bytes, startup_armcm0.o(.text))
<BR>[Address Reference Count : 1]<UL><LI> startup_armcm0.o(RESET)
</UL>
<P><STRONG><a name="[11]"></a>TMR2_IRQHandler</STRONG> (Thumb, 0 bytes, Stack size 0 bytes, startup_armcm0.o(.text))
<BR>[Address Reference Count : 1]<UL><LI> startup_armcm0.o(RESET)
</UL>
<P><STRONG><a name="[18]"></a>TMR3_IRQHandler</STRONG> (Thumb, 0 bytes, Stack size 0 bytes, startup_armcm0.o(.text))
<BR>[Address Reference Count : 1]<UL><LI> startup_armcm0.o(RESET)
</UL>
<P><STRONG><a name="[12]"></a>UART0_IRQHandler</STRONG> (Thumb, 0 bytes, Stack size 0 bytes, startup_armcm0.o(.text))
<BR>[Address Reference Count : 1]<UL><LI> startup_armcm0.o(RESET)
</UL>
<P><STRONG><a name="[13]"></a>UART1_IRQHandler</STRONG> (Thumb, 0 bytes, Stack size 0 bytes, startup_armcm0.o(.text))
<BR>[Address Reference Count : 1]<UL><LI> startup_armcm0.o(RESET)
</UL>
<P><STRONG><a name="[19]"></a>UART2_IRQHandler</STRONG> (Thumb, 0 bytes, Stack size 0 bytes, startup_armcm0.o(.text))
<BR>[Address Reference Count : 1]<UL><LI> startup_armcm0.o(RESET)
</UL>
<P><STRONG><a name="[1a]"></a>UART3_IRQHandler</STRONG> (Thumb, 0 bytes, Stack size 0 bytes, startup_armcm0.o(.text))
<BR>[Address Reference Count : 1]<UL><LI> startup_armcm0.o(RESET)
</UL>
<P><STRONG><a name="[e]"></a>USB_IRQHandler</STRONG> (Thumb, 0 bytes, Stack size 0 bytes, startup_armcm0.o(.text))
<BR>[Address Reference Count : 1]<UL><LI> startup_armcm0.o(RESET)
</UL>
<P><STRONG><a name="[1b]"></a>WDT_IRQHandler</STRONG> (Thumb, 0 bytes, Stack size 0 bytes, startup_armcm0.o(.text))
<BR>[Address Reference Count : 1]<UL><LI> startup_armcm0.o(RESET)
</UL>
<P><STRONG><a name="[59]"></a>etharp_request</STRONG> (Thumb, 22 bytes, Stack size 16 bytes, etharp.o(.text))
<BR><BR>[Stack]<UL><LI>Max Depth = 248<LI>Call Chain = etharp_request &rArr; etharp_request_dst &rArr; etharp_raw &rArr; pbuf_alloc &rArr; pbuf_free &rArr; mem_free &rArr; plug_holes &rArr; __2printf
</UL>
<BR>[Calls]<UL><LI><a href="#[58]">&gt;&gt;</a>&nbsp;&nbsp;&nbsp;etharp_request_dst
</UL>
<BR>[Called By]<UL><LI><a href="#[ad]">&gt;&gt;</a>&nbsp;&nbsp;&nbsp;netif_issue_reports
<LI><a href="#[62]">&gt;&gt;</a>&nbsp;&nbsp;&nbsp;etharp_query
<LI><a href="#[2a]">&gt;&gt;</a>&nbsp;&nbsp;&nbsp;etharp_tmr
<LI><a href="#[61]">&gt;&gt;</a>&nbsp;&nbsp;&nbsp;etharp_output_to_arp_index
</UL>

<P><STRONG><a name="[2a]"></a>etharp_tmr</STRONG> (Thumb, 202 bytes, Stack size 16 bytes, etharp.o(.text))
<BR><BR>[Stack]<UL><LI>Max Depth = 264<LI>Call Chain = etharp_tmr &rArr; etharp_request &rArr; etharp_request_dst &rArr; etharp_raw &rArr; pbuf_alloc &rArr; pbuf_free &rArr; mem_free &rArr; plug_holes &rArr; __2printf
</UL>
<BR>[Calls]<UL><LI><a href="#[59]">&gt;&gt;</a>&nbsp;&nbsp;&nbsp;etharp_request
<LI><a href="#[52]">&gt;&gt;</a>&nbsp;&nbsp;&nbsp;etharp_free_entry
</UL>
<BR>[Address Reference Count : 1]<UL><LI> timeouts.o(.constdata)
</UL>
<P><STRONG><a name="[5d]"></a>etharp_cleanup_netif</STRONG> (Thumb, 48 bytes, Stack size 16 bytes, etharp.o(.text), UNUSED)
<BR><BR>[Calls]<UL><LI><a href="#[52]">&gt;&gt;</a>&nbsp;&nbsp;&nbsp;etharp_free_entry
</UL>
<BR>[Called By]<UL><LI><a href="#[ba]">&gt;&gt;</a>&nbsp;&nbsp;&nbsp;netif_set_down
</UL>

<P><STRONG><a name="[5e]"></a>etharp_find_addr</STRONG> (Thumb, 112 bytes, Stack size 40 bytes, etharp.o(.text), UNUSED)
<BR><BR>[Calls]<UL><LI><a href="#[5a]">&gt;&gt;</a>&nbsp;&nbsp;&nbsp;etharp_find_entry
<LI><a href="#[4f]">&gt;&gt;</a>&nbsp;&nbsp;&nbsp;__2printf
</UL>

<P><STRONG><a name="[5f]"></a>etharp_get_entry</STRONG> (Thumb, 174 bytes, Stack size 24 bytes, etharp.o(.text), UNUSED)
<BR><BR>[Calls]<UL><LI><a href="#[4f]">&gt;&gt;</a>&nbsp;&nbsp;&nbsp;__2printf
</UL>

<P><STRONG><a name="[60]"></a>etharp_input</STRONG> (Thumb, 484 bytes, Stack size 48 bytes, etharp.o(.text), UNUSED)
<BR><BR>[Calls]<UL><LI><a href="#[50]">&gt;&gt;</a>&nbsp;&nbsp;&nbsp;pbuf_free
<LI><a href="#[5b]">&gt;&gt;</a>&nbsp;&nbsp;&nbsp;etharp_update_arp_entry
<LI><a href="#[54]">&gt;&gt;</a>&nbsp;&nbsp;&nbsp;etharp_raw
<LI><a href="#[4f]">&gt;&gt;</a>&nbsp;&nbsp;&nbsp;__2printf
<LI><a href="#[53]">&gt;&gt;</a>&nbsp;&nbsp;&nbsp;__aeabi_memcpy
</UL>
<BR>[Called By]<UL><LI><a href="#[ac]">&gt;&gt;</a>&nbsp;&nbsp;&nbsp;ethernet_input
</UL>

<P><STRONG><a name="[62]"></a>etharp_query</STRONG> (Thumb, 662 bytes, Stack size 64 bytes, etharp.o(.text), UNUSED)
<BR><BR>[Calls]<UL><LI><a href="#[50]">&gt;&gt;</a>&nbsp;&nbsp;&nbsp;pbuf_free
<LI><a href="#[64]">&gt;&gt;</a>&nbsp;&nbsp;&nbsp;pbuf_ref
<LI><a href="#[63]">&gt;&gt;</a>&nbsp;&nbsp;&nbsp;pbuf_clone
<LI><a href="#[65]">&gt;&gt;</a>&nbsp;&nbsp;&nbsp;memp_malloc
<LI><a href="#[51]">&gt;&gt;</a>&nbsp;&nbsp;&nbsp;memp_free
<LI><a href="#[5c]">&gt;&gt;</a>&nbsp;&nbsp;&nbsp;ip4_addr_isbroadcast_u32
<LI><a href="#[57]">&gt;&gt;</a>&nbsp;&nbsp;&nbsp;ethernet_output
<LI><a href="#[59]">&gt;&gt;</a>&nbsp;&nbsp;&nbsp;etharp_request
<LI><a href="#[5a]">&gt;&gt;</a>&nbsp;&nbsp;&nbsp;etharp_find_entry
<LI><a href="#[4f]">&gt;&gt;</a>&nbsp;&nbsp;&nbsp;__2printf
</UL>
<BR>[Called By]<UL><LI><a href="#[66]">&gt;&gt;</a>&nbsp;&nbsp;&nbsp;etharp_output
</UL>

<P><STRONG><a name="[66]"></a>etharp_output</STRONG> (Thumb, 574 bytes, Stack size 48 bytes, etharp.o(.text), UNUSED)
<BR><BR>[Calls]<UL><LI><a href="#[5c]">&gt;&gt;</a>&nbsp;&nbsp;&nbsp;ip4_addr_isbroadcast_u32
<LI><a href="#[57]">&gt;&gt;</a>&nbsp;&nbsp;&nbsp;ethernet_output
<LI><a href="#[62]">&gt;&gt;</a>&nbsp;&nbsp;&nbsp;etharp_query
<LI><a href="#[61]">&gt;&gt;</a>&nbsp;&nbsp;&nbsp;etharp_output_to_arp_index
<LI><a href="#[4f]">&gt;&gt;</a>&nbsp;&nbsp;&nbsp;__2printf
</UL>

<P><STRONG><a name="[67]"></a>icmp_input</STRONG> (Thumb, 600 bytes, Stack size 64 bytes, icmp.o(.text), UNUSED)
<BR><BR>[Calls]<UL><LI><a href="#[50]">&gt;&gt;</a>&nbsp;&nbsp;&nbsp;pbuf_free
<LI><a href="#[55]">&gt;&gt;</a>&nbsp;&nbsp;&nbsp;pbuf_alloc
<LI><a href="#[6a]">&gt;&gt;</a>&nbsp;&nbsp;&nbsp;pbuf_remove_header
<LI><a href="#[6b]">&gt;&gt;</a>&nbsp;&nbsp;&nbsp;pbuf_copy
<LI><a href="#[69]">&gt;&gt;</a>&nbsp;&nbsp;&nbsp;pbuf_add_header
<LI><a href="#[6e]">&gt;&gt;</a>&nbsp;&nbsp;&nbsp;ip4_output_if
<LI><a href="#[68]">&gt;&gt;</a>&nbsp;&nbsp;&nbsp;inet_chksum_pbuf
<LI><a href="#[6d]">&gt;&gt;</a>&nbsp;&nbsp;&nbsp;inet_chksum
<LI><a href="#[5c]">&gt;&gt;</a>&nbsp;&nbsp;&nbsp;ip4_addr_isbroadcast_u32
<LI><a href="#[4f]">&gt;&gt;</a>&nbsp;&nbsp;&nbsp;__2printf
<LI><a href="#[53]">&gt;&gt;</a>&nbsp;&nbsp;&nbsp;__aeabi_memcpy
<LI><a href="#[6c]">&gt;&gt;</a>&nbsp;&nbsp;&nbsp;__aeabi_uwrite4
</UL>
<BR>[Called By]<UL><LI><a href="#[75]">&gt;&gt;</a>&nbsp;&nbsp;&nbsp;ip4_input
</UL>

<P><STRONG><a name="[72]"></a>icmp_dest_unreach</STRONG> (Thumb, 18 bytes, Stack size 16 bytes, icmp.o(.text), UNUSED)
<BR><BR>[Calls]<UL><LI><a href="#[6f]">&gt;&gt;</a>&nbsp;&nbsp;&nbsp;icmp_send_response
</UL>
<BR>[Called By]<UL><LI><a href="#[78]">&gt;&gt;</a>&nbsp;&nbsp;&nbsp;udp_input
<LI><a href="#[75]">&gt;&gt;</a>&nbsp;&nbsp;&nbsp;ip4_input
</UL>

<P><STRONG><a name="[73]"></a>icmp_time_exceeded</STRONG> (Thumb, 18 bytes, Stack size 16 bytes, icmp.o(.text))
<BR><BR>[Stack]<UL><LI>Max Depth = 424<LI>Call Chain = icmp_time_exceeded &rArr; icmp_send_response &rArr; ip4_output_if &rArr; ip4_output_if_src &rArr; ip4_frag &rArr; pbuf_alloc &rArr; pbuf_free &rArr; mem_free &rArr; plug_holes &rArr; __2printf
</UL>
<BR>[Calls]<UL><LI><a href="#[6f]">&gt;&gt;</a>&nbsp;&nbsp;&nbsp;icmp_send_response
</UL>
<BR>[Called By]<UL><LI><a href="#[86]">&gt;&gt;</a>&nbsp;&nbsp;&nbsp;ip_reass_free_complete_datagram
</UL>

<P><STRONG><a name="[71]"></a>ip4_route</STRONG> (Thumb, 164 bytes, Stack size 8 bytes, ip4.o(.text))
<BR><BR>[Stack]<UL><LI>Max Depth = 8<LI>Call Chain = ip4_route
</UL>
<BR>[Called By]<UL><LI><a href="#[11c]">&gt;&gt;</a>&nbsp;&nbsp;&nbsp;tcp_route
<LI><a href="#[11a]">&gt;&gt;</a>&nbsp;&nbsp;&nbsp;tcp_listen_input
<LI><a href="#[117]">&gt;&gt;</a>&nbsp;&nbsp;&nbsp;tcp_process
<LI><a href="#[100]">&gt;&gt;</a>&nbsp;&nbsp;&nbsp;tcp_connect
<LI><a href="#[7d]">&gt;&gt;</a>&nbsp;&nbsp;&nbsp;ip4_output
<LI><a href="#[6f]">&gt;&gt;</a>&nbsp;&nbsp;&nbsp;icmp_send_response
<LI><a href="#[135]">&gt;&gt;</a>&nbsp;&nbsp;&nbsp;udp_sendto
</UL>

<P><STRONG><a name="[75]"></a>ip4_input</STRONG> (Thumb, 540 bytes, Stack size 32 bytes, ip4.o(.text), UNUSED)
<BR><BR>[Calls]<UL><LI><a href="#[50]">&gt;&gt;</a>&nbsp;&nbsp;&nbsp;pbuf_free
<LI><a href="#[78]">&gt;&gt;</a>&nbsp;&nbsp;&nbsp;udp_input
<LI><a href="#[79]">&gt;&gt;</a>&nbsp;&nbsp;&nbsp;tcp_input
<LI><a href="#[76]">&gt;&gt;</a>&nbsp;&nbsp;&nbsp;pbuf_realloc
<LI><a href="#[7a]">&gt;&gt;</a>&nbsp;&nbsp;&nbsp;pbuf_header_force
<LI><a href="#[77]">&gt;&gt;</a>&nbsp;&nbsp;&nbsp;ip4_reass
<LI><a href="#[74]">&gt;&gt;</a>&nbsp;&nbsp;&nbsp;ip4_input_accept
<LI><a href="#[6a]">&gt;&gt;</a>&nbsp;&nbsp;&nbsp;pbuf_remove_header
<LI><a href="#[6d]">&gt;&gt;</a>&nbsp;&nbsp;&nbsp;inet_chksum
<LI><a href="#[72]">&gt;&gt;</a>&nbsp;&nbsp;&nbsp;icmp_dest_unreach
<LI><a href="#[67]">&gt;&gt;</a>&nbsp;&nbsp;&nbsp;icmp_input
<LI><a href="#[56]">&gt;&gt;</a>&nbsp;&nbsp;&nbsp;lwip_htons
<LI><a href="#[5c]">&gt;&gt;</a>&nbsp;&nbsp;&nbsp;ip4_addr_isbroadcast_u32
<LI><a href="#[70]">&gt;&gt;</a>&nbsp;&nbsp;&nbsp;__aeabi_uread4
</UL>
<BR>[Called By]<UL><LI><a href="#[ac]">&gt;&gt;</a>&nbsp;&nbsp;&nbsp;ethernet_input
<LI><a href="#[ab]">&gt;&gt;</a>&nbsp;&nbsp;&nbsp;netif_input
</UL>

<P><STRONG><a name="[7b]"></a>ip4_output_if_src</STRONG> (Thumb, 622 bytes, Stack size 48 bytes, ip4.o(.text))
<BR><BR>[Stack]<UL><LI>Max Depth = 296<LI>Call Chain = ip4_output_if_src &rArr; ip4_frag &rArr; pbuf_alloc &rArr; pbuf_free &rArr; mem_free &rArr; plug_holes &rArr; __2printf
</UL>
<BR>[Calls]<UL><LI><a href="#[7c]">&gt;&gt;</a>&nbsp;&nbsp;&nbsp;ip4_frag
<LI><a href="#[69]">&gt;&gt;</a>&nbsp;&nbsp;&nbsp;pbuf_add_header
<LI><a href="#[56]">&gt;&gt;</a>&nbsp;&nbsp;&nbsp;lwip_htons
<LI><a href="#[4f]">&gt;&gt;</a>&nbsp;&nbsp;&nbsp;__2printf
<LI><a href="#[6c]">&gt;&gt;</a>&nbsp;&nbsp;&nbsp;__aeabi_uwrite4
<LI><a href="#[70]">&gt;&gt;</a>&nbsp;&nbsp;&nbsp;__aeabi_uread4
</UL>
<BR>[Called By]<UL><LI><a href="#[6e]">&gt;&gt;</a>&nbsp;&nbsp;&nbsp;ip4_output_if
<LI><a href="#[133]">&gt;&gt;</a>&nbsp;&nbsp;&nbsp;udp_sendto_if_src
</UL>

<P><STRONG><a name="[6e]"></a>ip4_output_if</STRONG> (Thumb, 56 bytes, Stack size 56 bytes, ip4.o(.text))
<BR><BR>[Stack]<UL><LI>Max Depth = 352<LI>Call Chain = ip4_output_if &rArr; ip4_output_if_src &rArr; ip4_frag &rArr; pbuf_alloc &rArr; pbuf_free &rArr; mem_free &rArr; plug_holes &rArr; __2printf
</UL>
<BR>[Calls]<UL><LI><a href="#[7b]">&gt;&gt;</a>&nbsp;&nbsp;&nbsp;ip4_output_if_src
</UL>
<BR>[Called By]<UL><LI><a href="#[123]">&gt;&gt;</a>&nbsp;&nbsp;&nbsp;tcp_output_control_segment
<LI><a href="#[122]">&gt;&gt;</a>&nbsp;&nbsp;&nbsp;tcp_output_segment
<LI><a href="#[7d]">&gt;&gt;</a>&nbsp;&nbsp;&nbsp;ip4_output
<LI><a href="#[67]">&gt;&gt;</a>&nbsp;&nbsp;&nbsp;icmp_input
<LI><a href="#[6f]">&gt;&gt;</a>&nbsp;&nbsp;&nbsp;icmp_send_response
</UL>

<P><STRONG><a name="[7d]"></a>ip4_output</STRONG> (Thumb, 90 bytes, Stack size 48 bytes, ip4.o(.text), UNUSED)
<BR><BR>[Calls]<UL><LI><a href="#[71]">&gt;&gt;</a>&nbsp;&nbsp;&nbsp;ip4_route
<LI><a href="#[6e]">&gt;&gt;</a>&nbsp;&nbsp;&nbsp;ip4_output_if
<LI><a href="#[4f]">&gt;&gt;</a>&nbsp;&nbsp;&nbsp;__2printf
</UL>

<P><STRONG><a name="[5c]"></a>ip4_addr_isbroadcast_u32</STRONG> (Thumb, 80 bytes, Stack size 12 bytes, ip4_addr.o(.text), UNUSED)
<BR><BR>[Called By]<UL><LI><a href="#[66]">&gt;&gt;</a>&nbsp;&nbsp;&nbsp;etharp_output
<LI><a href="#[78]">&gt;&gt;</a>&nbsp;&nbsp;&nbsp;udp_input
<LI><a href="#[79]">&gt;&gt;</a>&nbsp;&nbsp;&nbsp;tcp_input
<LI><a href="#[75]">&gt;&gt;</a>&nbsp;&nbsp;&nbsp;ip4_input
<LI><a href="#[74]">&gt;&gt;</a>&nbsp;&nbsp;&nbsp;ip4_input_accept
<LI><a href="#[67]">&gt;&gt;</a>&nbsp;&nbsp;&nbsp;icmp_input
<LI><a href="#[62]">&gt;&gt;</a>&nbsp;&nbsp;&nbsp;etharp_query
<LI><a href="#[5b]">&gt;&gt;</a>&nbsp;&nbsp;&nbsp;etharp_update_arp_entry
</UL>

<P><STRONG><a name="[7e]"></a>ip4_addr_netmask_valid</STRONG> (Thumb, 60 bytes, Stack size 16 bytes, ip4_addr.o(.text), UNUSED)
<BR><BR>[Calls]<UL><LI><a href="#[7f]">&gt;&gt;</a>&nbsp;&nbsp;&nbsp;lwip_htonl
</UL>

<P><STRONG><a name="[80]"></a>ip4addr_aton</STRONG> (Thumb, 422 bytes, Stack size 56 bytes, ip4_addr.o(.text), UNUSED)
<BR><BR>[Calls]<UL><LI><a href="#[3a]">&gt;&gt;</a>&nbsp;&nbsp;&nbsp;__ARM_common_switch8
<LI><a href="#[7f]">&gt;&gt;</a>&nbsp;&nbsp;&nbsp;lwip_htonl
<LI><a href="#[4f]">&gt;&gt;</a>&nbsp;&nbsp;&nbsp;__2printf
<LI><a href="#[81]">&gt;&gt;</a>&nbsp;&nbsp;&nbsp;__rt_ctype_table
</UL>
<BR>[Called By]<UL><LI><a href="#[82]">&gt;&gt;</a>&nbsp;&nbsp;&nbsp;ipaddr_addr
</UL>

<P><STRONG><a name="[82]"></a>ipaddr_addr</STRONG> (Thumb, 26 bytes, Stack size 16 bytes, ip4_addr.o(.text), UNUSED)
<BR><BR>[Calls]<UL><LI><a href="#[80]">&gt;&gt;</a>&nbsp;&nbsp;&nbsp;ip4addr_aton
</UL>

<P><STRONG><a name="[83]"></a>ip4addr_ntoa_r</STRONG> (Thumb, 162 bytes, Stack size 56 bytes, ip4_addr.o(.text), UNUSED)
<BR><BR>[Calls]<UL><LI><a href="#[44]">&gt;&gt;</a>&nbsp;&nbsp;&nbsp;__aeabi_idivmod
</UL>
<BR>[Called By]<UL><LI><a href="#[84]">&gt;&gt;</a>&nbsp;&nbsp;&nbsp;ip4addr_ntoa
</UL>

<P><STRONG><a name="[84]"></a>ip4addr_ntoa</STRONG> (Thumb, 16 bytes, Stack size 8 bytes, ip4_addr.o(.text), UNUSED)
<BR><BR>[Calls]<UL><LI><a href="#[83]">&gt;&gt;</a>&nbsp;&nbsp;&nbsp;ip4addr_ntoa_r
</UL>

<P><STRONG><a name="[29]"></a>ip_reass_tmr</STRONG> (Thumb, 56 bytes, Stack size 16 bytes, ip4_frag.o(.text))
<BR><BR>[Stack]<UL><LI>Max Depth = 480<LI>Call Chain = ip_reass_tmr &rArr; ip_reass_free_complete_datagram &rArr; icmp_time_exceeded &rArr; icmp_send_response &rArr; ip4_output_if &rArr; ip4_output_if_src &rArr; ip4_frag &rArr; pbuf_alloc &rArr; pbuf_free &rArr; mem_free &rArr; plug_holes &rArr; __2printf
</UL>
<BR>[Calls]<UL><LI><a href="#[86]">&gt;&gt;</a>&nbsp;&nbsp;&nbsp;ip_reass_free_complete_datagram
</UL>
<BR>[Address Reference Count : 1]<UL><LI> timeouts.o(.constdata)
</UL>
<P><STRONG><a name="[77]"></a>ip4_reass</STRONG> (Thumb, 922 bytes, Stack size 56 bytes, ip4_frag.o(.text), UNUSED)
<BR><BR>[Calls]<UL><LI><a href="#[50]">&gt;&gt;</a>&nbsp;&nbsp;&nbsp;pbuf_free
<LI><a href="#[87]">&gt;&gt;</a>&nbsp;&nbsp;&nbsp;pbuf_clen
<LI><a href="#[8b]">&gt;&gt;</a>&nbsp;&nbsp;&nbsp;pbuf_cat
<LI><a href="#[8a]">&gt;&gt;</a>&nbsp;&nbsp;&nbsp;ip_reass_chain_frag_into_datagram_and_validate
<LI><a href="#[89]">&gt;&gt;</a>&nbsp;&nbsp;&nbsp;ip_reass_enqueue_new_datagram
<LI><a href="#[88]">&gt;&gt;</a>&nbsp;&nbsp;&nbsp;ip_reass_remove_oldest_datagram
<LI><a href="#[85]">&gt;&gt;</a>&nbsp;&nbsp;&nbsp;ip_reass_dequeue_datagram
<LI><a href="#[6a]">&gt;&gt;</a>&nbsp;&nbsp;&nbsp;pbuf_remove_header
<LI><a href="#[6d]">&gt;&gt;</a>&nbsp;&nbsp;&nbsp;inet_chksum
<LI><a href="#[56]">&gt;&gt;</a>&nbsp;&nbsp;&nbsp;lwip_htons
<LI><a href="#[4f]">&gt;&gt;</a>&nbsp;&nbsp;&nbsp;__2printf
<LI><a href="#[53]">&gt;&gt;</a>&nbsp;&nbsp;&nbsp;__aeabi_memcpy
<LI><a href="#[70]">&gt;&gt;</a>&nbsp;&nbsp;&nbsp;__aeabi_uread4
</UL>
<BR>[Called By]<UL><LI><a href="#[75]">&gt;&gt;</a>&nbsp;&nbsp;&nbsp;ip4_input
</UL>

<P><STRONG><a name="[7c]"></a>ip4_frag</STRONG> (Thumb, 592 bytes, Stack size 96 bytes, ip4_frag.o(.text))
<BR><BR>[Stack]<UL><LI>Max Depth = 248<LI>Call Chain = ip4_frag &rArr; pbuf_alloc &rArr; pbuf_free &rArr; mem_free &rArr; plug_holes &rArr; __2printf
</UL>
<BR>[Calls]<UL><LI><a href="#[50]">&gt;&gt;</a>&nbsp;&nbsp;&nbsp;pbuf_free
<LI><a href="#[55]">&gt;&gt;</a>&nbsp;&nbsp;&nbsp;pbuf_alloc
<LI><a href="#[8b]">&gt;&gt;</a>&nbsp;&nbsp;&nbsp;pbuf_cat
<LI><a href="#[8e]">&gt;&gt;</a>&nbsp;&nbsp;&nbsp;pbuf_alloced_custom
<LI><a href="#[8d]">&gt;&gt;</a>&nbsp;&nbsp;&nbsp;ip_frag_free_pbuf_custom_ref
<LI><a href="#[8c]">&gt;&gt;</a>&nbsp;&nbsp;&nbsp;ip_frag_alloc_pbuf_custom_ref
<LI><a href="#[6d]">&gt;&gt;</a>&nbsp;&nbsp;&nbsp;inet_chksum
<LI><a href="#[64]">&gt;&gt;</a>&nbsp;&nbsp;&nbsp;pbuf_ref
<LI><a href="#[56]">&gt;&gt;</a>&nbsp;&nbsp;&nbsp;lwip_htons
<LI><a href="#[4f]">&gt;&gt;</a>&nbsp;&nbsp;&nbsp;__2printf
<LI><a href="#[53]">&gt;&gt;</a>&nbsp;&nbsp;&nbsp;__aeabi_memcpy
</UL>
<BR>[Called By]<UL><LI><a href="#[7b]">&gt;&gt;</a>&nbsp;&nbsp;&nbsp;ip4_output_if_src
</UL>

<P><STRONG><a name="[56]"></a>lwip_htons</STRONG> (Thumb, 18 bytes, Stack size 0 bytes, def.o(.text))
<BR><BR>[Called By]<UL><LI><a href="#[120]">&gt;&gt;</a>&nbsp;&nbsp;&nbsp;tcp_write
<LI><a href="#[125]">&gt;&gt;</a>&nbsp;&nbsp;&nbsp;tcp_output_alloc_header_common
<LI><a href="#[122]">&gt;&gt;</a>&nbsp;&nbsp;&nbsp;tcp_output_segment
<LI><a href="#[11d]">&gt;&gt;</a>&nbsp;&nbsp;&nbsp;tcp_create_segment
<LI><a href="#[112]">&gt;&gt;</a>&nbsp;&nbsp;&nbsp;tcp_receive
<LI><a href="#[111]">&gt;&gt;</a>&nbsp;&nbsp;&nbsp;tcp_free_acked_segments
<LI><a href="#[e3]">&gt;&gt;</a>&nbsp;&nbsp;&nbsp;tcp_zero_window_probe
<LI><a href="#[e4]">&gt;&gt;</a>&nbsp;&nbsp;&nbsp;tcp_split_unsent_seg
<LI><a href="#[eb]">&gt;&gt;</a>&nbsp;&nbsp;&nbsp;tcp_send_fin
<LI><a href="#[e6]">&gt;&gt;</a>&nbsp;&nbsp;&nbsp;tcp_rexmit_rto_prepare
<LI><a href="#[e5]">&gt;&gt;</a>&nbsp;&nbsp;&nbsp;tcp_output
<LI><a href="#[98]">&gt;&gt;</a>&nbsp;&nbsp;&nbsp;inet_cksum_pseudo_partial_base
<LI><a href="#[94]">&gt;&gt;</a>&nbsp;&nbsp;&nbsp;inet_cksum_pseudo_base
<LI><a href="#[8a]">&gt;&gt;</a>&nbsp;&nbsp;&nbsp;ip_reass_chain_frag_into_datagram_and_validate
<LI><a href="#[78]">&gt;&gt;</a>&nbsp;&nbsp;&nbsp;udp_input
<LI><a href="#[79]">&gt;&gt;</a>&nbsp;&nbsp;&nbsp;tcp_input
<LI><a href="#[77]">&gt;&gt;</a>&nbsp;&nbsp;&nbsp;ip4_reass
<LI><a href="#[7c]">&gt;&gt;</a>&nbsp;&nbsp;&nbsp;ip4_frag
<LI><a href="#[7b]">&gt;&gt;</a>&nbsp;&nbsp;&nbsp;ip4_output_if_src
<LI><a href="#[75]">&gt;&gt;</a>&nbsp;&nbsp;&nbsp;ip4_input
<LI><a href="#[57]">&gt;&gt;</a>&nbsp;&nbsp;&nbsp;ethernet_output
<LI><a href="#[54]">&gt;&gt;</a>&nbsp;&nbsp;&nbsp;etharp_raw
<LI><a href="#[133]">&gt;&gt;</a>&nbsp;&nbsp;&nbsp;udp_sendto_if_src
</UL>

<P><STRONG><a name="[7f]"></a>lwip_htonl</STRONG> (Thumb, 30 bytes, Stack size 0 bytes, def.o(.text))
<BR><BR>[Called By]<UL><LI><a href="#[125]">&gt;&gt;</a>&nbsp;&nbsp;&nbsp;tcp_output_alloc_header_common
<LI><a href="#[122]">&gt;&gt;</a>&nbsp;&nbsp;&nbsp;tcp_output_segment
<LI><a href="#[11d]">&gt;&gt;</a>&nbsp;&nbsp;&nbsp;tcp_create_segment
<LI><a href="#[114]">&gt;&gt;</a>&nbsp;&nbsp;&nbsp;tcp_send_empty_ack
<LI><a href="#[119]">&gt;&gt;</a>&nbsp;&nbsp;&nbsp;tcp_rexmit
<LI><a href="#[112]">&gt;&gt;</a>&nbsp;&nbsp;&nbsp;tcp_receive
<LI><a href="#[111]">&gt;&gt;</a>&nbsp;&nbsp;&nbsp;tcp_free_acked_segments
<LI><a href="#[e3]">&gt;&gt;</a>&nbsp;&nbsp;&nbsp;tcp_zero_window_probe
<LI><a href="#[e4]">&gt;&gt;</a>&nbsp;&nbsp;&nbsp;tcp_split_unsent_seg
<LI><a href="#[e9]">&gt;&gt;</a>&nbsp;&nbsp;&nbsp;tcp_rst
<LI><a href="#[e6]">&gt;&gt;</a>&nbsp;&nbsp;&nbsp;tcp_rexmit_rto_prepare
<LI><a href="#[e5]">&gt;&gt;</a>&nbsp;&nbsp;&nbsp;tcp_output
<LI><a href="#[e8]">&gt;&gt;</a>&nbsp;&nbsp;&nbsp;tcp_keepalive
<LI><a href="#[80]">&gt;&gt;</a>&nbsp;&nbsp;&nbsp;ip4addr_aton
<LI><a href="#[7e]">&gt;&gt;</a>&nbsp;&nbsp;&nbsp;ip4_addr_netmask_valid
<LI><a href="#[79]">&gt;&gt;</a>&nbsp;&nbsp;&nbsp;tcp_input
</UL>

<P><STRONG><a name="[8f]"></a>lwip_strnstr</STRONG> (Thumb, 74 bytes, Stack size 32 bytes, def.o(.text), UNUSED)
<BR><BR>[Calls]<UL><LI><a href="#[91]">&gt;&gt;</a>&nbsp;&nbsp;&nbsp;strncmp
<LI><a href="#[90]">&gt;&gt;</a>&nbsp;&nbsp;&nbsp;strlen
</UL>

<P><STRONG><a name="[184]"></a>lwip_stricmp</STRONG> (Thumb, 64 bytes, Stack size 16 bytes, def.o(.text), UNUSED)

<P><STRONG><a name="[185]"></a>lwip_strnicmp</STRONG> (Thumb, 70 bytes, Stack size 20 bytes, def.o(.text), UNUSED)

<P><STRONG><a name="[92]"></a>lwip_itoa</STRONG> (Thumb, 154 bytes, Stack size 40 bytes, def.o(.text), UNUSED)
<BR><BR>[Calls]<UL><LI><a href="#[93]">&gt;&gt;</a>&nbsp;&nbsp;&nbsp;__aeabi_memmove
<LI><a href="#[44]">&gt;&gt;</a>&nbsp;&nbsp;&nbsp;__aeabi_idivmod
</UL>
<BR>[Called By]<UL><LI><a href="#[c3]">&gt;&gt;</a>&nbsp;&nbsp;&nbsp;netif_index_to_name
</UL>

<P><STRONG><a name="[95]"></a>lwip_standard_chksum</STRONG> (Thumb, 104 bytes, Stack size 24 bytes, inet_chksum.o(.text))
<BR><BR>[Stack]<UL><LI>Max Depth = 24<LI>Call Chain = lwip_standard_chksum
</UL>
<BR>[Called By]<UL><LI><a href="#[98]">&gt;&gt;</a>&nbsp;&nbsp;&nbsp;inet_cksum_pseudo_partial_base
<LI><a href="#[94]">&gt;&gt;</a>&nbsp;&nbsp;&nbsp;inet_cksum_pseudo_base
<LI><a href="#[68]">&gt;&gt;</a>&nbsp;&nbsp;&nbsp;inet_chksum_pbuf
<LI><a href="#[6d]">&gt;&gt;</a>&nbsp;&nbsp;&nbsp;inet_chksum
</UL>

<P><STRONG><a name="[96]"></a>inet_chksum_pseudo</STRONG> (Thumb, 52 bytes, Stack size 40 bytes, inet_chksum.o(.text))
<BR><BR>[Stack]<UL><LI>Max Depth = 104<LI>Call Chain = inet_chksum_pseudo &rArr; inet_cksum_pseudo_base &rArr; lwip_standard_chksum
</UL>
<BR>[Calls]<UL><LI><a href="#[94]">&gt;&gt;</a>&nbsp;&nbsp;&nbsp;inet_cksum_pseudo_base
</UL>
<BR>[Called By]<UL><LI><a href="#[97]">&gt;&gt;</a>&nbsp;&nbsp;&nbsp;ip_chksum_pseudo
</UL>

<P><STRONG><a name="[97]"></a>ip_chksum_pseudo</STRONG> (Thumb, 30 bytes, Stack size 40 bytes, inet_chksum.o(.text))
<BR><BR>[Stack]<UL><LI>Max Depth = 144<LI>Call Chain = ip_chksum_pseudo &rArr; inet_chksum_pseudo &rArr; inet_cksum_pseudo_base &rArr; lwip_standard_chksum
</UL>
<BR>[Calls]<UL><LI><a href="#[96]">&gt;&gt;</a>&nbsp;&nbsp;&nbsp;inet_chksum_pseudo
</UL>
<BR>[Called By]<UL><LI><a href="#[123]">&gt;&gt;</a>&nbsp;&nbsp;&nbsp;tcp_output_control_segment
<LI><a href="#[122]">&gt;&gt;</a>&nbsp;&nbsp;&nbsp;tcp_output_segment
<LI><a href="#[78]">&gt;&gt;</a>&nbsp;&nbsp;&nbsp;udp_input
<LI><a href="#[79]">&gt;&gt;</a>&nbsp;&nbsp;&nbsp;tcp_input
<LI><a href="#[133]">&gt;&gt;</a>&nbsp;&nbsp;&nbsp;udp_sendto_if_src
</UL>

<P><STRONG><a name="[99]"></a>inet_chksum_pseudo_partial</STRONG> (Thumb, 60 bytes, Stack size 40 bytes, inet_chksum.o(.text), UNUSED)
<BR><BR>[Calls]<UL><LI><a href="#[98]">&gt;&gt;</a>&nbsp;&nbsp;&nbsp;inet_cksum_pseudo_partial_base
</UL>
<BR>[Called By]<UL><LI><a href="#[9a]">&gt;&gt;</a>&nbsp;&nbsp;&nbsp;ip_chksum_pseudo_partial
</UL>

<P><STRONG><a name="[9a]"></a>ip_chksum_pseudo_partial</STRONG> (Thumb, 34 bytes, Stack size 48 bytes, inet_chksum.o(.text), UNUSED)
<BR><BR>[Calls]<UL><LI><a href="#[99]">&gt;&gt;</a>&nbsp;&nbsp;&nbsp;inet_chksum_pseudo_partial
</UL>
<BR>[Called By]<UL><LI><a href="#[78]">&gt;&gt;</a>&nbsp;&nbsp;&nbsp;udp_input
<LI><a href="#[133]">&gt;&gt;</a>&nbsp;&nbsp;&nbsp;udp_sendto_if_src
</UL>

<P><STRONG><a name="[6d]"></a>inet_chksum</STRONG> (Thumb, 20 bytes, Stack size 12 bytes, inet_chksum.o(.text))
<BR><BR>[Stack]<UL><LI>Max Depth = 36<LI>Call Chain = inet_chksum &rArr; lwip_standard_chksum
</UL>
<BR>[Calls]<UL><LI><a href="#[95]">&gt;&gt;</a>&nbsp;&nbsp;&nbsp;lwip_standard_chksum
</UL>
<BR>[Called By]<UL><LI><a href="#[77]">&gt;&gt;</a>&nbsp;&nbsp;&nbsp;ip4_reass
<LI><a href="#[7c]">&gt;&gt;</a>&nbsp;&nbsp;&nbsp;ip4_frag
<LI><a href="#[75]">&gt;&gt;</a>&nbsp;&nbsp;&nbsp;ip4_input
<LI><a href="#[67]">&gt;&gt;</a>&nbsp;&nbsp;&nbsp;icmp_input
<LI><a href="#[6f]">&gt;&gt;</a>&nbsp;&nbsp;&nbsp;icmp_send_response
</UL>

<P><STRONG><a name="[68]"></a>inet_chksum_pbuf</STRONG> (Thumb, 102 bytes, Stack size 20 bytes, inet_chksum.o(.text), UNUSED)
<BR><BR>[Calls]<UL><LI><a href="#[95]">&gt;&gt;</a>&nbsp;&nbsp;&nbsp;lwip_standard_chksum
</UL>
<BR>[Called By]<UL><LI><a href="#[67]">&gt;&gt;</a>&nbsp;&nbsp;&nbsp;icmp_input
</UL>

<P><STRONG><a name="[9e]"></a>mem_init</STRONG> (Thumb, 74 bytes, Stack size 8 bytes, mem.o(.text), UNUSED)
<BR><BR>[Calls]<UL><LI><a href="#[9c]">&gt;&gt;</a>&nbsp;&nbsp;&nbsp;ptr_to_mem
</UL>

<P><STRONG><a name="[a0]"></a>mem_free</STRONG> (Thumb, 198 bytes, Stack size 16 bytes, mem.o(.text))
<BR><BR>[Stack]<UL><LI>Max Depth = 64<LI>Call Chain = mem_free &rArr; plug_holes &rArr; __2printf
</UL>
<BR>[Calls]<UL><LI><a href="#[9f]">&gt;&gt;</a>&nbsp;&nbsp;&nbsp;mem_link_valid
<LI><a href="#[9b]">&gt;&gt;</a>&nbsp;&nbsp;&nbsp;plug_holes
<LI><a href="#[4f]">&gt;&gt;</a>&nbsp;&nbsp;&nbsp;__2printf
</UL>
<BR>[Called By]<UL><LI><a href="#[50]">&gt;&gt;</a>&nbsp;&nbsp;&nbsp;pbuf_free
</UL>

<P><STRONG><a name="[a1]"></a>mem_trim</STRONG> (Thumb, 904 bytes, Stack size 40 bytes, mem.o(.text))
<BR><BR>[Stack]<UL><LI>Max Depth = 64<LI>Call Chain = mem_trim &rArr; __2printf
</UL>
<BR>[Calls]<UL><LI><a href="#[9d]">&gt;&gt;</a>&nbsp;&nbsp;&nbsp;mem_to_ptr
<LI><a href="#[9c]">&gt;&gt;</a>&nbsp;&nbsp;&nbsp;ptr_to_mem
<LI><a href="#[4f]">&gt;&gt;</a>&nbsp;&nbsp;&nbsp;__2printf
</UL>
<BR>[Called By]<UL><LI><a href="#[76]">&gt;&gt;</a>&nbsp;&nbsp;&nbsp;pbuf_realloc
</UL>

<P><STRONG><a name="[a2]"></a>mem_malloc</STRONG> (Thumb, 474 bytes, Stack size 32 bytes, mem.o(.text))
<BR><BR>[Stack]<UL><LI>Max Depth = 56<LI>Call Chain = mem_malloc &rArr; __2printf
</UL>
<BR>[Calls]<UL><LI><a href="#[9d]">&gt;&gt;</a>&nbsp;&nbsp;&nbsp;mem_to_ptr
<LI><a href="#[9c]">&gt;&gt;</a>&nbsp;&nbsp;&nbsp;ptr_to_mem
<LI><a href="#[4f]">&gt;&gt;</a>&nbsp;&nbsp;&nbsp;__2printf
</UL>
<BR>[Called By]<UL><LI><a href="#[55]">&gt;&gt;</a>&nbsp;&nbsp;&nbsp;pbuf_alloc
<LI><a href="#[a3]">&gt;&gt;</a>&nbsp;&nbsp;&nbsp;mem_calloc
</UL>

<P><STRONG><a name="[a3]"></a>mem_calloc</STRONG> (Thumb, 50 bytes, Stack size 24 bytes, mem.o(.text), UNUSED)
<BR><BR>[Calls]<UL><LI><a href="#[a2]">&gt;&gt;</a>&nbsp;&nbsp;&nbsp;mem_malloc
<LI><a href="#[a4]">&gt;&gt;</a>&nbsp;&nbsp;&nbsp;__aeabi_memclr
</UL>

<P><STRONG><a name="[a6]"></a>memp_init_pool</STRONG> (Thumb, 44 bytes, Stack size 8 bytes, memp.o(.text), UNUSED)
<BR><BR>[Called By]<UL><LI><a href="#[a5]">&gt;&gt;</a>&nbsp;&nbsp;&nbsp;memp_init
</UL>

<P><STRONG><a name="[a5]"></a>memp_init</STRONG> (Thumb, 26 bytes, Stack size 8 bytes, memp.o(.text), UNUSED)
<BR><BR>[Calls]<UL><LI><a href="#[a6]">&gt;&gt;</a>&nbsp;&nbsp;&nbsp;memp_init_pool
</UL>

<P><STRONG><a name="[a8]"></a>memp_malloc_pool</STRONG> (Thumb, 54 bytes, Stack size 8 bytes, memp.o(.text), UNUSED)
<BR><BR>[Calls]<UL><LI><a href="#[a7]">&gt;&gt;</a>&nbsp;&nbsp;&nbsp;do_memp_malloc_pool
<LI><a href="#[4f]">&gt;&gt;</a>&nbsp;&nbsp;&nbsp;__2printf
</UL>

<P><STRONG><a name="[65]"></a>memp_malloc</STRONG> (Thumb, 52 bytes, Stack size 16 bytes, memp.o(.text))
<BR><BR>[Stack]<UL><LI>Max Depth = 56<LI>Call Chain = memp_malloc &rArr; do_memp_malloc_pool &rArr; __2printf
</UL>
<BR>[Calls]<UL><LI><a href="#[a7]">&gt;&gt;</a>&nbsp;&nbsp;&nbsp;do_memp_malloc_pool
<LI><a href="#[4f]">&gt;&gt;</a>&nbsp;&nbsp;&nbsp;__2printf
</UL>
<BR>[Called By]<UL><LI><a href="#[55]">&gt;&gt;</a>&nbsp;&nbsp;&nbsp;pbuf_alloc
<LI><a href="#[127]">&gt;&gt;</a>&nbsp;&nbsp;&nbsp;sys_timeout_abs
<LI><a href="#[11d]">&gt;&gt;</a>&nbsp;&nbsp;&nbsp;tcp_create_segment
<LI><a href="#[108]">&gt;&gt;</a>&nbsp;&nbsp;&nbsp;tcp_alloc
<LI><a href="#[fc]">&gt;&gt;</a>&nbsp;&nbsp;&nbsp;tcp_listen_with_backlog_and_err
<LI><a href="#[c5]">&gt;&gt;</a>&nbsp;&nbsp;&nbsp;pbuf_alloc_reference
<LI><a href="#[8c]">&gt;&gt;</a>&nbsp;&nbsp;&nbsp;ip_frag_alloc_pbuf_custom_ref
<LI><a href="#[89]">&gt;&gt;</a>&nbsp;&nbsp;&nbsp;ip_reass_enqueue_new_datagram
<LI><a href="#[62]">&gt;&gt;</a>&nbsp;&nbsp;&nbsp;etharp_query
<LI><a href="#[13b]">&gt;&gt;</a>&nbsp;&nbsp;&nbsp;udp_new
</UL>

<P><STRONG><a name="[aa]"></a>memp_free_pool</STRONG> (Thumb, 62 bytes, Stack size 16 bytes, memp.o(.text), UNUSED)
<BR><BR>[Calls]<UL><LI><a href="#[a9]">&gt;&gt;</a>&nbsp;&nbsp;&nbsp;do_memp_free_pool
<LI><a href="#[4f]">&gt;&gt;</a>&nbsp;&nbsp;&nbsp;__2printf
</UL>

<P><STRONG><a name="[51]"></a>memp_free</STRONG> (Thumb, 58 bytes, Stack size 16 bytes, memp.o(.text))
<BR><BR>[Stack]<UL><LI>Max Depth = 56<LI>Call Chain = memp_free &rArr; do_memp_free_pool &rArr; __2printf
</UL>
<BR>[Calls]<UL><LI><a href="#[a9]">&gt;&gt;</a>&nbsp;&nbsp;&nbsp;do_memp_free_pool
<LI><a href="#[4f]">&gt;&gt;</a>&nbsp;&nbsp;&nbsp;__2printf
</UL>
<BR>[Called By]<UL><LI><a href="#[50]">&gt;&gt;</a>&nbsp;&nbsp;&nbsp;pbuf_free
<LI><a href="#[12c]">&gt;&gt;</a>&nbsp;&nbsp;&nbsp;sys_check_timeouts
<LI><a href="#[12b]">&gt;&gt;</a>&nbsp;&nbsp;&nbsp;sys_untimeout
<LI><a href="#[df]">&gt;&gt;</a>&nbsp;&nbsp;&nbsp;tcp_seg_free
<LI><a href="#[dd]">&gt;&gt;</a>&nbsp;&nbsp;&nbsp;tcp_free
<LI><a href="#[de]">&gt;&gt;</a>&nbsp;&nbsp;&nbsp;tcp_free_listen
<LI><a href="#[8d]">&gt;&gt;</a>&nbsp;&nbsp;&nbsp;ip_frag_free_pbuf_custom_ref
<LI><a href="#[85]">&gt;&gt;</a>&nbsp;&nbsp;&nbsp;ip_reass_dequeue_datagram
<LI><a href="#[62]">&gt;&gt;</a>&nbsp;&nbsp;&nbsp;etharp_query
<LI><a href="#[5b]">&gt;&gt;</a>&nbsp;&nbsp;&nbsp;etharp_update_arp_entry
<LI><a href="#[4e]">&gt;&gt;</a>&nbsp;&nbsp;&nbsp;free_etharp_q
<LI><a href="#[13a]">&gt;&gt;</a>&nbsp;&nbsp;&nbsp;udp_remove
</UL>

<P><STRONG><a name="[186]"></a>netif_init</STRONG> (Thumb, 2 bytes, Stack size 0 bytes, netif.o(.text), UNUSED)

<P><STRONG><a name="[ab]"></a>netif_input</STRONG> (Thumb, 102 bytes, Stack size 16 bytes, netif.o(.text), UNUSED)
<BR><BR>[Calls]<UL><LI><a href="#[ac]">&gt;&gt;</a>&nbsp;&nbsp;&nbsp;ethernet_input
<LI><a href="#[75]">&gt;&gt;</a>&nbsp;&nbsp;&nbsp;ip4_input
<LI><a href="#[4f]">&gt;&gt;</a>&nbsp;&nbsp;&nbsp;__2printf
</UL>

<P><STRONG><a name="[b2]"></a>netif_set_addr</STRONG> (Thumb, 104 bytes, Stack size 48 bytes, netif.o(.text), UNUSED)
<BR><BR>[Calls]<UL><LI><a href="#[b3]">&gt;&gt;</a>&nbsp;&nbsp;&nbsp;netif_do_set_netmask
<LI><a href="#[b4]">&gt;&gt;</a>&nbsp;&nbsp;&nbsp;netif_do_set_gw
<LI><a href="#[b1]">&gt;&gt;</a>&nbsp;&nbsp;&nbsp;netif_do_set_ipaddr
</UL>
<BR>[Called By]<UL><LI><a href="#[b5]">&gt;&gt;</a>&nbsp;&nbsp;&nbsp;netif_add
</UL>

<P><STRONG><a name="[b5]"></a>netif_add</STRONG> (Thumb, 708 bytes, Stack size 40 bytes, netif.o(.text), UNUSED)
<BR><BR>[Calls]<UL><LI><a href="#[b2]">&gt;&gt;</a>&nbsp;&nbsp;&nbsp;netif_set_addr
<LI><a href="#[4f]">&gt;&gt;</a>&nbsp;&nbsp;&nbsp;__2printf
</UL>
<BR>[Called By]<UL><LI><a href="#[b6]">&gt;&gt;</a>&nbsp;&nbsp;&nbsp;netif_add_noaddr
</UL>

<P><STRONG><a name="[b6]"></a>netif_add_noaddr</STRONG> (Thumb, 30 bytes, Stack size 32 bytes, netif.o(.text), UNUSED)
<BR><BR>[Calls]<UL><LI><a href="#[b5]">&gt;&gt;</a>&nbsp;&nbsp;&nbsp;netif_add
</UL>

<P><STRONG><a name="[b7]"></a>netif_set_ipaddr</STRONG> (Thumb, 58 bytes, Stack size 16 bytes, netif.o(.text), UNUSED)
<BR><BR>[Calls]<UL><LI><a href="#[b1]">&gt;&gt;</a>&nbsp;&nbsp;&nbsp;netif_do_set_ipaddr
<LI><a href="#[4f]">&gt;&gt;</a>&nbsp;&nbsp;&nbsp;__2printf
</UL>

<P><STRONG><a name="[b8]"></a>netif_set_netmask</STRONG> (Thumb, 58 bytes, Stack size 16 bytes, netif.o(.text), UNUSED)
<BR><BR>[Calls]<UL><LI><a href="#[b3]">&gt;&gt;</a>&nbsp;&nbsp;&nbsp;netif_do_set_netmask
<LI><a href="#[4f]">&gt;&gt;</a>&nbsp;&nbsp;&nbsp;__2printf
</UL>

<P><STRONG><a name="[b9]"></a>netif_set_gw</STRONG> (Thumb, 60 bytes, Stack size 16 bytes, netif.o(.text), UNUSED)
<BR><BR>[Calls]<UL><LI><a href="#[b4]">&gt;&gt;</a>&nbsp;&nbsp;&nbsp;netif_do_set_gw
<LI><a href="#[4f]">&gt;&gt;</a>&nbsp;&nbsp;&nbsp;__2printf
</UL>

<P><STRONG><a name="[bc]"></a>netif_set_default</STRONG> (Thumb, 10 bytes, Stack size 0 bytes, netif.o(.text), UNUSED)
<BR><BR>[Called By]<UL><LI><a href="#[bb]">&gt;&gt;</a>&nbsp;&nbsp;&nbsp;netif_remove
</UL>

<P><STRONG><a name="[ba]"></a>netif_set_down</STRONG> (Thumb, 84 bytes, Stack size 8 bytes, netif.o(.text), UNUSED)
<BR><BR>[Calls]<UL><LI><a href="#[5d]">&gt;&gt;</a>&nbsp;&nbsp;&nbsp;etharp_cleanup_netif
<LI><a href="#[4f]">&gt;&gt;</a>&nbsp;&nbsp;&nbsp;__2printf
</UL>
<BR>[Called By]<UL><LI><a href="#[bb]">&gt;&gt;</a>&nbsp;&nbsp;&nbsp;netif_remove
</UL>

<P><STRONG><a name="[bb]"></a>netif_remove</STRONG> (Thumb, 114 bytes, Stack size 8 bytes, netif.o(.text), UNUSED)
<BR><BR>[Calls]<UL><LI><a href="#[ba]">&gt;&gt;</a>&nbsp;&nbsp;&nbsp;netif_set_down
<LI><a href="#[bc]">&gt;&gt;</a>&nbsp;&nbsp;&nbsp;netif_set_default
<LI><a href="#[ae]">&gt;&gt;</a>&nbsp;&nbsp;&nbsp;netif_do_ip_addr_changed
</UL>

<P><STRONG><a name="[bd]"></a>netif_set_up</STRONG> (Thumb, 76 bytes, Stack size 8 bytes, netif.o(.text), UNUSED)
<BR><BR>[Calls]<UL><LI><a href="#[ad]">&gt;&gt;</a>&nbsp;&nbsp;&nbsp;netif_issue_reports
<LI><a href="#[4f]">&gt;&gt;</a>&nbsp;&nbsp;&nbsp;__2printf
</UL>

<P><STRONG><a name="[be]"></a>netif_set_link_up</STRONG> (Thumb, 74 bytes, Stack size 8 bytes, netif.o(.text), UNUSED)
<BR><BR>[Calls]<UL><LI><a href="#[ad]">&gt;&gt;</a>&nbsp;&nbsp;&nbsp;netif_issue_reports
<LI><a href="#[4f]">&gt;&gt;</a>&nbsp;&nbsp;&nbsp;__2printf
</UL>

<P><STRONG><a name="[bf]"></a>netif_set_link_down</STRONG> (Thumb, 68 bytes, Stack size 8 bytes, netif.o(.text), UNUSED)
<BR><BR>[Calls]<UL><LI><a href="#[4f]">&gt;&gt;</a>&nbsp;&nbsp;&nbsp;__2printf
</UL>

<P><STRONG><a name="[c0]"></a>netif_find</STRONG> (Thumb, 74 bytes, Stack size 16 bytes, netif.o(.text), UNUSED)
<BR><BR>[Calls]<UL><LI><a href="#[c1]">&gt;&gt;</a>&nbsp;&nbsp;&nbsp;atoi
</UL>
<BR>[Called By]<UL><LI><a href="#[c2]">&gt;&gt;</a>&nbsp;&nbsp;&nbsp;netif_name_to_index
</UL>

<P><STRONG><a name="[c2]"></a>netif_name_to_index</STRONG> (Thumb, 30 bytes, Stack size 16 bytes, netif.o(.text), UNUSED)
<BR><BR>[Calls]<UL><LI><a href="#[c0]">&gt;&gt;</a>&nbsp;&nbsp;&nbsp;netif_find
</UL>

<P><STRONG><a name="[c4]"></a>netif_get_by_index</STRONG> (Thumb, 38 bytes, Stack size 0 bytes, netif.o(.text))
<BR><BR>[Called By]<UL><LI><a href="#[11c]">&gt;&gt;</a>&nbsp;&nbsp;&nbsp;tcp_route
<LI><a href="#[100]">&gt;&gt;</a>&nbsp;&nbsp;&nbsp;tcp_connect
<LI><a href="#[c3]">&gt;&gt;</a>&nbsp;&nbsp;&nbsp;netif_index_to_name
<LI><a href="#[135]">&gt;&gt;</a>&nbsp;&nbsp;&nbsp;udp_sendto
</UL>

<P><STRONG><a name="[c3]"></a>netif_index_to_name</STRONG> (Thumb, 48 bytes, Stack size 16 bytes, netif.o(.text), UNUSED)
<BR><BR>[Calls]<UL><LI><a href="#[c4]">&gt;&gt;</a>&nbsp;&nbsp;&nbsp;netif_get_by_index
<LI><a href="#[92]">&gt;&gt;</a>&nbsp;&nbsp;&nbsp;lwip_itoa
</UL>

<P><STRONG><a name="[50]"></a>pbuf_free</STRONG> (Thumb, 268 bytes, Stack size 32 bytes, pbuf.o(.text))
<BR><BR>[Stack]<UL><LI>Max Depth = 96<LI>Call Chain = pbuf_free &rArr; mem_free &rArr; plug_holes &rArr; __2printf
</UL>
<BR>[Calls]<UL><LI><a href="#[a0]">&gt;&gt;</a>&nbsp;&nbsp;&nbsp;mem_free
<LI><a href="#[51]">&gt;&gt;</a>&nbsp;&nbsp;&nbsp;memp_free
<LI><a href="#[4f]">&gt;&gt;</a>&nbsp;&nbsp;&nbsp;__2printf
</UL>
<BR>[Called By]<UL><LI><a href="#[55]">&gt;&gt;</a>&nbsp;&nbsp;&nbsp;pbuf_alloc
<LI><a href="#[120]">&gt;&gt;</a>&nbsp;&nbsp;&nbsp;tcp_write
<LI><a href="#[123]">&gt;&gt;</a>&nbsp;&nbsp;&nbsp;tcp_output_control_segment
<LI><a href="#[11d]">&gt;&gt;</a>&nbsp;&nbsp;&nbsp;tcp_create_segment
<LI><a href="#[e4]">&gt;&gt;</a>&nbsp;&nbsp;&nbsp;tcp_split_unsent_seg
<LI><a href="#[f6]">&gt;&gt;</a>&nbsp;&nbsp;&nbsp;tcp_shutdown
<LI><a href="#[22]">&gt;&gt;</a>&nbsp;&nbsp;&nbsp;tcp_recv_null
<LI><a href="#[e1]">&gt;&gt;</a>&nbsp;&nbsp;&nbsp;tcp_pcb_purge
<LI><a href="#[df]">&gt;&gt;</a>&nbsp;&nbsp;&nbsp;tcp_seg_free
<LI><a href="#[d4]">&gt;&gt;</a>&nbsp;&nbsp;&nbsp;pbuf_coalesce
<LI><a href="#[cd]">&gt;&gt;</a>&nbsp;&nbsp;&nbsp;pbuf_dechain
<LI><a href="#[cb]">&gt;&gt;</a>&nbsp;&nbsp;&nbsp;pbuf_free_header
<LI><a href="#[ac]">&gt;&gt;</a>&nbsp;&nbsp;&nbsp;ethernet_input
<LI><a href="#[1f]">&gt;&gt;</a>&nbsp;&nbsp;&nbsp;ipfrag_free_pbuf_custom
<LI><a href="#[86]">&gt;&gt;</a>&nbsp;&nbsp;&nbsp;ip_reass_free_complete_datagram
<LI><a href="#[78]">&gt;&gt;</a>&nbsp;&nbsp;&nbsp;udp_input
<LI><a href="#[79]">&gt;&gt;</a>&nbsp;&nbsp;&nbsp;tcp_input
<LI><a href="#[76]">&gt;&gt;</a>&nbsp;&nbsp;&nbsp;pbuf_realloc
<LI><a href="#[77]">&gt;&gt;</a>&nbsp;&nbsp;&nbsp;ip4_reass
<LI><a href="#[7c]">&gt;&gt;</a>&nbsp;&nbsp;&nbsp;ip4_frag
<LI><a href="#[75]">&gt;&gt;</a>&nbsp;&nbsp;&nbsp;ip4_input
<LI><a href="#[67]">&gt;&gt;</a>&nbsp;&nbsp;&nbsp;icmp_input
<LI><a href="#[6f]">&gt;&gt;</a>&nbsp;&nbsp;&nbsp;icmp_send_response
<LI><a href="#[62]">&gt;&gt;</a>&nbsp;&nbsp;&nbsp;etharp_query
<LI><a href="#[60]">&gt;&gt;</a>&nbsp;&nbsp;&nbsp;etharp_input
<LI><a href="#[5b]">&gt;&gt;</a>&nbsp;&nbsp;&nbsp;etharp_update_arp_entry
<LI><a href="#[54]">&gt;&gt;</a>&nbsp;&nbsp;&nbsp;etharp_raw
<LI><a href="#[4e]">&gt;&gt;</a>&nbsp;&nbsp;&nbsp;free_etharp_q
<LI><a href="#[25]">&gt;&gt;</a>&nbsp;&nbsp;&nbsp;tcp_server_recv
<LI><a href="#[133]">&gt;&gt;</a>&nbsp;&nbsp;&nbsp;udp_sendto_if_src
</UL>

<P><STRONG><a name="[c5]"></a>pbuf_alloc_reference</STRONG> (Thumb, 86 bytes, Stack size 32 bytes, pbuf.o(.text))
<BR><BR>[Stack]<UL><LI>Max Depth = 88<LI>Call Chain = pbuf_alloc_reference &rArr; memp_malloc &rArr; do_memp_malloc_pool &rArr; __2printf
</UL>
<BR>[Calls]<UL><LI><a href="#[c6]">&gt;&gt;</a>&nbsp;&nbsp;&nbsp;pbuf_init_alloced_pbuf
<LI><a href="#[65]">&gt;&gt;</a>&nbsp;&nbsp;&nbsp;memp_malloc
<LI><a href="#[4f]">&gt;&gt;</a>&nbsp;&nbsp;&nbsp;__2printf
</UL>
<BR>[Called By]<UL><LI><a href="#[55]">&gt;&gt;</a>&nbsp;&nbsp;&nbsp;pbuf_alloc
</UL>

<P><STRONG><a name="[55]"></a>pbuf_alloc</STRONG> (Thumb, 454 bytes, Stack size 56 bytes, pbuf.o(.text))
<BR><BR>[Stack]<UL><LI>Max Depth = 152<LI>Call Chain = pbuf_alloc &rArr; pbuf_free &rArr; mem_free &rArr; plug_holes &rArr; __2printf
</UL>
<BR>[Calls]<UL><LI><a href="#[50]">&gt;&gt;</a>&nbsp;&nbsp;&nbsp;pbuf_free
<LI><a href="#[a2]">&gt;&gt;</a>&nbsp;&nbsp;&nbsp;mem_malloc
<LI><a href="#[c5]">&gt;&gt;</a>&nbsp;&nbsp;&nbsp;pbuf_alloc_reference
<LI><a href="#[c6]">&gt;&gt;</a>&nbsp;&nbsp;&nbsp;pbuf_init_alloced_pbuf
<LI><a href="#[65]">&gt;&gt;</a>&nbsp;&nbsp;&nbsp;memp_malloc
<LI><a href="#[4f]">&gt;&gt;</a>&nbsp;&nbsp;&nbsp;__2printf
</UL>
<BR>[Called By]<UL><LI><a href="#[120]">&gt;&gt;</a>&nbsp;&nbsp;&nbsp;tcp_write
<LI><a href="#[125]">&gt;&gt;</a>&nbsp;&nbsp;&nbsp;tcp_output_alloc_header_common
<LI><a href="#[11e]">&gt;&gt;</a>&nbsp;&nbsp;&nbsp;tcp_pbuf_prealloc
<LI><a href="#[e4]">&gt;&gt;</a>&nbsp;&nbsp;&nbsp;tcp_split_unsent_seg
<LI><a href="#[101]">&gt;&gt;</a>&nbsp;&nbsp;&nbsp;tcp_enqueue_flags
<LI><a href="#[7c]">&gt;&gt;</a>&nbsp;&nbsp;&nbsp;ip4_frag
<LI><a href="#[67]">&gt;&gt;</a>&nbsp;&nbsp;&nbsp;icmp_input
<LI><a href="#[6f]">&gt;&gt;</a>&nbsp;&nbsp;&nbsp;icmp_send_response
<LI><a href="#[63]">&gt;&gt;</a>&nbsp;&nbsp;&nbsp;pbuf_clone
<LI><a href="#[54]">&gt;&gt;</a>&nbsp;&nbsp;&nbsp;etharp_raw
<LI><a href="#[133]">&gt;&gt;</a>&nbsp;&nbsp;&nbsp;udp_sendto_if_src
</UL>

<P><STRONG><a name="[8e]"></a>pbuf_alloced_custom</STRONG> (Thumb, 84 bytes, Stack size 48 bytes, pbuf.o(.text))
<BR><BR>[Stack]<UL><LI>Max Depth = 64<LI>Call Chain = pbuf_alloced_custom &rArr; pbuf_init_alloced_pbuf
</UL>
<BR>[Calls]<UL><LI><a href="#[c6]">&gt;&gt;</a>&nbsp;&nbsp;&nbsp;pbuf_init_alloced_pbuf
</UL>
<BR>[Called By]<UL><LI><a href="#[7c]">&gt;&gt;</a>&nbsp;&nbsp;&nbsp;ip4_frag
</UL>

<P><STRONG><a name="[76]"></a>pbuf_realloc</STRONG> (Thumb, 614 bytes, Stack size 24 bytes, pbuf.o(.text))
<BR><BR>[Stack]<UL><LI>Max Depth = 120<LI>Call Chain = pbuf_realloc &rArr; pbuf_free &rArr; mem_free &rArr; plug_holes &rArr; __2printf
</UL>
<BR>[Calls]<UL><LI><a href="#[50]">&gt;&gt;</a>&nbsp;&nbsp;&nbsp;pbuf_free
<LI><a href="#[a1]">&gt;&gt;</a>&nbsp;&nbsp;&nbsp;mem_trim
<LI><a href="#[4f]">&gt;&gt;</a>&nbsp;&nbsp;&nbsp;__2printf
</UL>
<BR>[Called By]<UL><LI><a href="#[112]">&gt;&gt;</a>&nbsp;&nbsp;&nbsp;tcp_receive
<LI><a href="#[e4]">&gt;&gt;</a>&nbsp;&nbsp;&nbsp;tcp_split_unsent_seg
<LI><a href="#[75]">&gt;&gt;</a>&nbsp;&nbsp;&nbsp;ip4_input
</UL>

<P><STRONG><a name="[69]"></a>pbuf_add_header</STRONG> (Thumb, 18 bytes, Stack size 16 bytes, pbuf.o(.text))
<BR><BR>[Stack]<UL><LI>Max Depth = 80<LI>Call Chain = pbuf_add_header &rArr; pbuf_add_header_impl &rArr; __2printf
</UL>
<BR>[Calls]<UL><LI><a href="#[c7]">&gt;&gt;</a>&nbsp;&nbsp;&nbsp;pbuf_add_header_impl
</UL>
<BR>[Called By]<UL><LI><a href="#[11d]">&gt;&gt;</a>&nbsp;&nbsp;&nbsp;tcp_create_segment
<LI><a href="#[7b]">&gt;&gt;</a>&nbsp;&nbsp;&nbsp;ip4_output_if_src
<LI><a href="#[67]">&gt;&gt;</a>&nbsp;&nbsp;&nbsp;icmp_input
<LI><a href="#[57]">&gt;&gt;</a>&nbsp;&nbsp;&nbsp;ethernet_output
<LI><a href="#[133]">&gt;&gt;</a>&nbsp;&nbsp;&nbsp;udp_sendto_if_src
</UL>

<P><STRONG><a name="[c8]"></a>pbuf_add_header_force</STRONG> (Thumb, 18 bytes, Stack size 16 bytes, pbuf.o(.text), UNUSED)
<BR><BR>[Calls]<UL><LI><a href="#[c7]">&gt;&gt;</a>&nbsp;&nbsp;&nbsp;pbuf_add_header_impl
</UL>

<P><STRONG><a name="[6a]"></a>pbuf_remove_header</STRONG> (Thumb, 130 bytes, Stack size 24 bytes, pbuf.o(.text), UNUSED)
<BR><BR>[Calls]<UL><LI><a href="#[4f]">&gt;&gt;</a>&nbsp;&nbsp;&nbsp;__2printf
</UL>
<BR>[Called By]<UL><LI><a href="#[112]">&gt;&gt;</a>&nbsp;&nbsp;&nbsp;tcp_receive
<LI><a href="#[cb]">&gt;&gt;</a>&nbsp;&nbsp;&nbsp;pbuf_free_header
<LI><a href="#[c9]">&gt;&gt;</a>&nbsp;&nbsp;&nbsp;pbuf_header_impl
<LI><a href="#[ac]">&gt;&gt;</a>&nbsp;&nbsp;&nbsp;ethernet_input
<LI><a href="#[78]">&gt;&gt;</a>&nbsp;&nbsp;&nbsp;udp_input
<LI><a href="#[79]">&gt;&gt;</a>&nbsp;&nbsp;&nbsp;tcp_input
<LI><a href="#[77]">&gt;&gt;</a>&nbsp;&nbsp;&nbsp;ip4_reass
<LI><a href="#[75]">&gt;&gt;</a>&nbsp;&nbsp;&nbsp;ip4_input
<LI><a href="#[67]">&gt;&gt;</a>&nbsp;&nbsp;&nbsp;icmp_input
</UL>

<P><STRONG><a name="[ca]"></a>pbuf_header</STRONG> (Thumb, 18 bytes, Stack size 16 bytes, pbuf.o(.text), UNUSED)
<BR><BR>[Calls]<UL><LI><a href="#[c9]">&gt;&gt;</a>&nbsp;&nbsp;&nbsp;pbuf_header_impl
</UL>

<P><STRONG><a name="[7a]"></a>pbuf_header_force</STRONG> (Thumb, 18 bytes, Stack size 16 bytes, pbuf.o(.text), UNUSED)
<BR><BR>[Calls]<UL><LI><a href="#[c9]">&gt;&gt;</a>&nbsp;&nbsp;&nbsp;pbuf_header_impl
</UL>
<BR>[Called By]<UL><LI><a href="#[78]">&gt;&gt;</a>&nbsp;&nbsp;&nbsp;udp_input
<LI><a href="#[75]">&gt;&gt;</a>&nbsp;&nbsp;&nbsp;ip4_input
</UL>

<P><STRONG><a name="[cb]"></a>pbuf_free_header</STRONG> (Thumb, 62 bytes, Stack size 32 bytes, pbuf.o(.text), UNUSED)
<BR><BR>[Calls]<UL><LI><a href="#[50]">&gt;&gt;</a>&nbsp;&nbsp;&nbsp;pbuf_free
<LI><a href="#[6a]">&gt;&gt;</a>&nbsp;&nbsp;&nbsp;pbuf_remove_header
</UL>

<P><STRONG><a name="[87]"></a>pbuf_clen</STRONG> (Thumb, 18 bytes, Stack size 0 bytes, pbuf.o(.text))
<BR><BR>[Called By]<UL><LI><a href="#[120]">&gt;&gt;</a>&nbsp;&nbsp;&nbsp;tcp_write
<LI><a href="#[111]">&gt;&gt;</a>&nbsp;&nbsp;&nbsp;tcp_free_acked_segments
<LI><a href="#[e4]">&gt;&gt;</a>&nbsp;&nbsp;&nbsp;tcp_split_unsent_seg
<LI><a href="#[101]">&gt;&gt;</a>&nbsp;&nbsp;&nbsp;tcp_enqueue_flags
<LI><a href="#[86]">&gt;&gt;</a>&nbsp;&nbsp;&nbsp;ip_reass_free_complete_datagram
<LI><a href="#[77]">&gt;&gt;</a>&nbsp;&nbsp;&nbsp;ip4_reass
</UL>

<P><STRONG><a name="[64]"></a>pbuf_ref</STRONG> (Thumb, 58 bytes, Stack size 8 bytes, pbuf.o(.text))
<BR><BR>[Stack]<UL><LI>Max Depth = 32<LI>Call Chain = pbuf_ref &rArr; __2printf
</UL>
<BR>[Calls]<UL><LI><a href="#[4f]">&gt;&gt;</a>&nbsp;&nbsp;&nbsp;__2printf
</UL>
<BR>[Called By]<UL><LI><a href="#[cc]">&gt;&gt;</a>&nbsp;&nbsp;&nbsp;pbuf_chain
<LI><a href="#[7c]">&gt;&gt;</a>&nbsp;&nbsp;&nbsp;ip4_frag
<LI><a href="#[62]">&gt;&gt;</a>&nbsp;&nbsp;&nbsp;etharp_query
</UL>

<P><STRONG><a name="[8b]"></a>pbuf_cat</STRONG> (Thumb, 152 bytes, Stack size 16 bytes, pbuf.o(.text))
<BR><BR>[Stack]<UL><LI>Max Depth = 40<LI>Call Chain = pbuf_cat &rArr; __2printf
</UL>
<BR>[Calls]<UL><LI><a href="#[4f]">&gt;&gt;</a>&nbsp;&nbsp;&nbsp;__2printf
</UL>
<BR>[Called By]<UL><LI><a href="#[120]">&gt;&gt;</a>&nbsp;&nbsp;&nbsp;tcp_write
<LI><a href="#[cc]">&gt;&gt;</a>&nbsp;&nbsp;&nbsp;pbuf_chain
<LI><a href="#[77]">&gt;&gt;</a>&nbsp;&nbsp;&nbsp;ip4_reass
<LI><a href="#[7c]">&gt;&gt;</a>&nbsp;&nbsp;&nbsp;ip4_frag
</UL>

<P><STRONG><a name="[cc]"></a>pbuf_chain</STRONG> (Thumb, 26 bytes, Stack size 16 bytes, pbuf.o(.text), UNUSED)
<BR><BR>[Calls]<UL><LI><a href="#[8b]">&gt;&gt;</a>&nbsp;&nbsp;&nbsp;pbuf_cat
<LI><a href="#[64]">&gt;&gt;</a>&nbsp;&nbsp;&nbsp;pbuf_ref
</UL>
<BR>[Called By]<UL><LI><a href="#[133]">&gt;&gt;</a>&nbsp;&nbsp;&nbsp;udp_sendto_if_src
</UL>

<P><STRONG><a name="[cd]"></a>pbuf_dechain</STRONG> (Thumb, 446 bytes, Stack size 16 bytes, pbuf.o(.text), UNUSED)
<BR><BR>[Calls]<UL><LI><a href="#[50]">&gt;&gt;</a>&nbsp;&nbsp;&nbsp;pbuf_free
<LI><a href="#[4f]">&gt;&gt;</a>&nbsp;&nbsp;&nbsp;__2printf
</UL>

<P><STRONG><a name="[6b]"></a>pbuf_copy</STRONG> (Thumb, 360 bytes, Stack size 24 bytes, pbuf.o(.text), UNUSED)
<BR><BR>[Calls]<UL><LI><a href="#[4f]">&gt;&gt;</a>&nbsp;&nbsp;&nbsp;__2printf
<LI><a href="#[53]">&gt;&gt;</a>&nbsp;&nbsp;&nbsp;__aeabi_memcpy
</UL>
<BR>[Called By]<UL><LI><a href="#[67]">&gt;&gt;</a>&nbsp;&nbsp;&nbsp;icmp_input
<LI><a href="#[63]">&gt;&gt;</a>&nbsp;&nbsp;&nbsp;pbuf_clone
</UL>

<P><STRONG><a name="[ce]"></a>pbuf_copy_partial</STRONG> (Thumb, 176 bytes, Stack size 48 bytes, pbuf.o(.text))
<BR><BR>[Stack]<UL><LI>Max Depth = 72<LI>Call Chain = pbuf_copy_partial &rArr; __2printf
</UL>
<BR>[Calls]<UL><LI><a href="#[4f]">&gt;&gt;</a>&nbsp;&nbsp;&nbsp;__2printf
<LI><a href="#[53]">&gt;&gt;</a>&nbsp;&nbsp;&nbsp;__aeabi_memcpy
</UL>
<BR>[Called By]<UL><LI><a href="#[e3]">&gt;&gt;</a>&nbsp;&nbsp;&nbsp;tcp_zero_window_probe
<LI><a href="#[e4]">&gt;&gt;</a>&nbsp;&nbsp;&nbsp;tcp_split_unsent_seg
<LI><a href="#[cf]">&gt;&gt;</a>&nbsp;&nbsp;&nbsp;pbuf_get_contiguous
</UL>

<P><STRONG><a name="[cf]"></a>pbuf_get_contiguous</STRONG> (Thumb, 184 bytes, Stack size 40 bytes, pbuf.o(.text), UNUSED)
<BR><BR>[Calls]<UL><LI><a href="#[ce]">&gt;&gt;</a>&nbsp;&nbsp;&nbsp;pbuf_copy_partial
<LI><a href="#[d0]">&gt;&gt;</a>&nbsp;&nbsp;&nbsp;pbuf_skip_const
<LI><a href="#[4f]">&gt;&gt;</a>&nbsp;&nbsp;&nbsp;__2printf
</UL>

<P><STRONG><a name="[d1]"></a>pbuf_skip</STRONG> (Thumb, 24 bytes, Stack size 24 bytes, pbuf.o(.text), UNUSED)
<BR><BR>[Calls]<UL><LI><a href="#[d0]">&gt;&gt;</a>&nbsp;&nbsp;&nbsp;pbuf_skip_const
</UL>
<BR>[Called By]<UL><LI><a href="#[d7]">&gt;&gt;</a>&nbsp;&nbsp;&nbsp;pbuf_put_at
<LI><a href="#[d3]">&gt;&gt;</a>&nbsp;&nbsp;&nbsp;pbuf_take_at
</UL>

<P><STRONG><a name="[d2]"></a>pbuf_take</STRONG> (Thumb, 708 bytes, Stack size 40 bytes, pbuf.o(.text), UNUSED)
<BR><BR>[Calls]<UL><LI><a href="#[4f]">&gt;&gt;</a>&nbsp;&nbsp;&nbsp;__2printf
<LI><a href="#[53]">&gt;&gt;</a>&nbsp;&nbsp;&nbsp;__aeabi_memcpy
</UL>
<BR>[Called By]<UL><LI><a href="#[d3]">&gt;&gt;</a>&nbsp;&nbsp;&nbsp;pbuf_take_at
</UL>

<P><STRONG><a name="[d3]"></a>pbuf_take_at</STRONG> (Thumb, 160 bytes, Stack size 48 bytes, pbuf.o(.text), UNUSED)
<BR><BR>[Calls]<UL><LI><a href="#[d2]">&gt;&gt;</a>&nbsp;&nbsp;&nbsp;pbuf_take
<LI><a href="#[d1]">&gt;&gt;</a>&nbsp;&nbsp;&nbsp;pbuf_skip
<LI><a href="#[4f]">&gt;&gt;</a>&nbsp;&nbsp;&nbsp;__2printf
<LI><a href="#[53]">&gt;&gt;</a>&nbsp;&nbsp;&nbsp;__aeabi_memcpy
</UL>

<P><STRONG><a name="[63]"></a>pbuf_clone</STRONG> (Thumb, 74 bytes, Stack size 32 bytes, pbuf.o(.text), UNUSED)
<BR><BR>[Calls]<UL><LI><a href="#[55]">&gt;&gt;</a>&nbsp;&nbsp;&nbsp;pbuf_alloc
<LI><a href="#[6b]">&gt;&gt;</a>&nbsp;&nbsp;&nbsp;pbuf_copy
<LI><a href="#[4f]">&gt;&gt;</a>&nbsp;&nbsp;&nbsp;__2printf
</UL>
<BR>[Called By]<UL><LI><a href="#[d4]">&gt;&gt;</a>&nbsp;&nbsp;&nbsp;pbuf_coalesce
<LI><a href="#[62]">&gt;&gt;</a>&nbsp;&nbsp;&nbsp;etharp_query
</UL>

<P><STRONG><a name="[d4]"></a>pbuf_coalesce</STRONG> (Thumb, 48 bytes, Stack size 16 bytes, pbuf.o(.text), UNUSED)
<BR><BR>[Calls]<UL><LI><a href="#[50]">&gt;&gt;</a>&nbsp;&nbsp;&nbsp;pbuf_free
<LI><a href="#[63]">&gt;&gt;</a>&nbsp;&nbsp;&nbsp;pbuf_clone
</UL>

<P><STRONG><a name="[d5]"></a>pbuf_try_get_at</STRONG> (Thumb, 48 bytes, Stack size 24 bytes, pbuf.o(.text), UNUSED)
<BR><BR>[Calls]<UL><LI><a href="#[d0]">&gt;&gt;</a>&nbsp;&nbsp;&nbsp;pbuf_skip_const
</UL>
<BR>[Called By]<UL><LI><a href="#[d6]">&gt;&gt;</a>&nbsp;&nbsp;&nbsp;pbuf_get_at
</UL>

<P><STRONG><a name="[d6]"></a>pbuf_get_at</STRONG> (Thumb, 28 bytes, Stack size 16 bytes, pbuf.o(.text), UNUSED)
<BR><BR>[Calls]<UL><LI><a href="#[d5]">&gt;&gt;</a>&nbsp;&nbsp;&nbsp;pbuf_try_get_at
</UL>
<BR>[Called By]<UL><LI><a href="#[d8]">&gt;&gt;</a>&nbsp;&nbsp;&nbsp;pbuf_memcmp
</UL>

<P><STRONG><a name="[d7]"></a>pbuf_put_at</STRONG> (Thumb, 44 bytes, Stack size 24 bytes, pbuf.o(.text), UNUSED)
<BR><BR>[Calls]<UL><LI><a href="#[d1]">&gt;&gt;</a>&nbsp;&nbsp;&nbsp;pbuf_skip
</UL>

<P><STRONG><a name="[d8]"></a>pbuf_memcmp</STRONG> (Thumb, 108 bytes, Stack size 48 bytes, pbuf.o(.text), UNUSED)
<BR><BR>[Calls]<UL><LI><a href="#[d6]">&gt;&gt;</a>&nbsp;&nbsp;&nbsp;pbuf_get_at
</UL>
<BR>[Called By]<UL><LI><a href="#[d9]">&gt;&gt;</a>&nbsp;&nbsp;&nbsp;pbuf_memfind
</UL>

<P><STRONG><a name="[d9]"></a>pbuf_memfind</STRONG> (Thumb, 70 bytes, Stack size 48 bytes, pbuf.o(.text), UNUSED)
<BR><BR>[Calls]<UL><LI><a href="#[d8]">&gt;&gt;</a>&nbsp;&nbsp;&nbsp;pbuf_memcmp
</UL>
<BR>[Called By]<UL><LI><a href="#[da]">&gt;&gt;</a>&nbsp;&nbsp;&nbsp;pbuf_strstr
</UL>

<P><STRONG><a name="[da]"></a>pbuf_strstr</STRONG> (Thumb, 58 bytes, Stack size 16 bytes, pbuf.o(.text), UNUSED)
<BR><BR>[Calls]<UL><LI><a href="#[d9]">&gt;&gt;</a>&nbsp;&nbsp;&nbsp;pbuf_memfind
<LI><a href="#[90]">&gt;&gt;</a>&nbsp;&nbsp;&nbsp;strlen
</UL>

<P><STRONG><a name="[db]"></a>tcp_init</STRONG> (Thumb, 22 bytes, Stack size 8 bytes, tcp.o(.text), UNUSED)
<BR><BR>[Calls]<UL><LI><a href="#[dc]">&gt;&gt;</a>&nbsp;&nbsp;&nbsp;rand
</UL>

<P><STRONG><a name="[dd]"></a>tcp_free</STRONG> (Thumb, 48 bytes, Stack size 8 bytes, tcp.o(.text))
<BR><BR>[Stack]<UL><LI>Max Depth = 64<LI>Call Chain = tcp_free &rArr; memp_free &rArr; do_memp_free_pool &rArr; __2printf
</UL>
<BR>[Calls]<UL><LI><a href="#[51]">&gt;&gt;</a>&nbsp;&nbsp;&nbsp;memp_free
<LI><a href="#[4f]">&gt;&gt;</a>&nbsp;&nbsp;&nbsp;__2printf
</UL>
<BR>[Called By]<UL><LI><a href="#[110]">&gt;&gt;</a>&nbsp;&nbsp;&nbsp;tcp_input_delayed_close
<LI><a href="#[fc]">&gt;&gt;</a>&nbsp;&nbsp;&nbsp;tcp_listen_with_backlog_and_err
<LI><a href="#[f7]">&gt;&gt;</a>&nbsp;&nbsp;&nbsp;tcp_abandon
<LI><a href="#[e2]">&gt;&gt;</a>&nbsp;&nbsp;&nbsp;tcp_slowtmr
<LI><a href="#[ef]">&gt;&gt;</a>&nbsp;&nbsp;&nbsp;tcp_close_shutdown
<LI><a href="#[79]">&gt;&gt;</a>&nbsp;&nbsp;&nbsp;tcp_input
</UL>

<P><STRONG><a name="[df]"></a>tcp_seg_free</STRONG> (Thumb, 30 bytes, Stack size 8 bytes, tcp.o(.text))
<BR><BR>[Stack]<UL><LI>Max Depth = 104<LI>Call Chain = tcp_seg_free &rArr; pbuf_free &rArr; mem_free &rArr; plug_holes &rArr; __2printf
</UL>
<BR>[Calls]<UL><LI><a href="#[50]">&gt;&gt;</a>&nbsp;&nbsp;&nbsp;pbuf_free
<LI><a href="#[51]">&gt;&gt;</a>&nbsp;&nbsp;&nbsp;memp_free
</UL>
<BR>[Called By]<UL><LI><a href="#[11d]">&gt;&gt;</a>&nbsp;&nbsp;&nbsp;tcp_create_segment
<LI><a href="#[117]">&gt;&gt;</a>&nbsp;&nbsp;&nbsp;tcp_process
<LI><a href="#[111]">&gt;&gt;</a>&nbsp;&nbsp;&nbsp;tcp_free_acked_segments
<LI><a href="#[e5]">&gt;&gt;</a>&nbsp;&nbsp;&nbsp;tcp_output
<LI><a href="#[e0]">&gt;&gt;</a>&nbsp;&nbsp;&nbsp;tcp_segs_free
</UL>

<P><STRONG><a name="[e0]"></a>tcp_segs_free</STRONG> (Thumb, 24 bytes, Stack size 16 bytes, tcp.o(.text))
<BR><BR>[Stack]<UL><LI>Max Depth = 120<LI>Call Chain = tcp_segs_free &rArr; tcp_seg_free &rArr; pbuf_free &rArr; mem_free &rArr; plug_holes &rArr; __2printf
</UL>
<BR>[Calls]<UL><LI><a href="#[df]">&gt;&gt;</a>&nbsp;&nbsp;&nbsp;tcp_seg_free
</UL>
<BR>[Called By]<UL><LI><a href="#[120]">&gt;&gt;</a>&nbsp;&nbsp;&nbsp;tcp_write
<LI><a href="#[f7]">&gt;&gt;</a>&nbsp;&nbsp;&nbsp;tcp_abandon
<LI><a href="#[e1]">&gt;&gt;</a>&nbsp;&nbsp;&nbsp;tcp_pcb_purge
</UL>

<P><STRONG><a name="[e1]"></a>tcp_pcb_purge</STRONG> (Thumb, 128 bytes, Stack size 8 bytes, tcp.o(.text))
<BR><BR>[Stack]<UL><LI>Max Depth = 128<LI>Call Chain = tcp_pcb_purge &rArr; tcp_segs_free &rArr; tcp_seg_free &rArr; pbuf_free &rArr; mem_free &rArr; plug_holes &rArr; __2printf
</UL>
<BR>[Calls]<UL><LI><a href="#[50]">&gt;&gt;</a>&nbsp;&nbsp;&nbsp;pbuf_free
<LI><a href="#[e0]">&gt;&gt;</a>&nbsp;&nbsp;&nbsp;tcp_segs_free
<LI><a href="#[4f]">&gt;&gt;</a>&nbsp;&nbsp;&nbsp;__2printf
</UL>
<BR>[Called By]<UL><LI><a href="#[117]">&gt;&gt;</a>&nbsp;&nbsp;&nbsp;tcp_process
<LI><a href="#[ec]">&gt;&gt;</a>&nbsp;&nbsp;&nbsp;tcp_pcb_remove
<LI><a href="#[e2]">&gt;&gt;</a>&nbsp;&nbsp;&nbsp;tcp_slowtmr
<LI><a href="#[ef]">&gt;&gt;</a>&nbsp;&nbsp;&nbsp;tcp_close_shutdown
</UL>

<P><STRONG><a name="[e2]"></a>tcp_slowtmr</STRONG> (Thumb, 1788 bytes, Stack size 56 bytes, tcp.o(.text))
<BR><BR>[Stack]<UL><LI>Max Depth = 560<LI>Call Chain = tcp_slowtmr &rArr; tcp_rexmit_rto_commit &rArr; tcp_output &rArr; tcp_send_empty_ack &rArr; tcp_output_control_segment &rArr; ip4_output_if &rArr; ip4_output_if_src &rArr; ip4_frag &rArr; pbuf_alloc &rArr; pbuf_free &rArr; mem_free &rArr; plug_holes &rArr; __2printf
</UL>
<BR>[Calls]<UL><LI><a href="#[e3]">&gt;&gt;</a>&nbsp;&nbsp;&nbsp;tcp_zero_window_probe
<LI><a href="#[e4]">&gt;&gt;</a>&nbsp;&nbsp;&nbsp;tcp_split_unsent_seg
<LI><a href="#[e9]">&gt;&gt;</a>&nbsp;&nbsp;&nbsp;tcp_rst
<LI><a href="#[e6]">&gt;&gt;</a>&nbsp;&nbsp;&nbsp;tcp_rexmit_rto_prepare
<LI><a href="#[e7]">&gt;&gt;</a>&nbsp;&nbsp;&nbsp;tcp_rexmit_rto_commit
<LI><a href="#[e5]">&gt;&gt;</a>&nbsp;&nbsp;&nbsp;tcp_output
<LI><a href="#[e8]">&gt;&gt;</a>&nbsp;&nbsp;&nbsp;tcp_keepalive
<LI><a href="#[e1]">&gt;&gt;</a>&nbsp;&nbsp;&nbsp;tcp_pcb_purge
<LI><a href="#[dd]">&gt;&gt;</a>&nbsp;&nbsp;&nbsp;tcp_free
<LI><a href="#[4f]">&gt;&gt;</a>&nbsp;&nbsp;&nbsp;__2printf
<LI><a href="#[42]">&gt;&gt;</a>&nbsp;&nbsp;&nbsp;__aeabi_uidivmod
</UL>
<BR>[Called By]<UL><LI><a href="#[28]">&gt;&gt;</a>&nbsp;&nbsp;&nbsp;tcp_tmr
</UL>

<P><STRONG><a name="[ec]"></a>tcp_pcb_remove</STRONG> (Thumb, 616 bytes, Stack size 16 bytes, tcp.o(.text))
<BR><BR>[Stack]<UL><LI>Max Depth = 512<LI>Call Chain = tcp_pcb_remove &rArr; tcp_output &rArr; tcp_send_empty_ack &rArr; tcp_output_control_segment &rArr; ip4_output_if &rArr; ip4_output_if_src &rArr; ip4_frag &rArr; pbuf_alloc &rArr; pbuf_free &rArr; mem_free &rArr; plug_holes &rArr; __2printf
</UL>
<BR>[Calls]<UL><LI><a href="#[e5]">&gt;&gt;</a>&nbsp;&nbsp;&nbsp;tcp_output
[...]
<LI><a href="#[de]">&gt;&gt;</a>&nbsp;&nbsp;&nbsp;tcp_free_listen
<LI><a href="#[4f]">&gt;&gt;</a>&nbsp;&nbsp;&nbsp;__2printf
</UL>
<BR>[Called By]<UL><LI><a href="#[f6]">&gt;&gt;</a>&nbsp;&nbsp;&nbsp;tcp_shutdown
<LI><a href="#[f1]">&gt;&gt;</a>&nbsp;&nbsp;&nbsp;tcp_close
</UL>

<P><STRONG><a name="[fa]"></a>tcp_new_port</STRONG> (Thumb, 332 bytes, Stack size 8 bytes, tcp.o(.text), UNUSED)
<BR><BR>[Called By]<UL><LI><a href="#[100]">&gt;&gt;</a>&nbsp;&nbsp;&nbsp;tcp_connect
<LI><a href="#[f9]">&gt;&gt;</a>&nbsp;&nbsp;&nbsp;tcp_bind
</UL>

<P><STRONG><a name="[21]"></a>tcp_accept_null</STRONG> (Thumb, 56 bytes, Stack size 16 bytes, tcp.o(.text))
<BR><BR>[Stack]<UL><LI>Max Depth = 592<LI>Call Chain = tcp_accept_null &rArr; tcp_abort &rArr; tcp_abandon &rArr; tcp_pcb_remove &rArr; tcp_output &rArr; tcp_send_empty_ack &rArr; tcp_output_control_segment &rArr; ip4_output_if &rArr; ip4_output_if_src &rArr; ip4_frag &rArr; pbuf_alloc &rArr; pbuf_free &rArr; mem_free &rArr; plug_holes &rArr; __2printf
</UL>
<BR>[Calls]<UL><LI><a href="#[f8]">&gt;&gt;</a>&nbsp;&nbsp;&nbsp;tcp_abort
<LI><a href="#[4f]">&gt;&gt;</a>&nbsp;&nbsp;&nbsp;__2printf
</UL>
<BR>[Address Reference Count : 1]<UL><LI> tcp.o(.text)
</UL>
<P><STRONG><a name="[104]"></a>tcp_kill_prio</STRONG> (Thumb, 96 bytes, Stack size 24 bytes, tcp.o(.text), UNUSED)
<BR><BR>[Calls]<UL><LI><a href="#[f8]">&gt;&gt;</a>&nbsp;&nbsp;&nbsp;tcp_abort
</UL>
<BR>[Called By]<UL><LI><a href="#[108]">&gt;&gt;</a>&nbsp;&nbsp;&nbsp;tcp_alloc
</UL>

<P><STRONG><a name="[105]"></a>tcp_kill_state</STRONG> (Thumb, 104 bytes, Stack size 24 bytes, tcp.o(.text), UNUSED)
<BR><BR>[Calls]<UL><LI><a href="#[f7]">&gt;&gt;</a>&nbsp;&nbsp;&nbsp;tcp_abandon
<LI><a href="#[4f]">&gt;&gt;</a>&nbsp;&nbsp;&nbsp;__2printf
</UL>
<BR>[Called By]<UL><LI><a href="#[108]">&gt;&gt;</a>&nbsp;&nbsp;&nbsp;tcp_alloc
</UL>

<P><STRONG><a name="[106]"></a>tcp_kill_timewait</STRONG> (Thumb, 56 bytes, Stack size 16 bytes, tcp.o(.text), UNUSED)
<BR><BR>[Calls]<UL><LI><a href="#[f8]">&gt;&gt;</a>&nbsp;&nbsp;&nbsp;tcp_abort
</UL>
<BR>[Called By]<UL><LI><a href="#[108]">&gt;&gt;</a>&nbsp;&nbsp;&nbsp;tcp_alloc
</UL>

<P><STRONG><a name="[107]"></a>tcp_handle_closepend</STRONG> (Thumb, 52 bytes, Stack size 16 bytes, tcp.o(.text), UNUSED)
<BR><BR>[Calls]<UL><LI><a href="#[ea]">&gt;&gt;</a>&nbsp;&nbsp;&nbsp;tcp_close_shutdown_fin
</UL>
<BR>[Called By]<UL><LI><a href="#[108]">&gt;&gt;</a>&nbsp;&nbsp;&nbsp;tcp_alloc
</UL>

<P><STRONG><a name="[10f]"></a>tcp_netif_ip_addr_changed_pcblist</STRONG> (Thumb, 352 bytes, Stack size 24 bytes, tcp.o(.text), UNUSED)
<BR><BR>[Calls]<UL><LI><a href="#[f8]">&gt;&gt;</a>&nbsp;&nbsp;&nbsp;tcp_abort
<LI><a href="#[4f]">&gt;&gt;</a>&nbsp;&nbsp;&nbsp;__2printf
</UL>
<BR>[Called By]<UL><LI><a href="#[af]">&gt;&gt;</a>&nbsp;&nbsp;&nbsp;tcp_netif_ip_addr_changed
</UL>

<P><STRONG><a name="[110]"></a>tcp_input_delayed_close</STRONG> (Thumb, 102 bytes, Stack size 8 bytes, tcp_in.o(.text), UNUSED)
<BR><BR>[Calls]<UL><LI><a href="#[ec]">&gt;&gt;</a>&nbsp;&nbsp;&nbsp;tcp_pcb_remove
<LI><a href="#[dd]">&gt;&gt;</a>&nbsp;&nbsp;&nbsp;tcp_free
<LI><a href="#[4f]">&gt;&gt;</a>&nbsp;&nbsp;&nbsp;__2printf
</UL>
<BR>[Called By]<UL><LI><a href="#[79]">&gt;&gt;</a>&nbsp;&nbsp;&nbsp;tcp_input
</UL>

<P><STRONG><a name="[111]"></a>tcp_free_acked_segments</STRONG> (Thumb, 224 bytes, Stack size 48 bytes, tcp_in.o(.text), UNUSED)
<BR><BR>[Calls]<UL><LI><a href="#[df]">&gt;&gt;</a>&nbsp;&nbsp;&nbsp;tcp_seg_free
<LI><a href="#[87]">&gt;&gt;</a>&nbsp;&nbsp;&nbsp;pbuf_clen
<LI><a href="#[7f]">&gt;&gt;</a>&nbsp;&nbsp;&nbsp;lwip_htonl
<LI><a href="#[56]">&gt;&gt;</a>&nbsp;&nbsp;&nbsp;lwip_htons
<LI><a href="#[4f]">&gt;&gt;</a>&nbsp;&nbsp;&nbsp;__2printf
<LI><a href="#[70]">&gt;&gt;</a>&nbsp;&nbsp;&nbsp;__aeabi_uread4
</UL>
<BR>[Called By]<UL><LI><a href="#[112]">&gt;&gt;</a>&nbsp;&nbsp;&nbsp;tcp_receive
</UL>

<P><STRONG><a name="[112]"></a>tcp_receive</STRONG> (Thumb, 2354 bytes, Stack size 40 bytes, tcp_in.o(.text), UNUSED)
<BR><BR>[Calls]<UL><LI><a href="#[114]">&gt;&gt;</a>&nbsp;&nbsp;&nbsp;tcp_send_empty_ack
<LI><a href="#[113]">&gt;&gt;</a>&nbsp;&nbsp;&nbsp;tcp_rexmit_fast
<LI><a href="#[111]">&gt;&gt;</a>&nbsp;&nbsp;&nbsp;tcp_free_acked_segments
<LI><a href="#[f2]">&gt;&gt;</a>&nbsp;&nbsp;&nbsp;tcp_update_rcv_ann_wnd
<LI><a href="#[7f]">&gt;&gt;</a>&nbsp;&nbsp;&nbsp;lwip_htonl
<LI><a href="#[76]">&gt;&gt;</a>&nbsp;&nbsp;&nbsp;pbuf_realloc
<LI><a href="#[6a]">&gt;&gt;</a>&nbsp;&nbsp;&nbsp;pbuf_remove_header
<LI><a href="#[56]">&gt;&gt;</a>&nbsp;&nbsp;&nbsp;lwip_htons
<LI><a href="#[4f]">&gt;&gt;</a>&nbsp;&nbsp;&nbsp;__2printf
<LI><a href="#[6c]">&gt;&gt;</a>&nbsp;&nbsp;&nbsp;__aeabi_uwrite4
<LI><a href="#[70]">&gt;&gt;</a>&nbsp;&nbsp;&nbsp;__aeabi_uread4
</UL>
<BR>[Called By]<UL><LI><a href="#[117]">&gt;&gt;</a>&nbsp;&nbsp;&nbsp;tcp_process
</UL>

<P><STRONG><a name="[116]"></a>tcp_get_next_optbyte</STRONG> (Thumb, 56 bytes, Stack size 0 bytes, tcp_in.o(.text), UNUSED)
<BR><BR>[Called By]<UL><LI><a href="#[115]">&gt;&gt;</a>&nbsp;&nbsp;&nbsp;tcp_parseopt
</UL>

<P><STRONG><a name="[115]"></a>tcp_parseopt</STRONG> (Thumb, 208 bytes, Stack size 24 bytes, tcp_in.o(.text), UNUSED)
<BR><BR>[Calls]<UL><LI><a href="#[116]">&gt;&gt;</a>&nbsp;&nbsp;&nbsp;tcp_get_next_optbyte
<LI><a href="#[4f]">&gt;&gt;</a>&nbsp;&nbsp;&nbsp;__2printf
</UL>
<BR>[Called By]<UL><LI><a href="#[11a]">&gt;&gt;</a>&nbsp;&nbsp;&nbsp;tcp_listen_input
<LI><a href="#[117]">&gt;&gt;</a>&nbsp;&nbsp;&nbsp;tcp_process
</UL>

<P><STRONG><a name="[117]"></a>tcp_process</STRONG> (Thumb, 1980 bytes, Stack size 32 bytes, tcp_in.o(.text), UNUSED)
<BR><BR>[Calls]<UL><LI><a href="#[3a]">&gt;&gt;</a>&nbsp;&nbsp;&nbsp;__ARM_common_switch8
<LI><a href="#[118]">&gt;&gt;</a>&nbsp;&nbsp;&nbsp;tcp_rexmit_rto
<LI><a href="#[119]">&gt;&gt;</a>&nbsp;&nbsp;&nbsp;tcp_rexmit
<LI><a href="#[115]">&gt;&gt;</a>&nbsp;&nbsp;&nbsp;tcp_parseopt
<LI><a href="#[112]">&gt;&gt;</a>&nbsp;&nbsp;&nbsp;tcp_receive
<LI><a href="#[fb]">&gt;&gt;</a>&nbsp;&nbsp;&nbsp;tcp_timer_needed
<LI><a href="#[e9]">&gt;&gt;</a>&nbsp;&nbsp;&nbsp;tcp_rst
<LI><a href="#[fe]">&gt;&gt;</a>&nbsp;&nbsp;&nbsp;tcp_eff_send_mss_netif
<LI><a href="#[f8]">&gt;&gt;</a>&nbsp;&nbsp;&nbsp;tcp_abort
<LI><a href="#[e1]">&gt;&gt;</a>&nbsp;&nbsp;&nbsp;tcp_pcb_purge
<LI><a href="#[df]">&gt;&gt;</a>&nbsp;&nbsp;&nbsp;tcp_seg_free
<LI><a href="#[71]">&gt;&gt;</a>&nbsp;&nbsp;&nbsp;ip4_route
<LI><a href="#[4f]">&gt;&gt;</a>&nbsp;&nbsp;&nbsp;__2printf
</UL>
<BR>[Called By]<UL><LI><a href="#[79]">&gt;&gt;</a>&nbsp;&nbsp;&nbsp;tcp_input
</UL>

<P><STRONG><a name="[11a]"></a>tcp_listen_input</STRONG> (Thumb, 394 bytes, Stack size 32 bytes, tcp_in.o(.text), UNUSED)
<BR><BR>[Calls]<UL><LI><a href="#[115]">&gt;&gt;</a>&nbsp;&nbsp;&nbsp;tcp_parseopt
<LI><a href="#[fb]">&gt;&gt;</a>&nbsp;&nbsp;&nbsp;tcp_timer_needed
<LI><a href="#[e9]">&gt;&gt;</a>&nbsp;&nbsp;&nbsp;tcp_rst
<LI><a href="#[e5]">&gt;&gt;</a>&nbsp;&nbsp;&nbsp;tcp_output
<LI><a href="#[101]">&gt;&gt;</a>&nbsp;&nbsp;&nbsp;tcp_enqueue_flags
<LI><a href="#[108]">&gt;&gt;</a>&nbsp;&nbsp;&nbsp;tcp_alloc
<LI><a href="#[ff]">&gt;&gt;</a>&nbsp;&nbsp;&nbsp;tcp_next_iss
<LI><a href="#[fe]">&gt;&gt;</a>&nbsp;&nbsp;&nbsp;tcp_eff_send_mss_netif
<LI><a href="#[f7]">&gt;&gt;</a>&nbsp;&nbsp;&nbsp;tcp_abandon
<LI><a href="#[71]">&gt;&gt;</a>&nbsp;&nbsp;&nbsp;ip4_route
<LI><a href="#[4f]">&gt;&gt;</a>&nbsp;&nbsp;&nbsp;__2printf
</UL>
<BR>[Called By]<UL><LI><a href="#[79]">&gt;&gt;</a>&nbsp;&nbsp;&nbsp;tcp_input
</UL>

<P><STRONG><a name="[11b]"></a>tcp_timewait_input</STRONG> (Thumb, 198 bytes, Stack size 24 bytes, tcp_in.o(.text), UNUSED)
<BR><BR>[Calls]<UL><LI><a href="#[e9]">&gt;&gt;</a>&nbsp;&nbsp;&nbsp;tcp_rst
<LI><a href="#[e5]">&gt;&gt;</a>&nbsp;&nbsp;&nbsp;tcp_output
<LI><a href="#[4f]">&gt;&gt;</a>&nbsp;&nbsp;&nbsp;__2printf
</UL>
<BR>[Called By]<UL><LI><a href="#[79]">&gt;&gt;</a>&nbsp;&nbsp;&nbsp;tcp_input
</UL>

<P><STRONG><a name="[11c]"></a>tcp_route</STRONG> (Thumb, 34 bytes, Stack size 16 bytes, tcp_out.o(.text))
<BR><BR>[Stack]<UL><LI>Max Depth = 24<LI>Call Chain = tcp_route &rArr; ip4_route
</UL>
<BR>[Calls]<UL><LI><a href="#[c4]">&gt;&gt;</a>&nbsp;&nbsp;&nbsp;netif_get_by_index
<LI><a href="#[71]">&gt;&gt;</a>&nbsp;&nbsp;&nbsp;ip4_route
</UL>
<BR>[Called By]<UL><LI><a href="#[123]">&gt;&gt;</a>&nbsp;&nbsp;&nbsp;tcp_output_control_segment
<LI><a href="#[e5]">&gt;&gt;</a>&nbsp;&nbsp;&nbsp;tcp_output
</UL>

<P><STRONG><a name="[11d]"></a>tcp_create_segment</STRONG> (Thumb, 342 bytes, Stack size 40 bytes, tcp_out.o(.text))
<BR><BR>[Stack]<UL><LI>Max Depth = 144<LI>Call Chain = tcp_create_segment &rArr; tcp_seg_free &rArr; pbuf_free &rArr; mem_free &rArr; plug_holes &rArr; __2printf
</UL>
<BR>[Calls]<UL><LI><a href="#[50]">&gt;&gt;</a>&nbsp;&nbsp;&nbsp;pbuf_free
<LI><a href="#[df]">&gt;&gt;</a>&nbsp;&nbsp;&nbsp;tcp_seg_free
<LI><a href="#[7f]">&gt;&gt;</a>&nbsp;&nbsp;&nbsp;lwip_htonl
<LI><a href="#[69]">&gt;&gt;</a>&nbsp;&nbsp;&nbsp;pbuf_add_header
<LI><a href="#[65]">&gt;&gt;</a>&nbsp;&nbsp;&nbsp;memp_malloc
<LI><a href="#[56]">&gt;&gt;</a>&nbsp;&nbsp;&nbsp;lwip_htons
<LI><a href="#[4f]">&gt;&gt;</a>&nbsp;&nbsp;&nbsp;__2printf
<LI><a href="#[6c]">&gt;&gt;</a>&nbsp;&nbsp;&nbsp;__aeabi_uwrite4
</UL>
<BR>[Called By]<UL><LI><a href="#[120]">&gt;&gt;</a>&nbsp;&nbsp;&nbsp;tcp_write
<LI><a href="#[e4]">&gt;&gt;</a>&nbsp;&nbsp;&nbsp;tcp_split_unsent_seg
<LI><a href="#[101]">&gt;&gt;</a>&nbsp;&nbsp;&nbsp;tcp_enqueue_flags
</UL>

<P><STRONG><a name="[11e]"></a>tcp_pbuf_prealloc</STRONG> (Thumb, 232 bytes, Stack size 40 bytes, tcp_out.o(.text), UNUSED)
<BR><BR>[Calls]<UL><LI><a href="#[55]">&gt;&gt;</a>&nbsp;&nbsp;&nbsp;pbuf_alloc
<LI><a href="#[4f]">&gt;&gt;</a>&nbsp;&nbsp;&nbsp;__2printf
</UL>
<BR>[Called By]<UL><LI><a href="#[120]">&gt;&gt;</a>&nbsp;&nbsp;&nbsp;tcp_write
</UL>

<P><STRONG><a name="[11f]"></a>tcp_write_checks</STRONG> (Thumb, 242 bytes, Stack size 16 bytes, tcp_out.o(.text), UNUSED)
<BR><BR>[Calls]<UL><LI><a href="#[4f]">&gt;&gt;</a>&nbsp;&nbsp;&nbsp;__2printf
</UL>
<BR>[Called By]<UL><LI><a href="#[120]">&gt;&gt;</a>&nbsp;&nbsp;&nbsp;tcp_write
</UL>

<P><STRONG><a name="[121]"></a>tcp_output_segment_busy</STRONG> (Thumb, 54 bytes, Stack size 8 bytes, tcp_out.o(.text))
<BR><BR>[Stack]<UL><LI>Max Depth = 32<LI>Call Chain = tcp_output_segment_busy &rArr; __2printf
</UL>
<BR>[Calls]<UL><LI><a href="#[4f]">&gt;&gt;</a>&nbsp;&nbsp;&nbsp;__2printf
</UL>
<BR>[Called By]<UL><LI><a href="#[122]">&gt;&gt;</a>&nbsp;&nbsp;&nbsp;tcp_output_segment
<LI><a href="#[119]">&gt;&gt;</a>&nbsp;&nbsp;&nbsp;tcp_rexmit
<LI><a href="#[e6]">&gt;&gt;</a>&nbsp;&nbsp;&nbsp;tcp_rexmit_rto_prepare
</UL>

<P><STRONG><a name="[122]"></a>tcp_output_segment</STRONG> (Thumb, 898 bytes, Stack size 48 bytes, tcp_out.o(.text))
<BR><BR>[Stack]<UL><LI>Max Depth = 400<LI>Call Chain = tcp_output_segment &rArr; ip4_output_if &rArr; ip4_output_if_src &rArr; ip4_frag &rArr; pbuf_alloc &rArr; pbuf_free &rArr; mem_free &rArr; plug_holes &rArr; __2printf
</UL>
<BR>[Calls]<UL><LI><a href="#[121]">&gt;&gt;</a>&nbsp;&nbsp;&nbsp;tcp_output_segment_busy
<LI><a href="#[fe]">&gt;&gt;</a>&nbsp;&nbsp;&nbsp;tcp_eff_send_mss_netif
<LI><a href="#[97]">&gt;&gt;</a>&nbsp;&nbsp;&nbsp;ip_chksum_pseudo
<LI><a href="#[7f]">&gt;&gt;</a>&nbsp;&nbsp;&nbsp;lwip_htonl
<LI><a href="#[6e]">&gt;&gt;</a>&nbsp;&nbsp;&nbsp;ip4_output_if
<LI><a href="#[56]">&gt;&gt;</a>&nbsp;&nbsp;&nbsp;lwip_htons
<LI><a href="#[4f]">&gt;&gt;</a>&nbsp;&nbsp;&nbsp;__2printf
<LI><a href="#[6c]">&gt;&gt;</a>&nbsp;&nbsp;&nbsp;__aeabi_uwrite4
<LI><a href="#[70]">&gt;&gt;</a>&nbsp;&nbsp;&nbsp;__aeabi_uread4
</UL>
<BR>[Called By]<UL><LI><a href="#[e5]">&gt;&gt;</a>&nbsp;&nbsp;&nbsp;tcp_output
</UL>

<P><STRONG><a name="[123]"></a>tcp_output_control_segment</STRONG> (Thumb, 152 bytes, Stack size 64 bytes, tcp_out.o(.text))
<BR><BR>[Stack]<UL><LI>Max Depth = 416<LI>Call Chain = tcp_output_control_segment &rArr; ip4_output_if &rArr; ip4_output_if_src &rArr; ip4_frag &rArr; pbuf_alloc &rArr; pbuf_free &rArr; mem_free &rArr; plug_holes &rArr; __2printf
</UL>
<BR>[Calls]<UL><LI><a href="#[50]">&gt;&gt;</a>&nbsp;&nbsp;&nbsp;pbuf_free
<LI><a href="#[11c]">&gt;&gt;</a>&nbsp;&nbsp;&nbsp;tcp_route
<LI><a href="#[97]">&gt;&gt;</a>&nbsp;&nbsp;&nbsp;ip_chksum_pseudo
<LI><a href="#[6e]">&gt;&gt;</a>&nbsp;&nbsp;&nbsp;ip4_output_if
<LI><a href="#[4f]">&gt;&gt;</a>&nbsp;&nbsp;&nbsp;__2printf
</UL>
<BR>[Called By]<UL><LI><a href="#[114]">&gt;&gt;</a>&nbsp;&nbsp;&nbsp;tcp_send_empty_ack
<LI><a href="#[e3]">&gt;&gt;</a>&nbsp;&nbsp;&nbsp;tcp_zero_window_probe
<LI><a href="#[e9]">&gt;&gt;</a>&nbsp;&nbsp;&nbsp;tcp_rst
<LI><a href="#[e8]">&gt;&gt;</a>&nbsp;&nbsp;&nbsp;tcp_keepalive
</UL>

<P><STRONG><a name="[124]"></a>tcp_output_fill_options</STRONG> (Thumb, 162 bytes, Stack size 24 bytes, tcp_out.o(.text))
<BR><BR>[Stack]<UL><LI>Max Depth = 48<LI>Call Chain = tcp_output_fill_options &rArr; __2printf
</UL>
<BR>[Calls]<UL><LI><a href="#[4f]">&gt;&gt;</a>&nbsp;&nbsp;&nbsp;__2printf
</UL>
<BR>[Called By]<UL><LI><a href="#[114]">&gt;&gt;</a>&nbsp;&nbsp;&nbsp;tcp_send_empty_ack
<LI><a href="#[e3]">&gt;&gt;</a>&nbsp;&nbsp;&nbsp;tcp_zero_window_probe
<LI><a href="#[e9]">&gt;&gt;</a>&nbsp;&nbsp;&nbsp;tcp_rst
<LI><a href="#[e8]">&gt;&gt;</a>&nbsp;&nbsp;&nbsp;tcp_keepalive
</UL>

<P><STRONG><a name="[125]"></a>tcp_output_alloc_header_common</STRONG> (Thumb, 184 bytes, Stack size 40 bytes, tcp_out.o(.text))
<BR><BR>[Stack]<UL><LI>Max Depth = 192<LI>Call Chain = tcp_output_alloc_header_common &rArr; pbuf_alloc &rArr; pbuf_free &rArr; mem_free &rArr; plug_holes &rArr; __2printf
</UL>
<BR>[Calls]<UL><LI><a href="#[55]">&gt;&gt;</a>&nbsp;&nbsp;&nbsp;pbuf_alloc
<LI><a href="#[7f]">&gt;&gt;</a>&nbsp;&nbsp;&nbsp;lwip_htonl
<LI><a href="#[56]">&gt;&gt;</a>&nbsp;&nbsp;&nbsp;lwip_htons
<LI><a href="#[4f]">&gt;&gt;</a>&nbsp;&nbsp;&nbsp;__2printf
<LI><a href="#[6c]">&gt;&gt;</a>&nbsp;&nbsp;&nbsp;__aeabi_uwrite4
</UL>
<BR>[Called By]<UL><LI><a href="#[126]">&gt;&gt;</a>&nbsp;&nbsp;&nbsp;tcp_output_alloc_header
<LI><a href="#[e9]">&gt;&gt;</a>&nbsp;&nbsp;&nbsp;tcp_rst
</UL>

<P><STRONG><a name="[126]"></a>tcp_output_alloc_header</STRONG> (Thumb, 94 bytes, Stack size 56 bytes, tcp_out.o(.text))
<BR><BR>[Stack]<UL><LI>Max Depth = 248<LI>Call Chain = tcp_output_alloc_header &rArr; tcp_output_alloc_header_common &rArr; pbuf_alloc &rArr; pbuf_free &rArr; mem_free &rArr; plug_holes &rArr; __2printf
</UL>
<BR>[Calls]<UL><LI><a href="#[125]">&gt;&gt;</a>&nbsp;&nbsp;&nbsp;tcp_output_alloc_header_common
<LI><a href="#[4f]">&gt;&gt;</a>&nbsp;&nbsp;&nbsp;__2printf
</UL>
<BR>[Called By]<UL><LI><a href="#[114]">&gt;&gt;</a>&nbsp;&nbsp;&nbsp;tcp_send_empty_ack
<LI><a href="#[e3]">&gt;&gt;</a>&nbsp;&nbsp;&nbsp;tcp_zero_window_probe
<LI><a href="#[e8]">&gt;&gt;</a>&nbsp;&nbsp;&nbsp;tcp_keepalive
</UL>

<P><STRONG><a name="[127]"></a>sys_timeout_abs</STRONG> (Thumb, 170 bytes, Stack size 32 bytes, timeouts.o(.text))
<BR><BR>[Stack]<UL><LI>Max Depth = 88<LI>Call Chain = sys_timeout_abs &rArr; memp_malloc &rArr; do_memp_malloc_pool &rArr; __2printf
</UL>
<BR>[Calls]<UL><LI><a href="#[65]">&gt;&gt;</a>&nbsp;&nbsp;&nbsp;memp_malloc
<LI><a href="#[4f]">&gt;&gt;</a>&nbsp;&nbsp;&nbsp;__2printf
</UL>
<BR>[Called By]<UL><LI><a href="#[128]">&gt;&gt;</a>&nbsp;&nbsp;&nbsp;sys_timeout
<LI><a href="#[24]">&gt;&gt;</a>&nbsp;&nbsp;&nbsp;lwip_cyclic_timer
</UL>

<P><STRONG><a name="[23]"></a>tcpip_tcp_timer</STRONG> (Thumb, 44 bytes, Stack size 8 bytes, timeouts.o(.text))
<BR><BR>[Stack]<UL><LI>Max Depth = 624<LI>Call Chain = tcpip_tcp_timer &rArr; tcp_tmr &rArr; tcp_fasttmr &rArr; tcp_process_refused_data &rArr; tcp_recv_null &rArr; tcp_close &rArr; tcp_close_shutdown &rArr; tcp_pcb_remove &rArr; tcp_output &rArr; tcp_send_empty_ack &rArr; tcp_output_control_segment &rArr; ip4_output_if &rArr; ip4_output_if_src &rArr; ip4_frag &rArr; pbuf_alloc &rArr; pbuf_free &rArr; mem_free &rArr; plug_holes &rArr; __2printf
</UL>
<BR>[Calls]<UL><LI><a href="#[128]">&gt;&gt;</a>&nbsp;&nbsp;&nbsp;sys_timeout
<LI><a href="#[28]">&gt;&gt;</a>&nbsp;&nbsp;&nbsp;tcp_tmr
</UL>
<BR>[Address Reference Count : 1]<UL><LI> timeouts.o(.text)
</UL>
<P><STRONG><a name="[24]"></a>lwip_cyclic_timer</STRONG> (Thumb, 68 bytes, Stack size 24 bytes, timeouts.o(.text))
<BR><BR>[Stack]<UL><LI>Max Depth = 112<LI>Call Chain = lwip_cyclic_timer &rArr; sys_timeout_abs &rArr; memp_malloc &rArr; do_memp_malloc_pool &rArr; __2printf
</UL>
<BR>[Calls]<UL><LI><a href="#[129]">&gt;&gt;</a>&nbsp;&nbsp;&nbsp;sys_now
<LI><a href="#[127]">&gt;&gt;</a>&nbsp;&nbsp;&nbsp;sys_timeout_abs
</UL>
<BR>[Address Reference Count : 1]<UL><LI> timeouts.o(.text)
</UL>
<P><STRONG><a name="[132]"></a>udp_new_port</STRONG> (Thumb, 78 bytes, Stack size 8 bytes, udp.o(.text), UNUSED)
<BR><BR>[Called By]<UL><LI><a href="#[131]">&gt;&gt;</a>&nbsp;&nbsp;&nbsp;udp_bind
</UL>

<P><STRONG><a name="[130]"></a>udp_input_local_match</STRONG> (Thumb, 174 bytes, Stack size 16 bytes, udp.o(.text), UNUSED)
<BR><BR>[Calls]<UL><LI><a href="#[4f]">&gt;&gt;</a>&nbsp;&nbsp;&nbsp;__2printf
</UL>
<BR>[Called By]<UL><LI><a href="#[78]">&gt;&gt;</a>&nbsp;&nbsp;&nbsp;udp_input
</UL>

<P><STRONG><a name="[143]"></a>ReadPHYRegX</STRONG> (Thumb, 26 bytes, Stack size 8 bytes, mych579mac.o(.text))
<BR><BR>[Stack]<UL><LI>Max Depth = 8<LI>Call Chain = ReadPHYRegX
</UL>
<BR>[Called By]<UL><LI><a href="#[f]">&gt;&gt;</a>&nbsp;&nbsp;&nbsp;ETH_IRQHandler
<LI><a href="#[144]">&gt;&gt;</a>&nbsp;&nbsp;&nbsp;GetPhyLinkState
</UL>

<P><STRONG><a name="[13e]"></a>ETH_IRQ_ERR_Deal</STRONG> (Thumb, 90 bytes, Stack size 8 bytes, mych579mac.o(.text))
<BR><BR>[Stack]<UL><LI>Max Depth = 32<LI>Call Chain = ETH_IRQ_ERR_Deal &rArr; __2printf
</UL>
<BR>[Calls]<UL><LI><a href="#[4f]">&gt;&gt;</a>&nbsp;&nbsp;&nbsp;__2printf
</UL>
<BR>[Called By]<UL><LI><a href="#[f]">&gt;&gt;</a>&nbsp;&nbsp;&nbsp;ETH_IRQHandler
</UL>

<P><STRONG><a name="[25]"></a>tcp_server_recv</STRONG> (Thumb, 162 bytes, Stack size 40 bytes, mytcpserver.o(.text))
<BR><BR>[Stack]<UL><LI>Max Depth = 584<LI>Call Chain = tcp_server_recv &rArr; tcp_close &rArr; tcp_close_shutdown &rArr; tcp_pcb_remove &rArr; tcp_output &rArr; tcp_send_empty_ack &rArr; tcp_output_control_segment &rArr; ip4_output_if &rArr; ip4_output_if_src &rArr; ip4_frag &rArr; pbuf_alloc &rArr; pbuf_free &rArr; mem_free &rArr; plug_holes &rArr; __2printf
</UL>
<BR>[Calls]<UL><LI><a href="#[50]">&gt;&gt;</a>&nbsp;&nbsp;&nbsp;pbuf_free
<LI><a href="#[147]">&gt;&gt;</a>&nbsp;&nbsp;&nbsp;e_buf_num_add_one
<LI><a href="#[146]">&gt;&gt;</a>&nbsp;&nbsp;&nbsp;get_idle_e_from_que_tail
<LI><a href="#[f3]">&gt;&gt;</a>&nbsp;&nbsp;&nbsp;tcp_recved
<LI><a href="#[f1]">&gt;&gt;</a>&nbsp;&nbsp;&nbsp;tcp_close
<LI><a href="#[4f]">&gt;&gt;</a>&nbsp;&nbsp;&nbsp;__2printf
<LI><a href="#[53]">&gt;&gt;</a>&nbsp;&nbsp;&nbsp;__aeabi_memcpy
</UL>
<BR>[Address Reference Count : 1]<UL><LI> mytcpserver.o(.text)
</UL>
<P><STRONG><a name="[26]"></a>tcp_server_accept</STRONG> (Thumb, 50 bytes, Stack size 16 bytes, mytcpserver.o(.text))
<BR><BR>[Stack]<UL><LI>Max Depth = 560<LI>Call Chain = tcp_server_accept &rArr; tcp_close &rArr; tcp_close_shutdown &rArr; tcp_pcb_remove &rArr; tcp_output &rArr; tcp_send_empty_ack &rArr; tcp_output_control_segment &rArr; ip4_output_if &rArr; ip4_output_if_src &rArr; ip4_frag &rArr; pbuf_alloc &rArr; pbuf_free &rArr; mem_free &rArr; plug_holes &rArr; __2printf
</UL>
<BR>[Calls]<UL><LI><a href="#[10b]">&gt;&gt;</a>&nbsp;&nbsp;&nbsp;tcp_recv
<LI><a href="#[103]">&gt;&gt;</a>&nbsp;&nbsp;&nbsp;tcp_setprio
<LI><a href="#[f1]">&gt;&gt;</a>&nbsp;&nbsp;&nbsp;tcp_close
</UL>
<BR>[Address Reference Count : 1]<UL><LI> mytcpserver.o(.text)
</UL>
<P><STRONG><a name="[155]"></a>_printf_core</STRONG> (Thumb, 560 bytes, Stack size 96 bytes, printf4.o(i._printf_core), UNUSED)
<BR><BR>[Calls]<UL><LI><a href="#[14e]">&gt;&gt;</a>&nbsp;&nbsp;&nbsp;__aeabi_uldivmod
</UL>
<BR>[Called By]<UL><LI><a href="#[154]">&gt;&gt;</a>&nbsp;&nbsp;&nbsp;__0printf$4
</UL>
<P>
<H3>
Undefined Global Symbols
</H3><HR></body></html>
