<html>
<body>
<pre>
<h1>µVision Build Log</h1>
<h2>Tool Versions:</h2>
IDE-Version: µVision V5.29.0.0
Copyright (C) 2019 ARM Ltd and ARM Germany GmbH. All rights reserved.
License Information: dac Microsoft, Microsoft, LIC=BUURY-I2QYX-CXWU6-DIR3G-GR979-BXXG9
 
Tool Versions:
Toolchain:       MDK-ARM Plus  Version: 5.29.0.0
Toolchain Path:  C:\Keil_v5\ARM\ARMCC\Bin
C Compiler:      Armcc.exe V5.06 update 6 (build 750)
Assembler:       Armasm.exe V5.06 update 6 (build 750)
Linker/Locator:  ArmLink.exe V5.06 update 6 (build 750)
Library Manager: ArmAr.exe V5.06 update 6 (build 750)
Hex Converter:   FromElf.exe V5.06 update 6 (build 750)
CPU DLL:         SARMCM3.DLL V5.29.0.0
Dialog DLL:      DARMCM1.DLL V1.19.2.0
Target DLL:      UL2CM3.DLL V1.163.0.0
Dialog DLL:      TARMCM1.DLL V1.14.1.0
 
<h2>Project:</h2>
C:\Users\NVD\Desktop\lwip-routine-master\CH579\CH579_ETH_Lwip-2.12_V1.0\User\CH579_Demo.uvprojx
Project File Date:  08/15/2023

<h2>Output:</h2>
*** Using Compiler 'V5.06 update 6 (build 750)', folder: 'C:\Keil_v5\ARM\ARMCC\Bin'
Rebuild target 'CH579_Demo'
compiling CH57x_gpio.c...
compiling CH57x_int.c...
compiling CH57x_flash.c...
compiling CH57x_adc.c...
compiling Main.c...
compiling CH57x_sys.c...
compiling CH57x_pwr.c...
compiling CH57x_uart1.c...
compiling CH57x_uart0.c...
compiling CH57x_clk.c...
compiling CH57x_timer0.c...
assembling startup_ARMCM0.s...
compiling mybufque.c...
compiling parameter_setting.c...
compiling api_lib.c...
compiling api_msg.c...
compiling err.c...
compiling if_api.c...
compiling ethernetif.c...
compiling netbuf.c...
compiling netdb.c...
compiling sockets.c...
compiling netifapi.c...
compiling tcpip.c...
compiling autoip.c...
compiling dhcp.c...
compiling igmp.c...
compiling icmp.c...
compiling ip4_addr.c...
compiling ip4.c...
compiling etharp.c...
compiling altcp.c...
compiling altcp_alloc.c...
compiling altcp_tcp.c...
compiling dns.c...
compiling ip4_frag.c...
compiling def.c...
compiling inet_chksum.c...
compiling ip.c...
compiling mem.c...
compiling init.c...
compiling memp.c...
compiling netif.c...
compiling stats.c...
compiling raw.c...
compiling sys.c...
compiling pbuf.c...
compiling timeouts.c...
compiling tcp.c...
compiling bridgeif.c...
compiling tcp_in.c...
compiling udp.c...
compiling tcp_out.c...
compiling lowpan6.c...
compiling bridgeif_fdb.c...
compiling lowpan6_ble.c...
compiling ethernet.c...
compiling lowpan6_common.c...
compiling sys_arch.c...
compiling lwipcomm.c...
compiling mych579mac.c...
..\Net\scr\mych579mac.c(43): warning:  #177-D: function "WritePHYRegX"  was declared but never referenced
  static void WritePHYRegX(UINT8 reg_add,UINT16 reg_val)
..\Net\scr\mych579mac.c: 1 warning, 0 errors
compiling mytcpserver.c...
linking...
Program Size: Code=67140 RO-data=1024 RW-data=232 ZI-data=21436  
FromELF: creating hex file...
"..\Obj\CH579_Demo.axf" - 0 Error(s), 1 Warning(s).

<h2>Software Packages used:</h2>

Package Vendor: Keil
                http://wch.cn/pack/Keil.WCH57x_DFP.1.1.0.pack
                Keil.WCH57x_DFP.1.1.0
                WCH wireless MCU CH57x Family Support, Drivers and Examples

<h2>Collection of Component include folders:</h2>
  .\RTE\_CH579_Demo
  C:\Users\NVD\AppData\Local\Arm\Packs\Keil\WCH57x_DFP\1.1.0\Drivers\CMSIS\Device\WCH\CH57x\Include

<h2>Collection of Component Files used:</h2>
Build Time Elapsed:  00:00:04
</pre>
</body>
</html>
