BL51 BANKED LINKER/LOCATER V6.22                                                        04/21/2022  18:02:20  PAGE 1


BL51 BANKED LINKER/LOCATER V6.22, INVOKED BY:
C:\KEIL\C51\BIN\BL51.EXE  STARTUP.obj, main.obj TO test RAMSIZE (256)


MEMORY MODEL: SMALL


INPUT MODULES INCLUDED:
  STARTUP.obj (?C_STARTUP)
  main.obj (MAIN)
  C:\KEIL\C51\LIB\C51S.LIB (PRINTF)
  C:\KEIL\C51\LIB\C51S.LIB (?C?CLDPTR)
  C:\KEIL\C51\LIB\C51S.LIB (?C?CLDOPTR)
  C:\KEIL\C51\LIB\C51S.LIB (?C?CSTPTR)
  C:\KEIL\C51\LIB\C51S.LIB (?C?PLDIIDATA)
  C:\KEIL\C51\LIB\C51S.LIB (?C?CCASE)
  C:\KEIL\C51\LIB\C51S.LIB (PUTCHAR)


LINK MAP OF MODULE:  test (?C_STARTUP)


            TYPE    BASE      LENGTH    RELOCATION   SEGMENT NAME
            -----------------------------------------------------

            * * * * * * *   D A T A   M E M O R Y   * * * * * * *
            REG     0000H     0008H     ABSOLUTE     "REG BANK 0"
            DATA    0008H     0014H     UNIT         _DATA_GROUP_
            DATA    001CH     0001H     UNIT         ?DT?MAIN
                    001DH     0003H                  *** GAP ***
            BIT     0020H.0   0001H.1   UNIT         _BIT_GROUP_
                    0021H.1   0000H.7                *** GAP ***
            IDATA   0022H     0001H     UNIT         ?STACK

            * * * * * * *   C O D E   M E M O R Y   * * * * * * *
            CODE    0000H     0003H     ABSOLUTE     
            CODE    0003H     035CH     UNIT         ?PR?PRINTF?PRINTF
            CODE    035FH     008EH     UNIT         ?C?LIB_CODE
            CODE    03EDH     0067H     UNIT         ?PR?MAIN?MAIN
            CODE    0454H     004CH     UNIT         ?CO?MAIN
            CODE    04A0H     0027H     UNIT         ?PR?PUTCHAR?PUTCHAR
            CODE    04C7H     0026H     UNIT         ?PR?_DELAY_MS?MAIN
            CODE    04EDH     0019H     UNIT         ?PR?_SPIWRITE?MAIN
            CODE    0506H     0016H     UNIT         ?PR?SPIREAD?MAIN
            CODE    051CH     000FH     UNIT         ?PR?UARTINIT?MAIN
            CODE    052BH     000CH     UNIT         ?C_C51STARTUP
            CODE    0537H     0007H     UNIT         ?PR?SPIINIT?MAIN



OVERLAY MAP OF MODULE:   test (?C_STARTUP)


SEGMENT                           BIT_GROUP          DATA_GROUP 
  +--> CALLED SEGMENT          START    LENGTH     START    LENGTH
------------------------------------------------------------------
?C_C51STARTUP                  -----    -----      -----    -----
  +--> ?PR?MAIN?MAIN
BL51 BANKED LINKER/LOCATER V6.22                                                      04/21/2022  18:02:20  PAGE 2



?PR?MAIN?MAIN                  -----    -----      -----    -----
  +--> ?PR?SPIINIT?MAIN
  +--> ?PR?UARTINIT?MAIN
  +--> ?CO?MAIN
  +--> ?PR?PRINTF?PRINTF
  +--> ?PR?_SPIWRITE?MAIN
  +--> ?PR?SPIREAD?MAIN

?PR?PRINTF?PRINTF              0020H.0  0001H.1    0008H    0014H
  +--> ?PR?PUTCHAR?PUTCHAR



SYMBOL TABLE OF MODULE:  test (?C_STARTUP)

  VALUE           TYPE          NAME
  ----------------------------------

  -------         MODULE        ?C_STARTUP
  C:052BH         SEGMENT       ?C_C51STARTUP
  I:0022H         SEGMENT       ?STACK
  C:0000H         PUBLIC        ?C_STARTUP
  D:00E0H         SYMBOL        ACC
  D:00F0H         SYMBOL        B
  D:0083H         SYMBOL        DPH
  D:0082H         SYMBOL        DPL
  N:0000H         SYMBOL        IBPSTACK
  N:0100H         SYMBOL        IBPSTACKTOP
  N:0080H         SYMBOL        IDATALEN
  C:052EH         SYMBOL        IDATALOOP
  N:0000H         SYMBOL        PBPSTACK
  N:0100H         SYMBOL        PBPSTACKTOP
  N:0000H         SYMBOL        PDATALEN
  N:0000H         SYMBOL        PDATASTART
  N:0000H         SYMBOL        PPAGE
  N:0000H         SYMBOL        PPAGEENABLE
  D:00A0H         SYMBOL        PPAGE_SFR
  D:0081H         SYMBOL        SP
  C:052BH         SYMBOL        STARTUP1
  N:0000H         SYMBOL        XBPSTACK
  N:0000H         SYMBOL        XBPSTACKTOP
  N:0000H         SYMBOL        XDATALEN
  N:0000H         SYMBOL        XDATASTART
  C:0000H         LINE#         126
  C:052BH         LINE#         133
  C:052DH         LINE#         134
  C:052EH         LINE#         135
  C:052FH         LINE#         136
  C:0531H         LINE#         185
  C:0534H         LINE#         196
  -------         ENDMOD        ?C_STARTUP

  -------         MODULE        MAIN
  C:0000H         SYMBOL        _ICE_DUMMY_
  D:00A0H         PUBLIC        P2
  C:0537H         PUBLIC        SPIInit
BL51 BANKED LINKER/LOCATER V6.22                                                      04/21/2022  18:02:20  PAGE 3


  B:00A0H.0       PUBLIC        spi_SCK
  C:03EDH         PUBLIC        main
  D:001CH         PUBLIC        kqua
  D:0098H         PUBLIC        SCON
  D:0089H         PUBLIC        TMOD
  B:00A0H.3       PUBLIC        spi_CS
  D:008DH         PUBLIC        TH1
  D:008BH         PUBLIC        TL1
  C:04C7H         PUBLIC        _delay_ms
  C:051CH         PUBLIC        UARTInit
  B:0088H.6       PUBLIC        TR1
  B:00A0H.2       PUBLIC        spi_MISO
  B:00A0H.1       PUBLIC        spi_MOSI
  C:0506H         PUBLIC        SPIRead
  C:04EDH         PUBLIC        _SPIWrite
  -------         PROC          MAIN
  C:03EDH         LINE#         16
  C:03EDH         LINE#         18
  C:03F0H         LINE#         19
  C:03F3H         LINE#         20
  C:03FCH         LINE#         23
  C:03FEH         LINE#         24
  C:0403H         LINE#         25
  C:0408H         LINE#         26
  C:040AH         LINE#         29
  C:040CH         LINE#         30
  C:0411H         LINE#         31
  C:0414H         LINE#         32
  C:0416H         LINE#         34
  C:0418H         LINE#         35
  C:041DH         LINE#         36
  C:0422H         LINE#         37
  C:0424H         LINE#         40
  C:0426H         LINE#         41
  C:042BH         LINE#         42
  C:0430H         LINE#         43
  C:0432H         LINE#         45
  C:043EH         LINE#         46
  C:044BH         LINE#         47
  C:0452H         LINE#         49
  C:0452H         LINE#         52
  -------         ENDPROC       MAIN
  -------         PROC          UARTINIT
  C:051CH         LINE#         58
  C:051CH         LINE#         60
  C:051FH         LINE#         61
  C:0522H         LINE#         62
  C:0528H         LINE#         63
  C:052AH         LINE#         65
  -------         ENDPROC       UARTINIT
  -------         PROC          SPIINIT
  C:0537H         LINE#         68
  C:0537H         LINE#         70
  C:0539H         LINE#         71
  C:053BH         LINE#         72
  C:053DH         LINE#         73
  -------         ENDPROC       SPIINIT
BL51 BANKED LINKER/LOCATER V6.22                                                      04/21/2022  18:02:20  PAGE 4


  -------         PROC          _DELAY_MS
  D:0006H         SYMBOL        tg
  -------         DO            
  D:0004H         SYMBOL        i
  D:0002H         SYMBOL        x
  -------         ENDDO         
  C:04C7H         LINE#         75
  C:04C7H         LINE#         78
  C:04D7H         LINE#         79
  C:04E5H         LINE#         80
  C:04ECH         LINE#         83
  -------         ENDPROC       _DELAY_MS
  -------         PROC          SPIREAD
  -------         DO            
  D:0006H         SYMBOL        i
  D:0007H         SYMBOL        b
  -------         ENDDO         
  C:0506H         LINE#         86
  C:0506H         LINE#         88
  C:0508H         LINE#         89
  C:0509H         LINE#         90
  C:050DH         LINE#         91
  C:050FH         LINE#         92
  C:0512H         LINE#         93
  C:0515H         LINE#         94
  C:0517H         LINE#         96
  C:051BH         LINE#         97
  C:051BH         LINE#         98
  -------         ENDPROC       SPIREAD
  -------         PROC          _SPIWRITE
  D:0007H         SYMBOL        b
  -------         DO            
  D:0006H         SYMBOL        i
  -------         ENDDO         
  C:04EDH         LINE#         100
  C:04EDH         LINE#         103
  C:04EFH         LINE#         104
  C:04F3H         LINE#         105
  C:04F7H         LINE#         107
  C:04F9H         LINE#         108
  C:04FBH         LINE#         109
  C:04FDH         LINE#         110
  C:0501H         LINE#         111
  C:0505H         LINE#         112
  -------         ENDPROC       _SPIWRITE
  -------         ENDMOD        MAIN

  -------         MODULE        PRINTF
  D:0008H         PUBLIC        ?_PRINTF517?BYTE
  D:0008H         PUBLIC        ?_PRINTF?BYTE
  D:0008H         PUBLIC        ?_SPRINTF517?BYTE
  D:0008H         PUBLIC        ?_SPRINTF?BYTE
  C:0065H         PUBLIC        _PRINTF
  C:0065H         PUBLIC        _PRINTF517
  C:005FH         PUBLIC        _SPRINTF
  C:005FH         PUBLIC        _SPRINTF517
  -------         ENDMOD        PRINTF
BL51 BANKED LINKER/LOCATER V6.22                                                      04/21/2022  18:02:20  PAGE 5



  -------         MODULE        ?C?CLDPTR
  C:035FH         PUBLIC        ?C?CLDPTR
  -------         ENDMOD        ?C?CLDPTR

  -------         MODULE        ?C?CLDOPTR
  C:0378H         PUBLIC        ?C?CLDOPTR
  -------         ENDMOD        ?C?CLDOPTR

  -------         MODULE        ?C?CSTPTR
  C:03A5H         PUBLIC        ?C?CSTPTR
  -------         ENDMOD        ?C?CSTPTR

  -------         MODULE        ?C?PLDIIDATA
  C:03B7H         PUBLIC        ?C?PLDIIDATA
  -------         ENDMOD        ?C?PLDIIDATA

  -------         MODULE        ?C?CCASE
  C:03C7H         PUBLIC        ?C?CCASE
  -------         ENDMOD        ?C?CCASE

  -------         MODULE        PUTCHAR
  C:04A0H         PUBLIC        _PUTCHAR
  -------         ENDMOD        PUTCHAR

*** WARNING L16: UNCALLED SEGMENT, IGNORED FOR OVERLAY PROCESS
    SEGMENT: ?PR?_DELAY_MS?MAIN

Program Size: data=31.1 xdata=0 code=1342
LINK/LOCATE RUN COMPLETE.  1 WARNING(S),  0 ERROR(S)
