###############################################################################
#
# IAR ELF Linker V2.20.1.176 for STM8                     25/Aug/2022  14:00:56
# Copyright 2010-2015 IAR Systems AB.
#
#    Output file  =  C:\Users\NVD\Desktop\STM8-ILI9341\Debug\Exe\ILI9341.out
#    Map file     =  C:\Users\NVD\Desktop\STM8-ILI9341\Debug\List\ILI9341.map
#    Command line =  
#        C:\Users\NVD\Desktop\STM8-ILI9341\Debug\Obj\drv_ili9341.o
#        C:\Users\NVD\Desktop\STM8-ILI9341\Debug\Obj\main.o
#        C:\Users\NVD\Desktop\STM8-ILI9341\Debug\Obj\stm8s_delay.o
#        C:\Users\NVD\Desktop\STM8-ILI9341\Debug\Obj\stm8s_gpio.o
#        C:\Users\NVD\Desktop\STM8-ILI9341\Debug\Obj\stm8s_spi.o --redirect
#        _Printf=_PrintfFullNoMb --redirect _Scanf=_ScanfFullNoMb -o
#        C:\Users\NVD\Desktop\STM8-ILI9341\Debug\Exe\ILI9341.out --map
#        C:\Users\NVD\Desktop\STM8-ILI9341\Debug\List\ILI9341.map --config
#        "C:\Program Files (x86)\IAR Systems\Embedded Workbench
#        7.3\stm8\config\lnkstm8s103f3.icf" --config_def _CSTACK_SIZE=0x100
#        --config_def _HEAP_SIZE=0x100 --entry __iar_program_start --debug_lib
#
###############################################################################

*******************************************************************************
*** RUNTIME MODEL ATTRIBUTES
***

__SystemLibrary            = DLib
__code_model               = small
__core                     = stm8
__data_model               = medium
__dlib_file_descriptor     = 0
__dlib_full_locale_support = 0
__rt_version               = 4


*******************************************************************************
*** PLACEMENT SUMMARY
***

"A1":  place at start of [0x000000-0x0000ff] { rw section .vregs };
"A2":  place at end of [0x000000-0x0003ff] { block CSTACK };
"P2":  place in [from 0x000000 to 0x0003ff] {
          block HEAP, rw section __DLIB_PERTHREAD, rw section .far.bss,
          rw section .far.data, rw section .far.noinit,
          rw section .far_func.textrw, rw section .huge.bss,
          rw section .huge.data, rw section .huge.noinit,
          rw section .huge_func.textrw, rw section .iar.dynexit,
          rw section .near.bss, rw section .near.data, rw section .near.noinit,
          rw section .near_func.textrw };
"A3":  place at start of [0x008000-0x009fff] { block INTVEC };
"P3":  place in [from 0x008000 to 0x009fff] {
          ro section __DLIB_PERTHREAD_init, ro section .far.data_init,
          ro section .far_func.textrw_init, ro section .huge.data_init,
          ro section .huge_func.textrw_init, ro section .iar.init_table,
          ro section .init_array, ro section .near.data_init,
          ro section .near.rodata, ro section .near_func.text,
          ro section .near_func.textrw_init, ro section .tiny.data_init,
          ro section .tiny.rodata_init };

  Section          Kind      Address   Size  Object
  -------          ----      -------   ----  ------
"A1":                                  0x10
  .vregs           uninit   0x000000   0x10  vregs.o [4]
                          - 0x000010   0x10

"P2":                                   0xd
  .near.bss        zero     0x000010    0xd  drv_ili9341.o [1]
                          - 0x00001d    0xd

"A2":                                 0x100
  CSTACK                    0x000300  0x100  <Block>
    CSTACK         uninit   0x000300  0x100  <Block tail>
                          - 0x000400  0x100

"A3":                                  0x80
  INTVEC                    0x008000   0x80  <Block>
    .intvec        const    0x008000   0x80  interrupt.o [4]
                          - 0x008080   0x80

"P3":                                 0x845
  .near_func.text  ro code  0x008080  0x1da  float.o [4]
  .near_func.text  ro code  0x00825a  0x1d6  drv_ili9341.o [1]
  .near_func.text  ro code  0x008430   0xaf  stm8s_gpio.o [1]
  .near_func.text  ro code  0x0084df   0xaa  drv_ili9341.o [1]
  .near_func.text  ro code  0x008589   0x9e  vreg_util.o [4]
  .near_func.text  ro code  0x008627   0x74  drv_ili9341.o [1]
  .near_func.text  ro code  0x00869b   0x6e  drv_ili9341.o [1]
  .near_func.text  ro code  0x008709   0x40  main.o [1]
  .near_func.text  ro code  0x008749   0x38  stm8s_spi.o [1]
  .near_func.text  ro code  0x008781   0x30  drv_ili9341.o [1]
  .near_func.text  ro code  0x0087b1   0x2a  drv_ili9341.o [1]
  .iar.init_table  const    0x0087db    0x8  - Linker created -
  .near_func.text  ro code  0x0087e3   0x1e  init_small.o [4]
  .near_func.text  ro code  0x008801   0x1c  stm8s_delay.o [1]
  .near_func.text  ro code  0x00881d   0x17  init.o [4]
  .near_func.text  ro code  0x008834   0x16  stm8s_delay.o [1]
  .near_func.text  ro code  0x00884a   0x14  __dbg_xxexit.o [3]
  .near_func.text  ro code  0x00885e   0x13  cstartup.o [4]
  .near_func.text  ro code  0x008871   0x11  stm8s_spi.o [1]
  .near_func.text  ro code  0x008882    0xd  stm8s_spi.o [1]
  .near_func.text  ro code  0x00888f    0xd  dc_util.o [4]
  .near_func.text  ro code  0x00889c    0xc  long_util.o [4]
  .near_func.text  ro code  0x0088a8    0x7  stm8s_gpio.o [1]
  .near_func.text  ro code  0x0088af    0x5  cexit.o [4]
  .near_func.text  ro code  0x0088b4    0x4  stm8s_gpio.o [1]
  .near_func.text  ro code  0x0088b8    0x3  interrupt.o [4]
  .near_func.text  ro code  0x0088bb    0x3  low_level_init.o [4]
  .near_func.text  ro code  0x0088be    0x3  exit.o [4]
  .near_func.text  ro code  0x0088c1    0x3  unhandled_exception.o [4]
  .near_func.text  ro code  0x0088c4    0x1  __dbg_break.o [3]
                          - 0x0088c5  0x845


*******************************************************************************
*** INIT TABLE
***

          Address   Size
          -------   ----
Zero (__iar_zero_init2)
    1 destination range, total size 0xd:
          0x000010   0xd



*******************************************************************************
*** MODULE SUMMARY
***

    Module                 ro code  ro data  rw data
    ------                 -------  -------  -------
C:\Users\NVD\Desktop\STM8-ILI9341\Debug\Obj: [1]
    drv_ili9341.o              956                13
    main.o                      64
    stm8s_delay.o               50
    stm8s_gpio.o               186
    stm8s_spi.o                 86
    ------------------------------------------------
    Total:                   1 342                13

command line: [2]
    ------------------------------------------------
    Total:

dbgstm8smd.a: [3]
    __dbg_break.o                1
    __dbg_xxexit.o              20
    ------------------------------------------------
    Total:                      21

dlstm8smn.a: [4]
    cexit.o                      5
    cstartup.o                  19
    dc_util.o                   13
    exit.o                       3
    float.o                    474
    init.o                      23
    init_small.o                30
    interrupt.o                  3      128
    long_util.o                 12
    low_level_init.o             3
    unhandled_exception.o        3
    vreg_util.o                158
    vregs.o                                       16
    ------------------------------------------------
    Total:                     746      128       16

    Linker created                        8      256
----------------------------------------------------
    Grand Total:             2 109      136      285


*******************************************************************************
*** ENTRY LIST
***

Entry                    Address   Size  Type      Object
-----                    -------   ----  ----      ------
.iar.init_table$$Base   0x0087db          --   Gb  - Linker created -
.iar.init_table$$Limit  0x0087e3          --   Gb  - Linker created -
?b0                     0x000000         Data  Gb  vregs.o [4]
?b1                     0x000001         Data  Gb  vregs.o [4]
?b10                    0x00000a         Data  Gb  vregs.o [4]
?b11                    0x00000b         Data  Gb  vregs.o [4]
?b12                    0x00000c         Data  Gb  vregs.o [4]
?b13                    0x00000d         Data  Gb  vregs.o [4]
?b14                    0x00000e         Data  Gb  vregs.o [4]
?b15                    0x00000f         Data  Gb  vregs.o [4]
?b2                     0x000002         Data  Gb  vregs.o [4]
?b3                     0x000003         Data  Gb  vregs.o [4]
?b4                     0x000004         Data  Gb  vregs.o [4]
?b5                     0x000005         Data  Gb  vregs.o [4]
?b6                     0x000006         Data  Gb  vregs.o [4]
?b7                     0x000007         Data  Gb  vregs.o [4]
?b8                     0x000008         Data  Gb  vregs.o [4]
?b9                     0x000009         Data  Gb  vregs.o [4]
?dc32_l1                0x00888f         Code  Gb  dc_util.o [4]
?e0                     0x000001         Data  Gb  vregs.o [4]
?e1                     0x000005         Data  Gb  vregs.o [4]
?e2                     0x000009         Data  Gb  vregs.o [4]
?e3                     0x00000d         Data  Gb  vregs.o [4]
?epilogue_l2            0x008604         Code  Gb  vreg_util.o [4]
?epilogue_l2_l3         0x008601         Code  Gb  vreg_util.o [4]
?epilogue_l2_w6         0x008608         Code  Gb  vreg_util.o [4]
?epilogue_w4            0x00860f         Code  Gb  vreg_util.o [4]
?fcastf32u16_l0_x       0x00811a         Code  Gb  float.o [4]
?fcasts16f32_x_l0       0x008138         Code  Gb  float.o [4]
?fmul32_l0_l0_dc32      0x008080         Code  Gb  float.o [4]
?fmul32_l0_l0_l1        0x008085         Code  Gb  float.o [4]
?l0                     0x000000         Data  Gb  vregs.o [4]
?l1                     0x000004         Data  Gb  vregs.o [4]
?l2                     0x000008         Data  Gb  vregs.o [4]
?l3                     0x00000c         Data  Gb  vregs.o [4]
?load32_l1_0x           0x00889c         Code  Gb  long_util.o [4]
?mov_e0_e1              0x00861d         Code  Gb  vreg_util.o [4]
?mov_l0_l1              0x00861a         Code  Gb  vreg_util.o [4]
?mov_w1_w3              0x008620         Code  Gb  vreg_util.o [4]
?mov_w6_w0              0x008613         Code  Gb  vreg_util.o [4]
?pop_l2                 0x0085e3         Code  Gb  vreg_util.o [4]
?pop_l3                 0x0085ee         Code  Gb  vreg_util.o [4]
?pop_w4                 0x0085a6         Code  Gb  vreg_util.o [4]
?pop_w6                 0x0085ad         Code  Gb  vreg_util.o [4]
?push_l2                0x0085bc         Code  Gb  vreg_util.o [4]
?push_l3                0x0085c1         Code  Gb  vreg_util.o [4]
?push_w4                0x008589         Code  Gb  vreg_util.o [4]
?push_w6                0x00858e         Code  Gb  vreg_util.o [4]
?w0                     0x000000         Data  Gb  vregs.o [4]
?w1                     0x000002         Data  Gb  vregs.o [4]
?w2                     0x000004         Data  Gb  vregs.o [4]
?w3                     0x000006         Data  Gb  vregs.o [4]
?w4                     0x000008         Data  Gb  vregs.o [4]
?w5                     0x00000a         Data  Gb  vregs.o [4]
?w6                     0x00000c         Data  Gb  vregs.o [4]
?w7                     0x00000e         Data  Gb  vregs.o [4]
CSTACK$$Base            0x000300          --   Gb  - Linker created -
CSTACK$$Limit           0x000400          --   Gb  - Linker created -
GPIO_Init               0x008430   0xaf  Code  Gb  stm8s_gpio.o [1]
GPIO_WriteHigh          0x0088a8    0x7  Code  Gb  stm8s_gpio.o [1]
GPIO_WriteLow           0x0088b4    0x4  Code  Gb  stm8s_gpio.o [1]
INTVEC$$Base            0x008000          --   Gb  - Linker created -
INTVEC$$Limit           0x008080          --   Gb  - Linker created -
Region$$Table$$Base     0x0087db          --   Gb  - Linker created -
Region$$Table$$Limit    0x0087e3          --   Gb  - Linker created -
SPI_BiDirectionalLineConfig
                        0x008882    0xd  Code  Gb  stm8s_spi.o [1]
SPI_Cmd                 0x008871    0xd  Code  Gb  stm8s_spi.o [1]
SPI_Init                0x008749   0x38  Code  Gb  stm8s_spi.o [1]
SPI_SendData            0x00887e    0x4  Code  Gb  stm8s_spi.o [1]
TFT_Clear               0x00853f   0x4a  Code  Gb  drv_ili9341.o [1]
TFT_Init                0x00825a  0x1d6  Code  Gb  drv_ili9341.o [1]
TFT_Init_GPIO           0x00869b   0x6e  Code  Gb  drv_ili9341.o [1]
TFT_Reset               0x0087b1   0x2a  Code  Gb  drv_ili9341.o [1]
TFT_SetWindows          0x0084df   0x60  Code  Gb  drv_ili9341.o [1]
TFT_WR_DATA             0x008627   0x26  Code  Gb  drv_ili9341.o [1]
TFT_WR_DATA_16Bit       0x008781   0x30  Code  Gb  drv_ili9341.o [1]
TFT_WR_REG              0x00864d   0x26  Code  Gb  drv_ili9341.o [1]
TFT_direction           0x008673   0x28  Code  Gb  drv_ili9341.o [1]
__DebugBreak            0x0088c4    0x1  Code  Gb  __dbg_break.o [3]
__exit                  0x00884a   0x14  Code  Gb  __dbg_xxexit.o [3]
__iar_data_init2        0x00881d   0x17  Code  Gb  init.o [4]
__iar_program_start     0x00885e         Code  Gb  cstartup.o [4]
__iar_unhandled_exception
                        0x0088c1         Code  Gb  unhandled_exception.o [4]
__iar_zero_init2        0x0087e3         Code  Gb  init_small.o [4]
__intvec                0x008000         Data  Gb  interrupt.o [4]
__low_level_init        0x0088bb    0x3  Code  Gb  low_level_init.o [4]
_exit                   0x0088af         Code  Gb  cexit.o [4]
delay_ms                0x008801   0x1c  Code  Gb  stm8s_delay.o [1]
delay_us                0x008834   0x16  Code  Gb  stm8s_delay.o [1]
exit                    0x0088be    0x3  Code  Gb  exit.o [4]
lcddev                  0x000010    0xd  Data  Gb  drv_ili9341.o [1]
main                    0x008709   0x40  Code  Gb  main.o [1]


[1] = C:\Users\NVD\Desktop\STM8-ILI9341\Debug\Obj
[2] = command line
[3] = dbgstm8smd.a
[4] = dlstm8smn.a

  2 109 bytes of readonly  code memory
    136 bytes of readonly  data memory
    285 bytes of readwrite data memory

Errors: none
Warnings: none
