BL51 BANKED LINKER/LOCATER V6.22                                                        04/13/2022  23:39:58  PAGE 1


BL51 BANKED LINKER/LOCATER V6.22, INVOKED BY:
C:\KEIL\C51\BIN\BL51.EXE  STARTUP.obj, termi.obj TO tre RAMSIZE (256)


INPUT MODULES INCLUDED:
  STARTUP.obj (?C_STARTUP)
  termi.obj (TERMI)


LINK MAP OF MODULE:  tre (?C_STARTUP)


            TYPE    BASE      LENGTH    RELOCATION   SEGMENT NAME
            -----------------------------------------------------

            * * * * * * *   D A T A   M E M O R Y   * * * * * * *
            REG     0000H     0008H     ABSOLUTE     "REG BANK 0"
            IDATA   0008H     0001H     UNIT         ?STACK

            * * * * * * *   C O D E   M E M O R Y   * * * * * * *
            CODE    0000H     0003H     ABSOLUTE     
* OVERLAP * CODE    0000H     0019H     ABSOLUTE     
            CODE    0019H     000CH     UNIT         ?C_C51STARTUP



UNRESOLVED EXTERNAL SYMBOLS:
   ?C_START



SYMBOL TABLE OF MODULE:  tre (?C_STARTUP)

  VALUE           TYPE          NAME
  ----------------------------------

  -------         MODULE        ?C_STARTUP
  C:0019H         SEGMENT       ?C_C51STARTUP
  I:0008H         SEGMENT       ?STACK
  C:0000H         PUBLIC        ?C_STARTUP
  D:00E0H         SYMBOL        ACC
  D:00F0H         SYMBOL        B
  D:0083H         SYMBOL        DPH
  D:0082H         SYMBOL        DPL
  N:0000H         SYMBOL        IBPSTACK
  N:0100H         SYMBOL        IBPSTACKTOP
  N:0080H         SYMBOL        IDATALEN
  C:001CH         SYMBOL        IDATALOOP
  N:0000H         SYMBOL        PBPSTACK
  N:0100H         SYMBOL        PBPSTACKTOP
  N:0000H         SYMBOL        PDATALEN
  N:0000H         SYMBOL        PDATASTART
  N:0000H         SYMBOL        PPAGE
  N:0000H         SYMBOL        PPAGEENABLE
  D:00A0H         SYMBOL        PPAGE_SFR
  D:0081H         SYMBOL        SP
  C:0019H         SYMBOL        STARTUP1
  N:0000H         SYMBOL        XBPSTACK
BL51 BANKED LINKER/LOCATER V6.22                                                      04/13/2022  23:39:58  PAGE 2


  N:0000H         SYMBOL        XBPSTACKTOP
  N:0000H         SYMBOL        XDATALEN
  N:0000H         SYMBOL        XDATASTART
  C:0000H         LINE#         126
  C:0019H         LINE#         133
  C:001BH         LINE#         134
  C:001CH         LINE#         135
  C:001DH         LINE#         136
  C:001FH         LINE#         185
  C:0022H         LINE#         196
  -------         ENDMOD        ?C_STARTUP

  -------         MODULE        TERMI
  C:000BH         SYMBOL        AGAIN
  C:0013H         SYMBOL        HERE
  D:0099H         SYMBOL        SBUF
  D:0098H         SYMBOL        SCON
  D:008DH         SYMBOL        TH1
  B:0098H.1       SYMBOL        TI
  D:0089H         SYMBOL        TMOD
  B:0088H.6       SYMBOL        TR1
  C:0011H         SYMBOL        TRANS
  C:0000H         LINE#         2
  C:0003H         LINE#         3
  C:0006H         LINE#         4
  C:0009H         LINE#         5
  C:000BH         LINE#         7
  C:000DH         LINE#         8
  C:000FH         LINE#         9
  C:0011H         LINE#         11
  C:0013H         LINE#         13
  C:0016H         LINE#         14
  C:0018H         LINE#         15
  -------         ENDMOD        TERMI

*** WARNING L5: CODE SPACE MEMORY OVERLAP
    FROM:    0000H
    TO:      0002H

*** WARNING L1: UNRESOLVED EXTERNAL SYMBOL
    SYMBOL:  ?C_START
    MODULE:  STARTUP.obj (?C_STARTUP)

*** WARNING L2: REFERENCE MADE TO UNRESOLVED EXTERNAL
    SYMBOL:  ?C_START
    MODULE:  STARTUP.obj (?C_STARTUP)
    ADDRESS: 0023H

Program Size: data=9.0 xdata=0 code=40
LINK/LOCATE RUN COMPLETE.  3 WARNING(S),  0 ERROR(S)
